******************************************************************************
                  TI ARM Linker PC v20.2.4                     
******************************************************************************
>> Linked Tue Apr 13 13:33:48 2021

OUTPUT FILE NAME:   <empty_CC26X2R1_LAUNCHXL_tirtos_ccs.out>
ENTRY POINT SYMBOL: "ResetISR"  address: 000032e1


MEMORY CONFIGURATION

         name            origin    length      used     unused   attr    fill
----------------------  --------  ---------  --------  --------  ----  --------
  FLASH                 00000000   00058000  000050f7  00052f09  R  X
  GPRAM                 11000000   00002000  00000000  00002000  RW X
  SRAM                  20000000   00014000  0000502d  0000efd3  RW X
  LOG_DATA              90000000   00040000  00000000  00040000  R   


SEGMENT ALLOCATION MAP

run origin  load origin   length   init length attrs members
----------  ----------- ---------- ----------- ----- -------
00000000    00000000    000050a0   000050a0    r-x
  00000000    00000000    0000003c   0000003c    r-- .resetVecs
  0000003c    0000003c    00004858   00004858    r-x .text
  00004894    00004894    00000633   00000633    r-- .const
  00004ec8    00004ec8    000001d8   000001d8    r-- .cinit
00057fa8    00057fa8    00000058   00000058    r--
  00057fa8    00057fa8    00000058   00000058    r-- .ccfg
20000100    20000100    0000000c   00000000    rw-
  20000100    20000100    00000004   00000000    rw- .data:xdcRomConstPtr
  20000104    20000104    00000004   00000000    rw- .data:xdcRomExternFuncPtr
  20000108    20000108    00000004   00000000    rw- .data:xdcRomStatePtr
20000110    20000110    00004000   00000000    r--
  20000110    20000110    00004000   00000000    r-- .priheap
20004110    20004110    00000b4d   00000000    rw-
  20004110    20004110    000005ac   00000000    rw- .data
  200046c0    200046c0    0000059d   00000000    rw- .bss
20013c00    20013c00    00000400   00000000    rw-
  20013c00    20013c00    00000400   00000000    rw- .stack


SECTION ALLOCATION MAP

 output                                  attributes/
section   page    origin      length       input sections
--------  ----  ----------  ----------   ----------------
.binit     0    00000000    00000000     

.cinit     0    00004ec8    000001d8     
                  00004ec8    00000180     (.cinit..data.load) [load image, compression = lzss]
                  00005048    0000000c     (__TI_handler_table)
                  00005054    00000004     --HOLE-- [fill = 0]
                  00005058    00000008     (.cinit..bss.load) [load image, compression = zero_init]
                  00005060    00000008     (.cinit..data:xdcRomConstPtr.load) [load image, compression = lzss]
                  00005068    00000008     (.cinit..data:xdcRomExternFuncPtr.load) [load image, compression = lzss]
                  00005070    00000008     (.cinit..data:xdcRomStatePtr.load) [load image, compression = lzss]
                  00005078    00000028     (__TI_cinit_table)

.init_array 
*          0    00000000    00000000     UNINITIALIZED

.ccfg      0    00057fa8    00000058     
                  00057fa8    00000058     ti_devices_config.obj (.ccfg:retain)

.data      0    20004110    000005ac     UNINITIALIZED
                  20004110    00000170     drivers_cc26x2.a : PowerCC26X2.oem4f (.data:PowerCC26X2_module)
                  20004280    0000010c     release_pem4f.oem4f (.data:ROM_stateStruct)
                  2000438c    00000088     rom_sysbios.aem4f : rom_sysbios.obj (.data:$O1$$)
                  20004414    00000054     release_pem4f.oem4f (.data:ti_sysbios_gates_GateMutex_Object__table__V)
                  20004468    0000004c     release_pem4f.oem4f (.data:ti_sysbios_knl_Task_Object__table__V)
                  200044b4    00000004     ti_drivers_config.obj (.data:gpioCallbackFunctions)
                  200044b8    00000048     release_pem4f.oem4f (.data:ti_sysbios_family_arm_cc26xx_Timer_Object__table__V)
                  20004500    00000030     release_pem4f.oem4f (.data:ti_sysbios_knl_Swi_Module_State_0_readyQ__A)
                  20004530    00000030     release_pem4f.oem4f (.data:ti_sysbios_knl_Swi_Object__table__V)
                  20004560    00000030     release_pem4f.oem4f (.data:ti_sysbios_knl_Task_Module_State_0_readyQ__A)
                  20004590    00000024     driverlib.lib : osc.obj (.data:$O1$$)
                  200045b4    00000020     release_pem4f.oem4f (.data:ti_sysbios_knl_Clock_Object__table__V)
                  200045d4    00000020     release_pem4f.oem4f (.data:xdc_runtime_Error_IgnoreBlock)
                  200045f4    00000018     release_pem4f.oem4f (.data:ti_sysbios_family_arm_m3_Hwi_Object__table__V)
                  2000460c    00000018     release_pem4f.oem4f (.data:ti_sysbios_heaps_HeapMem_Object__table__V)
                  20004624    00000008     rtsv7M4_T_le_v4SPD16_eabi.lib : _lock.c.obj (.data:$O1$$)
                  2000462c    00000008     drivers_cc26x2.a : PINCC26XX.oem4f (.data)
                  20004634    00000008     release_pem4f.oem4f (.data:ti_sysbios_family_arm_m3_Hwi_Module__root__V)
                  2000463c    00000008     release_pem4f.oem4f (.data:ti_sysbios_gates_GateHwi_Module__root__V)
                  20004644    00000008     release_pem4f.oem4f (.data:ti_sysbios_gates_GateMutex_Module__root__V)
                  2000464c    00000008     release_pem4f.oem4f (.data:ti_sysbios_hal_Hwi_Module__root__V)
                  20004654    00000008     release_pem4f.oem4f (.data:ti_sysbios_heaps_HeapMem_Module__root__V)
                  2000465c    00000008     release_pem4f.oem4f (.data:ti_sysbios_knl_Clock_Module__root__V)
                  20004664    00000008     release_pem4f.oem4f (.data:ti_sysbios_knl_Event_Module__root__V)
                  2000466c    00000008     release_pem4f.oem4f (.data:ti_sysbios_knl_Mailbox_Module__root__V)
                  20004674    00000008     release_pem4f.oem4f (.data:ti_sysbios_knl_Queue_Module__root__V)
                  2000467c    00000008     release_pem4f.oem4f (.data:ti_sysbios_knl_Semaphore_Module__root__V)
                  20004684    00000008     release_pem4f.oem4f (.data:ti_sysbios_knl_Swi_Module__root__V)
                  2000468c    00000008     release_pem4f.oem4f (.data:ti_sysbios_knl_Task_Module__root__V)
                  20004694    00000008     release_pem4f.oem4f (.data:xdc_runtime_System_Module_State_0_atexitHandlers__A)
                  2000469c    00000005     drivers_cc26x2.a : GPIOCC26XX.oem4f (.data)
                  200046a1    00000001     --HOLE--
                  200046a2    00000002     release_pem4f.oem4f (.data:ti_sysbios_family_arm_m3_Hwi_Module_State_0_excActive__A)
                  200046a4    00000004     ti_drivers_config.obj (.data:gpioPinConfigs)
                  200046a8    00000004     drivers_cc26x2.a : GPIOCC26XX.oem4f (.data:gpioPinTable)
                  200046ac    00000004     rtsv7M4_T_le_v4SPD16_eabi.lib : stkdepth_vars.c.obj (.data)
                  200046b0    00000004     release_pem4f.oem4f (.data:ti_sysbios_family_arm_m3_Hwi_Module_State_0_excContext__A)
                  200046b4    00000004     release_pem4f.oem4f (.data:ti_sysbios_family_arm_m3_Hwi_Module_State_0_excStack__A)
                  200046b8    00000004     release_pem4f.oem4f (.data:ti_sysbios_knl_Task_Module_State_0_idleTask__A)

.bss       0    200046c0    0000059d     UNINITIALIZED
                  200046c0    00000200     release_pem4f.oem4f (.bss:taskStackSection)
                  200048c0    00000144     (.common:i2cCC26xxObjects)
                  20004a04    000000d8     (.common:ti_sysbios_family_arm_m3_Hwi_dispatchTable)
                  20004adc    0000007c     (.common:pinHandleTable)
                  20004b58    00000050     drivers_cc26x2.a : PINCC26XX.oem4f (.bss:pinSemaphore)
                  20004ba8    00000034                      : PINCC26XX.oem4f (.bss:pinSwi)
                  20004bdc    00000020                      : GPIOCC26XX.oem4f (.bss:gpioCallbackInfo)
                  20004bfc    00000020                      : PINCC26XX.oem4f (.bss:pinGpioConfigTable)
                  20004c1c    0000001c                      : PINCC26XX.oem4f (.bss:pinHwi)
                  20004c38    0000000c                      : GPIOCC26XX.oem4f (.bss:gpioPinState)
                  20004c44    00000008                      : GPIOCC26XX.oem4f (.bss)
                  20004c4c    00000004                      : PINCC26XX.oem4f (.bss)
                  20004c50    00000004     rtsv7M4_T_le_v4SPD16_eabi.lib : new.cpp.obj (.bss)
                  20004c54    00000004     (.common:PowerCC26XX_swiKey)
                  20004c58    00000004     (.common:PowerCC26XX_taskKey)
                  20004c5c    00000001     (.common:driverlib_release_0_59848)

.stack     0    20013c00    00000400     UNINITIALIZED
                  20013c00    00000400     --HOLE--

.priheap   0    20000110    00004000     UNINITIALIZED
                  20000110    00004000     --HOLE--

.log_data 
*          0    90000000    00000000     COPY SECTION

.data:xdcRomConstPtr 
*          0    20000100    00000004     UNINITIALIZED
                  20000100    00000004     release_pem4f.oem4f (.data:xdcRomConstPtr)

.data:xdcRomExternFuncPtr 
*          0    20000104    00000004     UNINITIALIZED
                  20000104    00000004     release_pem4f.oem4f (.data:xdcRomExternFuncPtr)

.data:xdcRomStatePtr 
*          0    20000108    00000004     UNINITIALIZED
                  20000108    00000004     release_pem4f.oem4f (.data:xdcRomStatePtr)

.bootVecs 
*          0    00000000    00000008     DSECT
                  00000000    00000008     boot.aem4f : boot.oem4f (.bootVecs)

.resetVecs 
*          0    00000000    0000003c     
                  00000000    0000003c     release_pem4f.oem4f (.resetVecs)

.vecs      0    20000000    000000d8     NOLOAD SECTION
                  20000000    000000d8     release_pem4f.oem4f (.vecs)

xdc.meta   0    00000000    0000010d     COPY SECTION
                  00000000    0000010d     release_pem4f.oem4f (xdc.meta)

xdc.noload 
*          0    00000000    00000000     COPY SECTION

__llvm_prf_cnts 
*          0    20000000    00000000     UNINITIALIZED

.text      0    0000003c    00004858     
                  0000003c    00000224     empty.obj (.text:mainThread)
                  00000260    000001e0     drivers_cc26x2.a : PINCC26XX.oem4f (.text:PIN_init)
                  00000440    000001b6     rtsv7M4_T_le_v4SPD16_eabi.lib : fd_add_t2.asm.obj (.text)
                  000005f6    00000002     ti_drivers_config.obj (.text:Board_initHook)
                  000005f8    00000198     drivers_cc26x2.a : PowerCC26X2.oem4f (.text:Power_sleep)
                  00000790    00000190                      : PowerCC26X2_calibrateRCOSC.oem4f (.text:calibrateRcoscHf1)
                  00000920    0000018c                      : PowerCC26X2_calibrateRCOSC.oem4f (.text:runCalibrateFsm)
                  00000aac    00000188     release_pem4f.oem4f (.text:xdc_runtime_System_printfExtend__I)
                  00000c34    00000174     drivers_cc26x2.a : PowerCC26X2.oem4f (.text:Power_init)
                  00000da8    00000158     rtsv7M4_T_le_v4SPD16_eabi.lib : e_sqrt.c.obj (.text:sqrt)
                  00000f00    00000150                                   : s_atanf.c.obj (.text:atanf)
                  00001050    00000136                                   : fd_div_t2.asm.obj (.text)
                  00001186    00000122     drivers_cc26x2.a : I2C.oem4f (.text:I2C_transferTimeout)
                  000012a8    00000120                      : PowerCC26X2.oem4f (.text:configureXOSCHF)
                  000013c8    00000114                      : PINCC26XX.oem4f (.text:PINCC26XX_setIoCfg)
                  000014dc    00000110                      : GPIOCC26XX.oem4f (.text:GPIO_setConfig)
                  000015ec    00000110                      : I2CCC26XX.oem4f (.text:I2C_open)
                  000016fc    000000fc     rtsv7M4_T_le_v4SPD16_eabi.lib : fd_mul_t2.asm.obj (.text)
                  000017f8    000000f0     driverlib.lib : sys_ctrl.obj (.text:NOROM_SysCtrlStandby)
                  000018e8    000000ec     drivers_cc26x2.a : I2CCC26XX.oem4f (.text:I2CCC26XX_hwiFxn)
                  000019d4    000000ec     rom_sysbios.aem4f : rom_sysbios.obj (.text:pthread_create)
                  00001ac0    000000c8     dpl_cc26x2.a : PowerCC26X2_tirtos.oem4f (.text:PowerCC26XX_standbyPolicy)
                  00001b88    000000c4     drivers_cc26x2.a : GPIOCC26XX.oem4f (.text:GPIO_init)
                  00001c4c    000000c0                      : PowerCC26X2.oem4f (.text:Power_releaseDependency)
                  00001d0c    000000ba                      : I2CCC26XX.oem4f (.text:I2CCC26XX_swiFxn)
                  00001dc6    00000002                      : I2C.oem4f (.text:I2C_init)
                  00001dc8    000000b8                      : PowerCC26X2.oem4f (.text:Power_setDependency)
                  00001e80    000000ac                      : PINCC26XX.oem4f (.text:PIN_open)
                  00001f2c    000000ac     driverlib.lib : setup.obj (.text:TrimAfterColdResetWakeupFromShutDown)
                  00001fd8    000000a0     auto_init.aem4f : auto_init.oem4f (.text)
                  00002078    000000a0     rom_sysbios.aem4f : rom_sysbios.obj (.text:ti_sysbios_knl_Task_setPri__E)
                  00002118    0000009c     rtsv7M4_T_le_v4SPD16_eabi.lib : memcpy_t2.asm.obj (.text)
                  000021b4    00000098     driverlib.lib : setup.obj (.text:NOROM_SetupTrimDevice)
                  0000224c    00000096     rtsv7M4_T_le_v4SPD16_eabi.lib : ull_div_t2.asm.obj (.text)
                  000022e2    00000092     I2Cdev.obj (.text:_ZN6I2Cdev10writeBytesEhhhPh)
                  00002374    0000008c     I2Cdev.obj (.text:_ZN6I2Cdev9writeBitsEhhhhh)
                  00002400    00000088     drivers_cc26x2.a : I2CCC26XX.oem4f (.text:I2CSupport_primeTransfer)
                  00002488    00000088     driverlib.lib : osc.obj (.text:NOROM_OSCHF_AttemptToSwitchToXosc)
                  00002510    00000088     rom_sysbios.aem4f : rom_sysbios.obj (.text:_pthread_removeThreadKeys)
                  00002598    00000088     drivers_cc26x2.a : PowerCC26X2_calibrateRCOSC.oem4f (.text:calibrateRcoscHf2)
                  00002620    00000088                      : PowerCC26X2.oem4f (.text:disableLFClockQualifiers)
                  000026a8    00000088                      : PowerCC26X2_calibrateRCOSC.oem4f (.text:updateSubSecInc)
                  00002730    00000086     rtsv7M4_T_le_v4SPD16_eabi.lib : fd_cmp_t2.asm.obj (.text:__aeabi_cdcmple)
                  000027b6    00000086                                   : fd_cmp_t2.asm.obj (.text:__aeabi_cdrcmple)
                  0000283c    00000084     ti_drivers_config.obj (.text:Board_sendExtFlashByte)
                  000028c0    00000084     rom_sysbios.aem4f : rom_sysbios.obj (.text:ti_sysbios_family_arm_m3_Hwi_excHandlerMin__I)
                  00002944    00000080     driverlib.lib : sys_ctrl.obj (.text:NOROM_SysCtrlSetRechargeBeforePowerDown)
                  000029c4    00000080     rom_sysbios.aem4f : rom_sysbios.obj (.text:ti_sysbios_family_arm_cc26xx_Timer_start__E)
                  00002a44    0000007a     rtsv7M4_T_le_v4SPD16_eabi.lib : memset_t2.asm.obj (.text)
                  00002abe    00000078     I2Cdev.obj (.text:_ZN6I2Cdev9readBytesEhhhPh)
                  00002b36    00000078     kalman.obj (.text:_ZN6Kalman12KalmanUpdateEf)
                  00002bae    00000076     rom_sysbios.aem4f : rom_sysbios.obj (.text:ti_sysbios_heaps_HeapMem_allocUnprotected__E)
                  00002c24    00000074     drivers_cc26x2.a : PowerCC26X2_calibrateRCOSC.oem4f (.text:PowerCC26X2_auxISR)
                  00002c98    00000070                      : PINCC26XX.oem4f (.text:PIN_add)
                  00002d08    0000006e     rtsv7M4_T_le_v4SPD16_eabi.lib : fd_tos_t2.asm.obj (.text)
                  00002d76    00000002                                   : _lock.c.obj (.text:_nop)
                  00002d78    0000006d     rom_sysbios.aem4f : rom_sysbios.obj (.text:xdc_runtime_System_formatNum__I)
                  00002de5    00000001     --HOLE-- [fill = 0]
                  00002de6    00000002     drivers_cc26x2.a : PowerCC26X2.oem4f (.text:emptyClockFunc)
                  00002de8    0000006c     driverlib.lib : chipinfo.obj (.text:NOROM_ChipInfo_GetChipType)
                  00002e54    00000068                   : osc.obj (.text:NOROM_OSCHF_SwitchToRcOscTurnOffXosc)
                  00002ebc    00000068     rtsv7M4_T_le_v4SPD16_eabi.lib : copy_decompress_lzss.c.obj (.text:decompress:lzss:__TI_decompress_lzss)
                  00002f24    00000064     drivers_cc26x2.a : I2CCC26XX.oem4f (.text:I2CCC26XX_initIO)
                  00002f88    00000064     MPU6050.obj (.text:_ZN7MPU605011getRotationEPsS0_S0_)
                  00002fec    00000064     MPU6050.obj (.text:_ZN7MPU605015getAccelerationEPsS0_S0_)
                  00003050    00000064     main_tirtos.obj (.text:main)
                  000030b4    00000060     drivers_cc26x2.a : GPIOCC26XX.oem4f (.text:GPIO_write)
                  00003114    0000005e     I2Cdev.obj (.text:_ZN6I2Cdev8writeBitEhhhh)
                  00003172    00000002     rtsv7M4_T_le_v4SPD16_eabi.lib : div0.asm.obj (.text)
                  00003174    0000005c     drivers_cc26x2.a : PINCC26XX.oem4f (.text:PIN_remove)
                  000031d0    0000005c     rom_sysbios.aem4f : rom_sysbios.obj (.text:ti_sysbios_heaps_HeapMem_initPrimary__I)
                  0000322c    0000005c     release_pem4f.oem4f (.text:xdc_runtime_Startup_getState__I)
                  00003288    00000058     drivers_cc26x2.a : PowerCC26X2_calibrateRCOSC.oem4f (.text:PowerCC26X2_initiateCalibration)
                  000032e0    00000058     boot.aem4f : boot.oem4f (.text)
                  00003338    00000058     rom_sysbios.aem4f : rom_sysbios.obj (.text:pthread_exit)
                  00003390    00000058                       : rom_sysbios.obj (.text:ti_sysbios_heaps_HeapMem_alloc__E)
                  000033e8    00000054     driverlib.lib : prcm.obj (.text:NOROM_PRCMPowerDomainsAllOff)
                  0000343c    00000054     dpl_cc26x2.a : SwiP_tirtos.oem4f (.text:SwiP_construct)
                  00003490    0000004c     ti_drivers_config.obj (.text:Board_wakeUpExtFlash)
                  000034dc    0000004c     driverlib.lib : prcm.obj (.text:NOROM_PRCMPowerDomainsAllOn)
                  00003528    0000004c     empty.obj (.text:_ZN6KalmanC1Ev)
                  00003574    0000004c     rtsv7M4_T_le_v4SPD16_eabi.lib : cpy_tbl.c.obj (.text:copy_in)
                  000035c0    00000048     drivers_cc26x2.a : I2CCC26XX.oem4f (.text:I2CCC26XX_initHw)
                  00003608    00000048                      : PowerCC26X2_calibrateRCOSC.oem4f (.text:PowerCC26X2_RCOSC_clockFunc)
                  00003650    00000048                      : PowerCC26X2.oem4f (.text:switchXOSCHF)
                  00003698    00000044     driverlib.lib : chipinfo.obj (.text:NOROM_ChipInfo_GetHwRevision)
                  000036dc    00000044     drivers_cc26x2.a : PINCC26XX.oem4f (.text:PIN_swi)
                  00003720    00000044     rtsv7M4_T_le_v4SPD16_eabi.lib : fd_tou_t2.asm.obj (.text)
                  00003764    00000040     ti_drivers_config.obj (.text:Board_shutDownExtFlash)
                  000037a4    00000040     dpl_cc26x2.a : ClockP_tirtos.oem4f (.text:ClockP_construct)
                  000037e4    00000040     driverlib.lib : osc.obj (.text:NOROM_OSC_HPOSCRelativeFrequencyOffsetGet)
                  00003824    00000040     rtsv7M4_T_le_v4SPD16_eabi.lib : u_divt2.asm.obj (.text)
                  00003864    00000040     rom_sysbios.aem4f : rom_sysbios.obj (.text:ti_sysbios_family_arm_cc26xx_Timer_setThreshold__I)
                  000038a4    0000003e     dpl_cc26x2.a : HwiP_tirtos.oem4f (.text:HwiP_construct)
                  000038e2    00000002     release_pem4f.oem4f (.text:ti_sysbios_BIOS_nullFunc__I)
                  000038e4    0000003c     drivers_cc26x2.a : PINCC26XX.oem4f (.text:PIN_setOutputValue)
                  00003920    0000003c     rom_sysbios.aem4f : rom_sysbios.obj (.text:sleep)
                  0000395c    0000003c                       : rom_sysbios.obj (.text:ti_sysbios_family_arm_m3_Hwi_construct2__E)
                  00003998    0000003a     I2Cdev.obj (.text:_ZN6I2CdevC1E11I2C_BitRateh)
                  000039d2    00000002     rom_sysbios.aem4f : rom_sysbios.obj (.text:xdc_runtime_SysCallback_defaultAbort)
                  000039d4    00000038     drivers_cc26x2.a : PINCC26XX.oem4f (.text:PIN_setConfig)
                  00003a0c    00000038                      : PowerCC26X2.oem4f (.text:notify)
                  00003a44    00000038     rtsv7M4_T_le_v4SPD16_eabi.lib : fs_tod_t2.asm.obj (.text)
                  00003a7c    00000036     rom_sysbios.aem4f : rom_sysbios.obj (.text:ti_sysbios_family_arm_cc26xx_Timer_setNextTick__E)
                  00003ab2    00000002                       : rom_sysbios.obj (.text:xdc_runtime_SysCallback_defaultExit)
                  00003ab4    00000034     drivers_cc26x2.a : GPIOCC26XX.oem4f (.text:GPIO_toggle)
                  00003ae8    00000034     driverlib.lib : aux_sysif.obj (.text:NOROM_AUXSYSIFOpModeChange)
                  00003b1c    00000034                   : sys_ctrl.obj (.text:NOROM_SysCtrlIdle)
                  00003b50    00000030     drivers_cc26x2.a : GPIOCC26XX.oem4f (.text:GPIO_hwiIntFxn)
                  00003b80    00000030                      : GPIOCC26XX.oem4f (.text:GPIO_setCallback)
                  00003bb0    00000030                      : PINCC26XX.oem4f (.text:PINCC26XX_setMux)
                  00003be0    00000030                      : PowerCC26X2.oem4f (.text:Power_releaseConstraint)
                  00003c10    00000030                      : PowerCC26X2.oem4f (.text:Power_setConstraint)
                  00003c40    00000030     release_pem4f.oem4f (.text:ti_sysbios_BIOS_atExitFunc__I)
                  00003c70    00000030     release_pem4f.oem4f (.text:ti_sysbios_BIOS_startFunc__I)
                  00003ca0    00000030     rom_sysbios.aem4f : rom_sysbios.obj (.text:ti_sysbios_family_arm_cc26xx_Timer_getCurrentTick__E)
                  00003cd0    00000030                       : rom_sysbios.obj (.text:ti_sysbios_family_arm_cc26xx_Timer_initDevice__I)
                  00003d00    00000030     release_pem4f.oem4f (.text:ti_sysbios_rts_MemAlloc_alloc)
                  00003d30    0000002e     rtsv7M4_T_le_v4SPD16_eabi.lib : i_tofd_t2.asm.obj (.text)
                  00003d5e    0000002c     dpl_cc26x2.a : SemaphoreP_tirtos.oem4f (.text:SemaphoreP_constructBinary)
                  00003d8a    00000002     rom_sysbios.aem4f : rom_sysbios.obj (.text:xdc_runtime_SysCallback_defaultFlush)
                  00003d8c    0000002c     dpl_cc26x2.a : SemaphoreP_tirtos.oem4f (.text:SemaphoreP_createBinary)
                  00003db8    0000002c     rom_sysbios.aem4f : rom_sysbios.obj (.text:_pthread_delete$45)
                  00003de4    0000002c                       : rom_sysbios.obj (.text:pthread_setcancelstate)
                  00003e10    0000002c                       : rom_sysbios.obj (.text:ti_sysbios_knl_Clock_getTicksUntilInterrupt__E)
                  00003e3c    0000002a     I2Cdev.obj (.text:_ZN6I2Cdev8readByteEhhPh)
                  00003e66    0000002a     MPU6050.obj (.text:_ZN7MPU605014setClockSourceEh)
                  00003e90    0000002a     MPU6050.obj (.text:_ZN7MPU605021setFullScaleGyroRangeEh)
                  00003eba    0000002a     MPU6050.obj (.text:_ZN7MPU605022setFullScaleAccelRangeEh)
                  00003ee4    00000028     drivers_cc26x2.a : PowerCC26X2.oem4f (.text:Power_registerNotify)
                  00003f0c    00000028     I2Cdev.obj (.text:_ZN6I2Cdev9writeByteEhhh)
                  00003f34    00000028     drivers_cc26x2.a : PowerCC26X2.oem4f (.text:oscillatorISR)
                  00003f5c    00000026                      : I2C.oem4f (.text:I2C_cancel)
                  00003f82    00000026                      : List.oem4f (.text:List_put)
                  00003fa8    00000026     MPU6050.obj (.text:_ZN7MPU605010initializeEv)
                  00003fce    00000026     MPU6050.obj (.text:_ZN7MPU6050C1Eh)
                  00003ff4    00000024     driverlib.lib : osc.obj (.text:NOROM_OSCHF_TurnOnXosc)
                  00004018    00000024     rom_sysbios.aem4f : rom_sysbios.obj (.text:_pthread_cleanupFxn)
                  0000403c    00000024     drivers_cc26x2.a : PowerCC26X2_calibrateRCOSC.oem4f (.text:getTdcSemaphore)
                  00004060    00000024     rom_sysbios.aem4f : rom_sysbios.obj (.text:pthread_attr_init)
                  00004084    00000024     release_pem4f.oem4f (.text:ti_sysbios_BIOS_registerRTSLock__I)
                  000040a8    00000024     release_pem4f.oem4f (.text:ti_sysbios_BIOS_removeRTSLock__I)
                  000040cc    00000024     rom_sysbios.aem4f : rom_sysbios.obj (.text:ti_sysbios_family_arm_cc26xx_Timer_getMaxTicks__E)
                  000040f0    00000022     rtsv7M4_T_le_v4SPD16_eabi.lib : new.cpp.obj (.text:_Znwj)
                  00004112    00000002     rom_sysbios.aem4f : rom_sysbios.obj (.text:xdc_runtime_SysCallback_defaultPutch)
                  00004114    00000020     ti_drivers_config.obj (.text:Board_init)
                  00004134    00000020     drivers_cc26x2.a : PINCC26XX.oem4f (.text:PINCC26XX_setIoCfgMux)
                  00004154    00000020     MPU6050.obj (.text:_ZN7MPU605015setSleepEnabledEb)
                  00004174    00000020     rtsv7M4_T_le_v4SPD16_eabi.lib : u_tofd_t2.asm.obj (.text)
                  00004194    00000020     release_pem4f.oem4f (.text:ti_sysbios_BIOS_rtsLock__I)
                  000041b4    00000020     rom_sysbios.aem4f : rom_sysbios.obj (.text:ti_sysbios_family_arm_cc26xx_Timer_dynamicStub__E)
                  000041d4    00000020                       : rom_sysbios.obj (.text:xdc_runtime_Error_policyMin__E)
                  000041f4    0000001e     drivers_cc26x2.a : PINCC26XX.oem4f (.text:PIN_close)
                  00004212    0000001e                      : PowerCC26X2.oem4f (.text:Power_getTransitionLatency)
                  00004230    0000001c     driverlib.lib : chipinfo.obj (.text:NOROM_ChipInfo_GetChipFamily)
                  0000424c    0000001c     drivers_cc26x2.a : PINCC26XX.oem4f (.text:PIN_hwi)
                  00004268    0000001c     dpl_cc26x2.a : PowerCC26X2_tirtos.oem4f (.text:PowerCC26XX_schedulerDisable)
                  00004284    0000001c                  : PowerCC26X2_tirtos.oem4f (.text:PowerCC26XX_schedulerRestore)
                  000042a0    0000001c     empty.obj (.text:_Z4sqrtIiENSt3__29enable_ifIXsr3std3__211is_integralIT_EE5valueEdE4typeES2_)
                  000042bc    0000001c     rom_sysbios.aem4f : rom_sysbios.obj (.text:ti_sysbios_knl_Swi_construct2__E)
                  000042d8    0000001c     release_pem4f.oem4f (.text:xdc_runtime_Startup_exec__I)
                  000042f4    0000001a     drivers_cc26x2.a : PowerCC26X2.oem4f (.text:PowerCC26XX_calibrate)
                  0000430e    0000001a     kalman.obj (.text:_ZN6Kalman9getResultEf)
                  00004328    0000001a     release_pem4f.oem4f (.text:free)
                  00004342    00000002     --HOLE-- [fill = 0]
                  00004344    00000018     driverlib.lib : chipinfo.obj (.text:NOROM_ChipInfo_GetPackageType)
                  0000435c    00000018     drivers_cc26x2.a : PowerCC26X2.oem4f (.text:Power_idleFunc)
                  00004374    00000018     rtsv7M4_T_le_v4SPD16_eabi.lib : args_main.c.obj (.text:_args_main)
                  0000438c    00000018                                   : ll_mul_t2.asm.obj (.text)
                  000043a4    00000018     drivers_cc26x2.a : PowerCC26X2.oem4f (.text:switchToTCXO)
                  000043bc    00000018     release_pem4f.oem4f (.text:ti_sysbios_BIOS_rtsUnlock__I)
                  000043d4    00000018     rom_sysbios.aem4f : rom_sysbios.obj (.text:ti_sysbios_knl_Swi_or__E)
                  000043ec    00000018                       : rom_sysbios.obj (.text:ti_sysbios_rts_ti_ReentSupport_getReent__F)
                  00004404    00000018                       : rom_sysbios.obj (.text:xdc_runtime_Error_init__E)
                  0000441c    00000016     driverlib.lib : chipinfo.obj (.text:NOROM_ThisLibraryIsFor_CC13x2_CC26x2_HwRev20AndLater_HaltIfViolated)
                  00004432    00000016     rom_sysbios.aem4f : rom_sysbios.obj (.text:_pthread_cleanup_pop)
                  00004448    00000016     release_pem4f.oem4f (.text:ti_sysbios_BIOS_exitFunc__I)
                  0000445e    00000002     --HOLE-- [fill = 0]
                  00004460    00000014     drivers_cc26x2.a : I2CCC26XX.oem4f (.text:I2CSupport_masterFinish)
                  00004474    00000014                      : I2C.oem4f (.text:I2C_transfer)
                  00004488    00000014                      : PowerCC26X2_calibrateRCOSC.oem4f (.text:PowerCC26X2_calibrate)
                  0000449c    00000014     rom_sysbios.aem4f : rom_sysbios.obj (.text:pthread_attr_setschedparam)
                  000044b0    00000014                       : rom_sysbios.obj (.text:ti_sysbios_family_arm_cc26xx_Timer_getCount64__E)
                  000044c4    00000014     release_pem4f.oem4f (.text:ti_sysbios_knl_Clock_doTick__I)
                  000044d8    00000012     dpl_cc26x2.a : SemaphoreP_tirtos.oem4f (.text:SemaphoreP_pend)
                  000044ea    00000012     rom_sysbios.aem4f : rom_sysbios.obj (.text:_pthread_runStub$45)
                  000044fc    00000010     dpl_cc26x2.a : HwiP_tirtos.oem4f (.text:HwiP_Params_init)
                  0000450c    00000010     drivers_cc26x2.a : I2CCC26XX.oem4f (.text:I2CCC26XX_postNotify)
                  0000451c    00000010                      : I2C.oem4f (.text:I2C_Params_init)
                  0000452c    00000010                      : PINCC26XX.oem4f (.text:PINCC26XX_getPinCount)
                  0000453c    00000010     dpl_cc26x2.a : SwiP_tirtos.oem4f (.text:SwiP_Params_init)
                  0000454c    0000000e     rtsv7M4_T_le_v4SPD16_eabi.lib : copy_decompress_none.c.obj (.text:decompress:none:__TI_decompress_none)
                  0000455a    0000000e     rom_sysbios.aem4f : rom_sysbios.obj (.text:pthread_attr_setdetachstate)
                  00004568    0000000e                       : rom_sysbios.obj (.text:ti_sysbios_family_arm_cc26xx_TimestampProvider_get32__E)
                  00004576    00000002     --HOLE-- [fill = 0]
                  00004578    0000000c     dpl_cc26x2.a : ClockP_tirtos.oem4f (.text:ClockP_getSystemTickPeriod)
                  00004584    0000000c     driverlib.lib : cpu.obj (.text:NOROM_CPUcpsid)
                  00004590    0000000c                   : cpu.obj (.text:NOROM_CPUcpsie)
                  0000459c    0000000c     drivers_cc26x2.a : PINCC26XX.oem4f (.text:PIN_registerIntCb)
                  000045a8    0000000c                      : PowerCC26X2.oem4f (.text:Power_getConstraintMask)
                  000045b4    0000000c                      : PowerCC26X2.oem4f (.text:Power_getDependencyCount)
                  000045c0    0000000c     dpl_cc26x2.a : SemaphoreP_tirtos.oem4f (.text:SemaphoreP_delete)
                  000045cc    0000000c     rtsv7M4_T_le_v4SPD16_eabi.lib : new.cpp.obj (.text:_ZSt15get_new_handlerv)
                  000045d8    0000000c                                   : _lock.c.obj (.text:_register_lock)
                  000045e4    0000000c                                   : _lock.c.obj (.text:_register_unlock)
                  000045f0    0000000c                                   : copy_zero_init.c.obj (.text:decompress:ZI:__TI_zero_init)
                  000045fc    0000000c     rom_sysbios.aem4f : rom_sysbios.obj (.text:pthread_self)
                  00004608    0000000c                       : rom_sysbios.obj (.text:ti_sysbios_knl_Queue_insert__E)
                  00004614    0000000c                       : rom_sysbios.obj (.text:ti_sysbios_knl_Swi_getTrigger__E)
                  00004620    0000000a     dpl_cc26x2.a : ClockP_tirtos.oem4f (.text:ClockP_Params_init)
                  0000462a    0000000a     release_pem4f.oem4f (.text:ti_sysbios_rts_ti_ReentSupport_getTlsAddr__I)
                  00004634    00000008     drivers_cc26x2.a : I2CCC26XX.oem4f (.text:I2CCC26XX_blockingCallback)
                  0000463c    00000008     release_pem4f.oem4f (.text:xdc_runtime_Text_visitRope__I)
                  00004644    00000006     drivers_cc26x2.a : I2CCC26XX.oem4f (.text:I2CSupport_powerRelConstraint)
                  0000464a    00000006                      : I2CCC26XX.oem4f (.text:I2CSupport_powerSetConstraint)
                  00004650    00000006     driverlib.lib : cpu.obj (.text:NOROM_CPUdelay)
                  00004656    00000006     drivers_cc26x2.a : PowerCC26X2.oem4f (.text:delayUs)
                  0000465c    00000006     rom_sysbios.aem4f : rom_sysbios.obj (.text:pthread_attr_setstacksize)
                  00004662    00000004     dpl_cc26x2.a : PowerCC26X2_tirtos.oem4f (.text:CPUwfi)
                  00004666    00000004                  : ClockP_tirtos.oem4f (.text:ClockP_getCpuFreq)
                  0000466a    00000004                  : ClockP_tirtos.oem4f (.text:ClockP_start)
                  0000466e    00000004                  : ClockP_tirtos.oem4f (.text:ClockP_stop)
                  00004672    00000004                  : HwiP_tirtos.oem4f (.text:HwiP_disable)
                  00004676    00000004                  : HwiP_tirtos.oem4f (.text:HwiP_disableInterrupt)
                  0000467a    00000004                  : HwiP_tirtos.oem4f (.text:HwiP_enableInterrupt)
                  0000467e    00000004                  : SemaphoreP_tirtos.oem4f (.text:SemaphoreP_post)
                  00004682    00000004                  : SwiP_tirtos.oem4f (.text:SwiP_getTrigger)
                  00004686    00000004                  : SwiP_tirtos.oem4f (.text:SwiP_or)
                  0000468a    00000004                  : SwiP_tirtos.oem4f (.text:SwiP_post)
                  0000468e    00000004     rom_sysbios.aem4f : rom_sysbios.obj (.text:__aeabi_errno_addr)
                  00004692    00000004     drivers_cc26x2.a : PowerCC26X2.oem4f (.text:configureRFCoreClocks)
                  00004696    00000004                      : PowerCC26X2.oem4f (.text:nopResourceHandler)
                  0000469a    00000004     rom_sysbios.aem4f : rom_sysbios.obj (.text:ti_sysbios_knl_Task_getArg1__E)
                  0000469e    00000004                       : rom_sysbios.obj (.text:ti_sysbios_knl_Task_getEnv__E)
                  000046a2    00000004     release_pem4f.oem4f (.text:xdc_runtime_Startup_reset__I)
                  000046a6    00000004     rom_sysbios.aem4f : rom_sysbios.obj (.text:xdc_runtime_SysCallback_defaultReady)
                  000046aa    00000002     --HOLE-- [fill = 0]
                  000046ac    00000008     (.tramp.ti_sysbios_family_arm_m3_Hwi_enableInterrupt__E.1)
                  000046b4    00000008     (.tramp.ti_sysbios_family_arm_m3_Hwi_disableInterrupt__E.1)
                  000046bc    00000008     (.tramp.ti_sysbios_family_arm_m3_Hwi_disableFxn__E.1)
                  000046c4    00000008     (.tramp.ti_sysbios_BIOS_getCpuFreq__E.1)
                  000046cc    00000008     (.tramp.ti_sysbios_knl_Task_self__E.1)
                  000046d4    00000008     (.tramp.ti_sysbios_knl_Semaphore_delete.1)
                  000046dc    00000008     (.tramp.ti_sysbios_knl_Clock_logTick__E.1)
                  000046e4    00000008     (.tramp.ti_sysbios_BIOS_getThreadType__E.1)
                  000046ec    00000008     (.tramp.ti_sysbios_knl_Swi_post__E.1)
                  000046f4    00000008     (.tramp.ti_sysbios_BIOS_RtsGateProxy_leave__E.1)
                  000046fc    00000008     (.tramp.ti_sysbios_knl_Swi_construct.1)
                  00004704    00000008     (.tramp.ti_sysbios_knl_Swi_restore__E.1)
                  0000470c    00000008     (.tramp.ti_sysbios_BIOS_RtsGateProxy_enter__E.1)
                  00004714    00000008     (.tramp.ti_sysbios_knl_Clock_TimerProxy_getCurrentTick__E.1)
                  0000471c    00000008     (.tramp.ti_sysbios_knl_Task_delete.1)
                  00004724    00000008     (.tramp.ti_sysbios_knl_Semaphore_destruct.1)
                  0000472c    00000008     (.tramp.ti_sysbios_knl_Semaphore_create.1)
                  00004734    00000008     (.tramp.ti_sysbios_knl_Task_startup__E.1)
                  0000473c    00000008     (.tramp.ti_sysbios_knl_Swi_startup__E.1)
                  00004744    00000008     (.tramp.ti_sysbios_hal_Hwi_startup__E.1)
                  0000474c    00000008     (.tramp.ti_sysbios_family_arm_cc26xx_Timer_startup__E.1)
                  00004754    00000008     (.tramp.xdc_runtime_System_atexit__E.1)
                  0000475c    00000008     (.tramp.ti_sysbios_BIOS_linkedWithIncorrectBootLibrary__E.1)
                  00004764    00000008     (.tramp.xdc_runtime_Startup_rtsDone__E.1)
                  0000476c    00000008     (.tramp.ti_sysbios_knl_Swi_disable__E.1)
                  00004774    00000008     (.tramp.ti_sysbios_family_arm_m3_Hwi_construct.1)
                  0000477c    00000008     (.tramp.ti_sysbios_knl_Task_sleep__E.1)
                  00004784    00000008     (.tramp.ti_sysbios_family_arm_m3_Hwi_Params__init__S.1)
                  0000478c    00000008     (.tramp.ti_sysbios_knl_Clock_construct.1)
                  00004794    00000008     (.tramp.ti_sysbios_knl_Clock_Params__init__S.1)
                  0000479c    00000008     (.tramp.ti_sysbios_knl_Swi_Params__init__S.1)
                  000047a4    00000008     (.tramp.ti_sysbios_heaps_HeapMem_Module_GateProxy_leave__E.1)
                  000047ac    00000008     (.tramp.ti_sysbios_heaps_HeapMem_Module_GateProxy_enter__E.1)
                  000047b4    00000008     (.tramp.xdc_runtime_System_exit__E.1)
                  000047bc    00000008     (.tramp.ti_sysbios_heaps_HeapMem_restore__E.1)
                  000047c4    00000008     (.tramp.ti_sysbios_heaps_HeapMem_Object__get__S.1)
                  000047cc    00000008     (.tramp.ti_sysbios_BIOS_start__E.1)
                  000047d4    00000008     (.tramp.xdc_runtime_Error_raiseX__E.1)
                  000047dc    00000008     (.tramp.ti_sysbios_BIOS_setThreadType__E.1)
                  000047e4    00000008     (.tramp.ti_sysbios_family_arm_m3_Hwi_excFillContext__I.1)
                  000047ec    00000008     (.tramp.ti_sysbios_knl_Semaphore_post__E.1)
                  000047f4    00000008     (.tramp.xdc_runtime_Memory_free__E.1)
                  000047fc    00000008     (.tramp.ti_sysbios_knl_Queue_next__E.1)
                  00004804    00000008     (.tramp.ti_sysbios_knl_Queue_head__E.1)
                  0000480c    00000008     (.tramp.ti_sysbios_knl_Semaphore_pend__E.1)
                  00004814    00000008     (.tramp.ti_sysbios_knl_Task_restore__E.1)
                  0000481c    00000008     (.tramp.ti_sysbios_knl_Queue_enqueue__E.1)
                  00004824    00000008     (.tramp.ti_sysbios_knl_Queue_empty__E.1)
                  0000482c    00000008     (.tramp.ti_sysbios_knl_Queue_remove__E.1)
                  00004834    00000008     (.tramp.ti_sysbios_knl_Task_disable__E.1)
                  0000483c    00000008     (.tramp.ti_sysbios_knl_Clock_stop__E.1)
                  00004844    00000008     (.tramp.ti_sysbios_knl_Clock_start__E.1)
                  0000484c    00000008     (.tramp.ti_sysbios_knl_Clock_setTimeout__E.1)
                  00004854    00000008     (.tramp.ti_sysbios_knl_Task_create.1)
                  0000485c    00000008     (.tramp.ti_sysbios_knl_Semaphore_construct.1)
                  00004864    00000008     (.tramp.ti_sysbios_knl_Semaphore_Params__init__S.1)
                  0000486c    00000008     (.tramp.ti_sysbios_knl_Queue_construct.1)
                  00004874    00000008     (.tramp.xdc_runtime_Memory_alloc__E.1)
                  0000487c    00000008     (.tramp.ti_sysbios_knl_Task_Params__init__S.1)
                  00004884    00000008     (.tramp.ti_sysbios_family_arm_m3_Hwi_restoreFxn__E.1)
                  0000488c    00000008     (.tramp.xdc_runtime_System_doPrint__I.1)

.const     0    00004894    00000633     
                  00004894    000003b8     release_pem4f.oem4f (.const:ROM_constStruct)
                  00004c4c    00000054     drivers_cc26x2.a : PowerCC26X2.oem4f (.const:resourceDB)
                  00004ca0    00000048     release_pem4f.oem4f (.const:.string)
                  00004ce8    00000048     release_pem4f.oem4f (.const:ROM_externFuncPtrs)
                  00004d30    00000034     rtsv7M4_T_le_v4SPD16_eabi.lib : s_atanf.c.obj (.const:$O1$$)
                  00004d64    00000024     release_pem4f.oem4f (.const:xdc_runtime_Startup_sfxnTab__A)
                  00004d88    00000018     ti_drivers_config.obj (.const:i2cCC26xxHWAttrs)
                  00004da0    00000018     drivers_cc26x2.a : GPIOCC26XX.oem4f (.const:interruptType)
                  00004db8    00000014     ti_drivers_config.obj (.const:$P$T1$2)
                  00004dcc    00000014     ti_drivers_config.obj (.const:GPIOCC26XX_config)
                  00004de0    00000014     ti_drivers_config.obj (.const:PowerCC26X2_config)
                  00004df4    00000012     release_pem4f.oem4f (.const:xdc_runtime_Startup_sfxnRts__A)
                  00004e06    00000001     release_pem4f.oem4f (.const:xdc_runtime_Text_charTab__A)
                  00004e07    00000001     --HOLE-- [fill = 0]
                  00004e08    00000010     ti_drivers_config.obj (.const:BoardGpioInitTable)
                  00004e18    00000010     drivers_cc26x2.a : I2C.oem4f (.const:I2C_defaultParams)
                  00004e28    00000010                      : I2CCC26XX.oem4f (.const:I2C_defaultParams)
                  00004e38    00000010                      : GPIOCC26XX.oem4f (.const:outPinTypes)
                  00004e48    0000000c                      : GPIOCC26XX.oem4f (.const:inPinTypes)
                  00004e54    0000000c                      : GPIOCC26XX.oem4f (.const:outPinStrengths)
                  00004e60    0000000c     release_pem4f.oem4f (.const:xdc_runtime_Startup_firstFxns__A)
                  00004e6c    00000008     driverlib.lib : aux_sysif.obj (.const:$O1$$)
                  00004e74    00000008     ti_drivers_config.obj (.const:$P$T0$1)
                  00004e7c    00000008     ti_drivers_config.obj (.const:I2C_config)
                  00004e84    00000008     ti_drivers_config.obj (.const:PINCC26XX_hwAttrs)
                  00004e8c    00000008     release_pem4f.oem4f (.const:ti_sysbios_family_arm_m3_Hwi_excHookFuncs__A)
                  00004e94    00000008     release_pem4f.oem4f (.const:ti_sysbios_knl_Idle_funcList__A)
                  00004e9c    00000006     empty.obj (.const:$P$T4$1)
                  00004ea2    00000006     empty.obj (.const:$P$T5$2)
                  00004ea8    00000006     empty.obj (.const:$P$T6$3)
                  00004eae    00000002     --HOLE-- [fill = 0]
                  00004eb0    00000004     release_pem4f.oem4f (.const:ti_sysbios_family_arm_m3_Hwi_E_exception__C)
                  00004eb4    00000004     release_pem4f.oem4f (.const:ti_sysbios_heaps_HeapMem_primaryHeapBaseAddr__C)
                  00004eb8    00000004     release_pem4f.oem4f (.const:ti_sysbios_heaps_HeapMem_primaryHeapEndAddr__C)
                  00004ebc    00000004     release_pem4f.oem4f (.const:ti_sysbios_knl_Clock_tickPeriod__C)
                  00004ec0    00000004     release_pem4f.oem4f (.const:ti_sysbios_knl_Task_Object__heap__C)
                  00004ec4    00000003     ti_drivers_config.obj (.const)

MODULE SUMMARY

       Module                             code    ro data   rw data
       ------                             ----    -------   -------
    .\
       empty.obj                          652     18        0      
       I2Cdev.obj                         640     0         0      
       MPU6050.obj                        434     0         0      
       kalman.obj                         146     0         0      
       main_tirtos.obj                    100     0         0      
    +--+----------------------------------+-------+---------+---------+
       Total:                             1972    18        0      
                                                                   
    .\syscfg\
       ti_drivers_config.obj              306     127       332    
       ti_devices_config.obj              0       88        0      
    +--+----------------------------------+-------+---------+---------+
       Total:                             306     215       332    
                                                                   
    C:\Users\Nikolay\workspace_v10\tirtos_builds_cc13x2_cc26x2_release_ccs_4_40_04_04\Debug\configPkg\package\cfg\
       release_pem4f.oem4f                876     1259      1830   
    +--+----------------------------------+-------+---------+---------+
       Total:                             876     1259      1830   
                                                                   
    C:/ti/simplelink_cc13x2_26x2_sdk_4_40_04_04/kernel/tirtos/packages/ti/dpl/lib/ccs/m4f/dpl_cc26x2.a
       PowerCC26X2_tirtos.oem4f           260     0         8      
       SemaphoreP_tirtos.oem4f            122     0         0      
       SwiP_tirtos.oem4f                  112     0         0      
       ClockP_tirtos.oem4f                98      0         0      
       HwiP_tirtos.oem4f                  90      0         0      
    +--+----------------------------------+-------+---------+---------+
       Total:                             682     0         8      
                                                                   
    C:/ti/simplelink_cc13x2_26x2_sdk_4_40_04_04/source/ti/devices/cc13x2_cc26x2/driverlib/bin/ccs/driverlib.lib
       sys_ctrl.obj                       420     0         0      
       osc.obj                            340     0         36     
       setup.obj                          324     0         0      
       chipinfo.obj                       250     0         0      
       prcm.obj                           160     0         0      
       aux_sysif.obj                      52      8         0      
       cpu.obj                            30      0         0      
       driverlib_release.obj              0       0         1      
    +--+----------------------------------+-------+---------+---------+
       Total:                             1576    8         37     
                                                                   
    C:/ti/simplelink_cc13x2_26x2_sdk_4_40_04_04/source/ti/drivers/lib/ccs/m4f/drivers_cc26x2.a
       PowerCC26X2.oem4f                  2028    84        368    
       PINCC26XX.oem4f                    1482    0         328    
       PowerCC26X2_calibrateRCOSC.oem4f   1400    0         0      
       I2CCC26XX.oem4f                    1058    16        0      
       GPIOCC26XX.oem4f                   712     64        61     
       I2C.oem4f                          366     16        0      
       List.oem4f                         38      0         0      
    +--+----------------------------------+-------+---------+---------+
       Total:                             7084    180       757    
                                                                   
    C:\Users\Nikolay\workspace_v10\tirtos_builds_cc13x2_cc26x2_release_ccs_4_40_04_04\src\sysbios\rom_sysbios.aem4f
       rom_sysbios.obj                    2199    0         136    
    +--+----------------------------------+-------+---------+---------+
       Total:                             2199    0         136    
                                                                   
    C:\ti\ccs1000\ccs\tools\compiler\ti-cgt-arm_20.2.4.LTS\lib\rtsv7M4_T_le_v4SPD16_eabi.lib
       fd_add_t2.asm.obj                  438     0         0      
       s_atanf.c.obj                      336     52        0      
       e_sqrt.c.obj                       344     0         0      
       fd_div_t2.asm.obj                  310     0         0      
       fd_cmp_t2.asm.obj                  268     0         0      
       fd_mul_t2.asm.obj                  252     0         0      
       memcpy_t2.asm.obj                  156     0         0      
       ull_div_t2.asm.obj                 150     0         0      
       memset_t2.asm.obj                  122     0         0      
       fd_tos_t2.asm.obj                  110     0         0      
       copy_decompress_lzss.c.obj         104     0         0      
       cpy_tbl.c.obj                      76      0         0      
       fd_tou_t2.asm.obj                  68      0         0      
       u_divt2.asm.obj                    64      0         0      
       fs_tod_t2.asm.obj                  56      0         0      
       new.cpp.obj                        46      0         4      
       i_tofd_t2.asm.obj                  46      0         0      
       _lock.c.obj                        26      0         8      
       u_tofd_t2.asm.obj                  32      0         0      
       args_main.c.obj                    24      0         0      
       ll_mul_t2.asm.obj                  24      0         0      
       copy_decompress_none.c.obj         14      0         0      
       copy_zero_init.c.obj               12      0         0      
       stkdepth_vars.c.obj                0       0         4      
       div0.asm.obj                       2       0         0      
    +--+----------------------------------+-------+---------+---------+
       Total:                             3080    52        16     
                                                                   
    C:\ti\simplelink_cc13x2_26x2_sdk_4_40_04_04\kernel\tirtos\packages\ti\targets\arm\rtsarm\lib\auto_init.aem4f
       auto_init.oem4f                    160     0         0      
    +--+----------------------------------+-------+---------+---------+
       Total:                             160     0         0      
                                                                   
    C:\ti\simplelink_cc13x2_26x2_sdk_4_40_04_04\kernel\tirtos\packages\ti\targets\arm\rtsarm\lib\boot.aem4f
       boot.oem4f                         88      0         0      
    +--+----------------------------------+-------+---------+---------+
       Total:                             88      0         0      
                                                                   
       Stack:                             0       0         1024   
       Linker Generated:                  488     468       0      
    +--+----------------------------------+-------+---------+---------+
       Grand Total:                       18511   2200      4140   


LINKER GENERATED COPY TABLES

__TI_cinit_table @ 00005078 records: 5, size/record: 8, table size: 40
	.data: load addr=00004ec8, load size=00000180 bytes, run addr=20004110, run size=000005ac bytes, compression=lzss
	.bss: load addr=00005058, load size=00000008 bytes, run addr=200046c0, run size=0000059d bytes, compression=zero_init
	.data:xdcRomConstPtr: load addr=00005060, load size=00000008 bytes, run addr=20000100, run size=00000004 bytes, compression=lzss
	.data:xdcRomExternFuncPtr: load addr=00005068, load size=00000008 bytes, run addr=20000104, run size=00000004 bytes, compression=lzss
	.data:xdcRomStatePtr: load addr=00005070, load size=00000008 bytes, run addr=20000108, run size=00000004 bytes, compression=lzss


LINKER GENERATED HANDLER TABLE

__TI_handler_table @ 00005048 records: 3, size/record: 4, table size: 12
	index: 0, handler: __TI_decompress_lzss
	index: 1, handler: __TI_decompress_none
	index: 2, handler: __TI_zero_init


FAR CALL TRAMPOLINES

callee name               trampoline name
   callee addr  tramp addr   call addr  call info
--------------  -----------  ---------  ----------------
ti_sysbios_family_arm_m3_Hwi_enableInterrupt__E  $Tramp$TT$L$PI$$ti_sysbios_family_arm_m3_Hwi_enableInterrupt__E
   1002d91d     000046ac     0000467a   dpl_cc26x2.a : HwiP_tirtos.oem4f (.text:HwiP_enableInterrupt)
ti_sysbios_family_arm_m3_Hwi_disableInterrupt__E  $Tramp$TT$L$PI$$ti_sysbios_family_arm_m3_Hwi_disableInterrupt__E
   1002d8d9     000046b4     00004676   dpl_cc26x2.a : HwiP_tirtos.oem4f (.text:HwiP_disableInterrupt)
ti_sysbios_family_arm_m3_Hwi_disableFxn__E  $Tramp$TT$L$PI$$ti_sysbios_family_arm_m3_Hwi_disableFxn__E
   1002eb55     000046bc     00004672   dpl_cc26x2.a : HwiP_tirtos.oem4f (.text:HwiP_disable)
ti_sysbios_BIOS_getCpuFreq__E  $Tramp$TT$L$PI$$ti_sysbios_BIOS_getCpuFreq__E
   1002e9fd     000046c4     00004666   dpl_cc26x2.a : ClockP_tirtos.oem4f (.text:ClockP_getCpuFreq)
ti_sysbios_knl_Task_self__E  $Tramp$TT$L$PI$$ti_sysbios_knl_Task_self__E
   1002eaf5     000046cc     000045fe   rom_sysbios.aem4f : rom_sysbios.obj (.text:pthread_self)
                             0000462c   release_pem4f.oem4f (.text:ti_sysbios_rts_ti_ReentSupport_getTlsAddr__I)
ti_sysbios_knl_Semaphore_delete  $Tramp$TT$L$PI$$ti_sysbios_knl_Semaphore_delete
   1002ecdb     000046d4     000045c6   dpl_cc26x2.a : SemaphoreP_tirtos.oem4f (.text:SemaphoreP_delete)
ti_sysbios_knl_Clock_logTick__E  $Tramp$TT$L$PI$$ti_sysbios_knl_Clock_logTick__E
   1002dbd7     000046dc     000044c6   release_pem4f.oem4f (.text:ti_sysbios_knl_Clock_doTick__I)
ti_sysbios_BIOS_getThreadType__E  $Tramp$TT$L$PI$$ti_sysbios_BIOS_getThreadType__E
   1002ea95     000046e4     000043ee   rom_sysbios.aem4f : rom_sysbios.obj (.text:ti_sysbios_rts_ti_ReentSupport_getReent__F)
ti_sysbios_knl_Swi_post__E  $Tramp$TT$L$PI$$ti_sysbios_knl_Swi_post__E
   1002d891     000046ec     000043e8   rom_sysbios.aem4f : rom_sysbios.obj (.text:ti_sysbios_knl_Swi_or__E)
                             000044ce   release_pem4f.oem4f (.text:ti_sysbios_knl_Clock_doTick__I)
                             0000468a   dpl_cc26x2.a : SwiP_tirtos.oem4f (.text:SwiP_post)
ti_sysbios_BIOS_RtsGateProxy_leave__E  $Tramp$TT$L$PI$$ti_sysbios_BIOS_RtsGateProxy_leave__E
   1002ec7b     000046f4     000043ca   release_pem4f.oem4f (.text:ti_sysbios_BIOS_rtsUnlock__I)
ti_sysbios_knl_Swi_construct  $Tramp$TT$L$PI$$ti_sysbios_knl_Swi_construct
   1002d719     000046fc     000042c2   rom_sysbios.aem4f : rom_sysbios.obj (.text:ti_sysbios_knl_Swi_construct2__E)
ti_sysbios_knl_Swi_restore__E  $Tramp$TT$L$PI$$ti_sysbios_knl_Swi_restore__E
   1002db61     00004704     0000428a   dpl_cc26x2.a : PowerCC26X2_tirtos.oem4f (.text:PowerCC26XX_schedulerRestore)
ti_sysbios_BIOS_RtsGateProxy_enter__E  $Tramp$TT$L$PI$$ti_sysbios_BIOS_RtsGateProxy_enter__E
   1002ec77     0000470c     0000419a   release_pem4f.oem4f (.text:ti_sysbios_BIOS_rtsLock__I)
ti_sysbios_knl_Clock_TimerProxy_getCurrentTick__E  $Tramp$TT$L$PI$$ti_sysbios_knl_Clock_TimerProxy_getCurrentTick__E
   1002eac5     00004714     00003e22   rom_sysbios.aem4f : rom_sysbios.obj (.text:ti_sysbios_knl_Clock_getTicksUntilInterrupt__E)
ti_sysbios_knl_Task_delete  $Tramp$TT$L$PI$$ti_sysbios_knl_Task_delete
   1002ece7     0000471c     00003dcc   rom_sysbios.aem4f : rom_sysbios.obj (.text:_pthread_delete$45)
ti_sysbios_knl_Semaphore_destruct  $Tramp$TT$L$PI$$ti_sysbios_knl_Semaphore_destruct
   1002e6fd     00004724     00003dc0   rom_sysbios.aem4f : rom_sysbios.obj (.text:_pthread_delete$45)
ti_sysbios_knl_Semaphore_create  $Tramp$TT$L$PI$$ti_sysbios_knl_Semaphore_create
   1002dc49     0000472c     00003dac   dpl_cc26x2.a : SemaphoreP_tirtos.oem4f (.text:SemaphoreP_createBinary)
ti_sysbios_knl_Task_startup__E  $Tramp$TT$L$PI$$ti_sysbios_knl_Task_startup__E
   1002eceb     00004734     00003c94   release_pem4f.oem4f (.text:ti_sysbios_BIOS_startFunc__I)
ti_sysbios_knl_Swi_startup__E  $Tramp$TT$L$PI$$ti_sysbios_knl_Swi_startup__E
   1002ec6b     0000473c     00003c90   release_pem4f.oem4f (.text:ti_sysbios_BIOS_startFunc__I)
ti_sysbios_hal_Hwi_startup__E  $Tramp$TT$L$PI$$ti_sysbios_hal_Hwi_startup__E
   1002ec31     00004744     00003c8c   release_pem4f.oem4f (.text:ti_sysbios_BIOS_startFunc__I)
ti_sysbios_family_arm_cc26xx_Timer_startup__E  $Tramp$TT$L$PI$$ti_sysbios_family_arm_cc26xx_Timer_startup__E
   1002dcf1     0000474c     00003c88   release_pem4f.oem4f (.text:ti_sysbios_BIOS_startFunc__I)
xdc_runtime_System_atexit__E  $Tramp$TT$L$PI$$xdc_runtime_System_atexit__E
   1002f559     00004754     00003c80   release_pem4f.oem4f (.text:ti_sysbios_BIOS_startFunc__I)
ti_sysbios_BIOS_linkedWithIncorrectBootLibrary__E  $Tramp$TT$L$PI$$ti_sysbios_BIOS_linkedWithIncorrectBootLibrary__E
   1002d01b     0000475c     00003c7a   release_pem4f.oem4f (.text:ti_sysbios_BIOS_startFunc__I)
xdc_runtime_Startup_rtsDone__E  $Tramp$TT$L$PI$$xdc_runtime_Startup_rtsDone__E
   1002f8e5     00004764     00003c72   release_pem4f.oem4f (.text:ti_sysbios_BIOS_startFunc__I)
ti_sysbios_knl_Swi_disable__E  $Tramp$TT$L$PI$$ti_sysbios_knl_Swi_disable__E
   1002ea25     0000476c     00003c42   release_pem4f.oem4f (.text:ti_sysbios_BIOS_atExitFunc__I)
                             00004272   dpl_cc26x2.a : PowerCC26X2_tirtos.oem4f (.text:PowerCC26XX_schedulerDisable)
ti_sysbios_family_arm_m3_Hwi_construct  $Tramp$TT$L$PI$$ti_sysbios_family_arm_m3_Hwi_construct
   1002d421     00004774     00003976   rom_sysbios.aem4f : rom_sysbios.obj (.text:ti_sysbios_family_arm_m3_Hwi_construct2__E)
ti_sysbios_knl_Task_sleep__E  $Tramp$TT$L$PI$$ti_sysbios_knl_Task_sleep__E
   1002ce01     0000477c     0000394a   rom_sysbios.aem4f : rom_sysbios.obj (.text:sleep)
ti_sysbios_family_arm_m3_Hwi_Params__init__S  $Tramp$TT$L$PI$$ti_sysbios_family_arm_m3_Hwi_Params__init__S
   1002eb49     00004784     000038c0   dpl_cc26x2.a : HwiP_tirtos.oem4f (.text:HwiP_construct)
ti_sysbios_knl_Clock_construct  $Tramp$TT$L$PI$$ti_sysbios_knl_Clock_construct
   1002dd8d     0000478c     000037da   dpl_cc26x2.a : ClockP_tirtos.oem4f (.text:ClockP_construct)
ti_sysbios_knl_Clock_Params__init__S  $Tramp$TT$L$PI$$ti_sysbios_knl_Clock_Params__init__S
   1002eb9d     00004794     000037c0   dpl_cc26x2.a : ClockP_tirtos.oem4f (.text:ClockP_construct)
ti_sysbios_knl_Swi_Params__init__S  $Tramp$TT$L$PI$$ti_sysbios_knl_Swi_Params__init__S
   1002ebf1     0000479c     00003466   dpl_cc26x2.a : SwiP_tirtos.oem4f (.text:SwiP_construct)
ti_sysbios_heaps_HeapMem_Module_GateProxy_leave__E  $Tramp$TT$L$PI$$ti_sysbios_heaps_HeapMem_Module_GateProxy_leave__E
   1002ecaf     000047a4     000033b6   rom_sysbios.aem4f : rom_sysbios.obj (.text:ti_sysbios_heaps_HeapMem_alloc__E)
ti_sysbios_heaps_HeapMem_Module_GateProxy_enter__E  $Tramp$TT$L$PI$$ti_sysbios_heaps_HeapMem_Module_GateProxy_enter__E
   1002ecab     000047ac     000033a0   rom_sysbios.aem4f : rom_sysbios.obj (.text:ti_sysbios_heaps_HeapMem_alloc__E)
xdc_runtime_System_exit__E  $Tramp$TT$L$PI$$xdc_runtime_System_exit__E
   1002f7b1     000047b4     00003320   boot.aem4f : boot.oem4f (.text)
                             00004458   release_pem4f.oem4f (.text:ti_sysbios_BIOS_exitFunc__I)
ti_sysbios_heaps_HeapMem_restore__E  $Tramp$TT$L$PI$$ti_sysbios_heaps_HeapMem_restore__E
   1002eb13     000047bc     00003214   rom_sysbios.aem4f : rom_sysbios.obj (.text:ti_sysbios_heaps_HeapMem_initPrimary__I)
ti_sysbios_heaps_HeapMem_Object__get__S  $Tramp$TT$L$PI$$ti_sysbios_heaps_HeapMem_Object__get__S
   1002e275     000047c4     000031e4   rom_sysbios.aem4f : rom_sysbios.obj (.text:ti_sysbios_heaps_HeapMem_initPrimary__I)
ti_sysbios_BIOS_start__E  $Tramp$TT$L$PI$$ti_sysbios_BIOS_start__E
   1002eaa5     000047cc     000030a6   main_tirtos.obj (.text:main)
xdc_runtime_Error_raiseX__E  $Tramp$TT$L$PI$$xdc_runtime_Error_raiseX__E
   1002f739     000047d4     00002922   rom_sysbios.aem4f : rom_sysbios.obj (.text:ti_sysbios_family_arm_m3_Hwi_excHandlerMin__I)
                             000033d0                     : rom_sysbios.obj (.text:ti_sysbios_heaps_HeapMem_alloc__E)
ti_sysbios_BIOS_setThreadType__E  $Tramp$TT$L$PI$$ti_sysbios_BIOS_setThreadType__E
   1002ea11     000047dc     000028e2   rom_sysbios.aem4f : rom_sysbios.obj (.text:ti_sysbios_family_arm_m3_Hwi_excHandlerMin__I)
                             00003c4c   release_pem4f.oem4f (.text:ti_sysbios_BIOS_atExitFunc__I)
                             00004452   release_pem4f.oem4f (.text:ti_sysbios_BIOS_exitFunc__I)
ti_sysbios_family_arm_m3_Hwi_excFillContext__I  $Tramp$TT$L$PI$$ti_sysbios_family_arm_m3_Hwi_excFillContext__I
   1002bda9     000047e4     000028dc   rom_sysbios.aem4f : rom_sysbios.obj (.text:ti_sysbios_family_arm_m3_Hwi_excHandlerMin__I)
ti_sysbios_knl_Semaphore_post__E  $Tramp$TT$L$PI$$ti_sysbios_knl_Semaphore_post__E
   1002cd21     000047ec     0000257e   rom_sysbios.aem4f : rom_sysbios.obj (.text:_pthread_removeThreadKeys)
                             00003368                     : rom_sysbios.obj (.text:pthread_exit)
                             0000467e   dpl_cc26x2.a : SemaphoreP_tirtos.oem4f (.text:SemaphoreP_post)
xdc_runtime_Memory_free__E  $Tramp$TT$L$PI$$xdc_runtime_Memory_free__E
   1002f81d     000047f4     00002574   rom_sysbios.aem4f : rom_sysbios.obj (.text:_pthread_removeThreadKeys)
                             00003dd8                     : rom_sysbios.obj (.text:_pthread_delete$45)
                             0000433c   release_pem4f.oem4f (.text:free)
ti_sysbios_knl_Queue_next__E  $Tramp$TT$L$PI$$ti_sysbios_knl_Queue_next__E
   1002ecd7     000047fc     0000254e   rom_sysbios.aem4f : rom_sysbios.obj (.text:_pthread_removeThreadKeys)
ti_sysbios_knl_Queue_head__E  $Tramp$TT$L$PI$$ti_sysbios_knl_Queue_head__E
   1002ecd3     00004804     0000253a   rom_sysbios.aem4f : rom_sysbios.obj (.text:_pthread_removeThreadKeys)
ti_sysbios_knl_Semaphore_pend__E  $Tramp$TT$L$PI$$ti_sysbios_knl_Semaphore_pend__E
   1002bfb1     0000480c     00002534   rom_sysbios.aem4f : rom_sysbios.obj (.text:_pthread_removeThreadKeys)
                             000044da   dpl_cc26x2.a : SemaphoreP_tirtos.oem4f (.text:SemaphoreP_pend)
ti_sysbios_knl_Task_restore__E  $Tramp$TT$L$PI$$ti_sysbios_knl_Task_restore__E
   1002df45     00004814     00002106   rom_sysbios.aem4f : rom_sysbios.obj (.text:ti_sysbios_knl_Task_setPri__E)
                             00002528                     : rom_sysbios.obj (.text:_pthread_removeThreadKeys)
                             00002588                     : rom_sysbios.obj (.text:_pthread_removeThreadKeys)
                             0000337a                     : rom_sysbios.obj (.text:pthread_exit)
                             00004028                     : rom_sysbios.obj (.text:_pthread_cleanupFxn)
                             00004292   dpl_cc26x2.a : PowerCC26X2_tirtos.oem4f (.text:PowerCC26XX_schedulerRestore)
ti_sysbios_knl_Queue_enqueue__E  $Tramp$TT$L$PI$$ti_sysbios_knl_Queue_enqueue__E
   1002ebd9     0000481c     000020d8   rom_sysbios.aem4f : rom_sysbios.obj (.text:ti_sysbios_knl_Task_setPri__E)
ti_sysbios_knl_Queue_empty__E  $Tramp$TT$L$PI$$ti_sysbios_knl_Queue_empty__E
   1002eb21     00004824     000020c0   rom_sysbios.aem4f : rom_sysbios.obj (.text:ti_sysbios_knl_Task_setPri__E)
                             00002520                     : rom_sysbios.obj (.text:_pthread_removeThreadKeys)
ti_sysbios_knl_Queue_remove__E  $Tramp$TT$L$PI$$ti_sysbios_knl_Queue_remove__E
   1002eb2f     0000482c     000020ba   rom_sysbios.aem4f : rom_sysbios.obj (.text:ti_sysbios_knl_Task_setPri__E)
                             00002556                     : rom_sysbios.obj (.text:_pthread_removeThreadKeys)
                             0000255c                     : rom_sysbios.obj (.text:_pthread_removeThreadKeys)
ti_sysbios_knl_Task_disable__E  $Tramp$TT$L$PI$$ti_sysbios_knl_Task_disable__E
   1002ea4d     00004834     00002080   rom_sysbios.aem4f : rom_sysbios.obj (.text:ti_sysbios_knl_Task_setPri__E)
                             00002516                     : rom_sysbios.obj (.text:_pthread_removeThreadKeys)
                             0000336e                     : rom_sysbios.obj (.text:pthread_exit)
                             00003c46   release_pem4f.oem4f (.text:ti_sysbios_BIOS_atExitFunc__I)
                             0000401a   rom_sysbios.aem4f : rom_sysbios.obj (.text:_pthread_cleanupFxn)
                             0000426a   dpl_cc26x2.a : PowerCC26X2_tirtos.oem4f (.text:PowerCC26XX_schedulerDisable)
ti_sysbios_knl_Clock_stop__E  $Tramp$TT$L$PI$$ti_sysbios_knl_Clock_stop__E
   1002e2c5     0000483c     00001b26   dpl_cc26x2.a : PowerCC26X2_tirtos.oem4f (.text:PowerCC26XX_standbyPolicy)
                             0000466e                : ClockP_tirtos.oem4f (.text:ClockP_stop)
ti_sysbios_knl_Clock_start__E  $Tramp$TT$L$PI$$ti_sysbios_knl_Clock_start__E
   1002e9e7     00004844     00001b12   dpl_cc26x2.a : PowerCC26X2_tirtos.oem4f (.text:PowerCC26XX_standbyPolicy)
                             0000466a                : ClockP_tirtos.oem4f (.text:ClockP_start)
ti_sysbios_knl_Clock_setTimeout__E  $Tramp$TT$L$PI$$ti_sysbios_knl_Clock_setTimeout__E
   1002ecc3     0000484c     00001b0c   dpl_cc26x2.a : PowerCC26X2_tirtos.oem4f (.text:PowerCC26XX_standbyPolicy)
ti_sysbios_knl_Task_create  $Tramp$TT$L$PI$$ti_sysbios_knl_Task_create
   1002d529     00004854     00001a86   rom_sysbios.aem4f : rom_sysbios.obj (.text:pthread_create)
ti_sysbios_knl_Semaphore_construct  $Tramp$TT$L$PI$$ti_sysbios_knl_Semaphore_construct
   1002ddc1     0000485c     00001a7c   rom_sysbios.aem4f : rom_sysbios.obj (.text:pthread_create)
                             00003d80   dpl_cc26x2.a : SemaphoreP_tirtos.oem4f (.text:SemaphoreP_constructBinary)
ti_sysbios_knl_Semaphore_Params__init__S  $Tramp$TT$L$PI$$ti_sysbios_knl_Semaphore_Params__init__S
   1002ebe5     00004864     00001a6a   rom_sysbios.aem4f : rom_sysbios.obj (.text:pthread_create)
                             00003d70   dpl_cc26x2.a : SemaphoreP_tirtos.oem4f (.text:SemaphoreP_constructBinary)
                             00003d9c                : SemaphoreP_tirtos.oem4f (.text:SemaphoreP_createBinary)
ti_sysbios_knl_Queue_construct  $Tramp$TT$L$PI$$ti_sysbios_knl_Queue_construct
   1002dee5     0000486c     00001a5e   rom_sysbios.aem4f : rom_sysbios.obj (.text:pthread_create)
xdc_runtime_Memory_alloc__E  $Tramp$TT$L$PI$$xdc_runtime_Memory_alloc__E
   1002f289     00004874     00001a06   rom_sysbios.aem4f : rom_sysbios.obj (.text:pthread_create)
                             00003d1c   release_pem4f.oem4f (.text:ti_sysbios_rts_MemAlloc_alloc)
ti_sysbios_knl_Task_Params__init__S  $Tramp$TT$L$PI$$ti_sysbios_knl_Task_Params__init__S
   1002ec09     0000487c     000019f2   rom_sysbios.aem4f : rom_sysbios.obj (.text:pthread_create)
ti_sysbios_family_arm_m3_Hwi_restoreFxn__E  $Tramp$TT$L$PI$$ti_sysbios_family_arm_m3_Hwi_restoreFxn__E
   1002ec47     00004884     0000119e   drivers_cc26x2.a : I2C.oem4f (.text:I2C_transferTimeout)
                             00001222                    : I2C.oem4f (.text:I2C_transferTimeout)
                             00001230                    : I2C.oem4f (.text:I2C_transferTimeout)
                             0000129e                    : I2C.oem4f (.text:I2C_transferTimeout)
                             0000145e                    : PINCC26XX.oem4f (.text:PINCC26XX_setIoCfg)
                             000014a4                    : PINCC26XX.oem4f (.text:PINCC26XX_setIoCfg)
                             0000154e                    : GPIOCC26XX.oem4f (.text:GPIO_setConfig)
                             0000157e                    : GPIOCC26XX.oem4f (.text:GPIO_setConfig)
                             00001616                    : I2CCC26XX.oem4f (.text:I2C_open)
                             00001626                    : I2CCC26XX.oem4f (.text:I2C_open)
                             00001644                    : I2CCC26XX.oem4f (.text:I2C_open)
                             00001ba2                    : GPIOCC26XX.oem4f (.text:GPIO_init)
                             00001ba8                    : GPIOCC26XX.oem4f (.text:GPIO_init)
                             00001cec                    : PowerCC26X2.oem4f (.text:Power_releaseDependency)
                             00001e62                    : PowerCC26X2.oem4f (.text:Power_setDependency)
                             00003106                    : GPIOCC26XX.oem4f (.text:GPIO_write)
                             000032ae                    : PowerCC26X2_calibrateRCOSC.oem4f (.text:PowerCC26X2_initiateCalibration)
                             0000366e                    : PowerCC26X2.oem4f (.text:switchXOSCHF)
                             00003ada                    : GPIOCC26XX.oem4f (.text:GPIO_toggle)
                             00003c04                    : PowerCC26X2.oem4f (.text:Power_releaseConstraint)
                             00003c34                    : PowerCC26X2.oem4f (.text:Power_setConstraint)
                             00003f7c                    : I2C.oem4f (.text:I2C_cancel)
                             00003fa2                    : List.oem4f (.text:List_put)
xdc_runtime_System_doPrint__I  $Tramp$TT$L$PI$$xdc_runtime_System_doPrint__I
   1002ecf1     0000488c     00000af6   release_pem4f.oem4f (.text:xdc_runtime_System_printfExtend__I)

[61 trampolines]
[115 trampoline calls]


GLOBAL SYMBOLS: SORTED ALPHABETICALLY BY Name 

address   name                                                                       
-------   ----                                                                       
00004e08  BoardGpioInitTable                                                         
00004115  Board_init                                                                 
000005f7  Board_initHook                                                             
0000283d  Board_sendExtFlashByte                                                     
00003765  Board_shutDownExtFlash                                                     
00003491  Board_wakeUpExtFlash                                                       
00004ec4  CONFIG_GPIO_LED_0_CONST                                                    
00004621  ClockP_Params_init                                                         
000037a5  ClockP_construct                                                           
00004667  ClockP_getCpuFreq                                                          
00004579  ClockP_getSystemTickPeriod                                                 
1002dc11  ClockP_getSystemTicks                                                      
0000466b  ClockP_start                                                               
0000466f  ClockP_stop                                                                
00004dcc  GPIOCC26XX_config                                                          
00003b51  GPIO_hwiIntFxn                                                             
00001b89  GPIO_init                                                                  
00003b81  GPIO_setCallback                                                           
000014dd  GPIO_setConfig                                                             
00003ab5  GPIO_toggle                                                                
000030b5  GPIO_write                                                                 
00004000  HEAPSIZE                                                                   
000044fd  HwiP_Params_init                                                           
000038a5  HwiP_construct                                                             
00004673  HwiP_disable                                                               
00004677  HwiP_disableInterrupt                                                      
0000467b  HwiP_enableInterrupt                                                       
1002ec47  HwiP_restore                                                               
00004461  I2CSupport_masterFinish                                                    
00004645  I2CSupport_powerRelConstraint                                              
0000464b  I2CSupport_powerSetConstraint                                              
00002401  I2CSupport_primeTransfer                                                   
0000451d  I2C_Params_init                                                            
00003f5d  I2C_cancel                                                                 
00004e7c  I2C_config                                                                 
00004ec6  I2C_count                                                                  
00004e18  I2C_defaultParams                                                          
00001dc7  I2C_init                                                                   
000015ed  I2C_open                                                                   
00004475  I2C_transfer                                                               
00001187  I2C_transferTimeout                                                        
UNDEFED   ITM_flush                                                                  
UNDEFED   ITM_restore                                                                
00003f83  List_put                                                                   
00003ae9  NOROM_AUXSYSIFOpModeChange                                                 
00004585  NOROM_CPUcpsid                                                             
00004591  NOROM_CPUcpsie                                                             
00004651  NOROM_CPUdelay                                                             
00004231  NOROM_ChipInfo_GetChipFamily                                               
00002de9  NOROM_ChipInfo_GetChipType                                                 
00003699  NOROM_ChipInfo_GetHwRevision                                               
00004345  NOROM_ChipInfo_GetPackageType                                              
00002489  NOROM_OSCHF_AttemptToSwitchToXosc                                          
00002e55  NOROM_OSCHF_SwitchToRcOscTurnOffXosc                                       
00003ff5  NOROM_OSCHF_TurnOnXosc                                                     
000037e5  NOROM_OSC_HPOSCRelativeFrequencyOffsetGet                                  
000033e9  NOROM_PRCMPowerDomainsAllOff                                               
000034dd  NOROM_PRCMPowerDomainsAllOn                                                
000021b5  NOROM_SetupTrimDevice                                                      
00003b1d  NOROM_SysCtrlIdle                                                          
00002945  NOROM_SysCtrlSetRechargeBeforePowerDown                                    
000017f9  NOROM_SysCtrlStandby                                                       
0000441d  NOROM_ThisLibraryIsFor_CC13x2_CC26x2_HwRev20AndLater_HaltIfViolated        
0000452d  PINCC26XX_getPinCount                                                      
00004e84  PINCC26XX_hwAttrs                                                          
00003bb1  PINCC26XX_setMux                                                           
00002c99  PIN_add                                                                    
000041f5  PIN_close                                                                  
00000261  PIN_init                                                                   
00001e81  PIN_open                                                                   
0000459d  PIN_registerIntCb                                                          
00003175  PIN_remove                                                                 
000039d5  PIN_setConfig                                                              
000038e5  PIN_setOutputValue                                                         
00003609  PowerCC26X2_RCOSC_clockFunc                                                
00002c25  PowerCC26X2_auxISR                                                         
00004489  PowerCC26X2_calibrate                                                      
00004de0  PowerCC26X2_config                                                         
00003289  PowerCC26X2_initiateCalibration                                            
20004110  PowerCC26X2_module                                                         
000042f5  PowerCC26XX_calibrate                                                      
00004269  PowerCC26XX_schedulerDisable                                               
00004285  PowerCC26XX_schedulerRestore                                               
00001ac1  PowerCC26XX_standbyPolicy                                                  
20004c54  PowerCC26XX_swiKey                                                         
20004c58  PowerCC26XX_taskKey                                                        
000045a9  Power_getConstraintMask                                                    
000045b5  Power_getDependencyCount                                                   
00004213  Power_getTransitionLatency                                                 
0000435d  Power_idleFunc                                                             
00000c35  Power_init                                                                 
00003ee5  Power_registerNotify                                                       
00003be1  Power_releaseConstraint                                                    
00001c4d  Power_releaseDependency                                                    
00003c11  Power_setConstraint                                                        
00001dc9  Power_setDependency                                                        
000005f9  Power_sleep                                                                
00004894  ROM_constStruct                                                            
00004ce8  ROM_externFuncPtrs                                                         
20004280  ROM_stateStruct                                                            
000032e1  ResetISR                                                                   
UNDEFED   SHT$$INIT_ARRAY$$Base                                                      
UNDEFED   SHT$$INIT_ARRAY$$Limit                                                     
00003d5f  SemaphoreP_constructBinary                                                 
00003d8d  SemaphoreP_createBinary                                                    
000045c1  SemaphoreP_delete                                                          
000044d9  SemaphoreP_pend                                                            
0000467f  SemaphoreP_post                                                            
0000453d  SwiP_Params_init                                                           
0000343d  SwiP_construct                                                             
00004683  SwiP_getTrigger                                                            
00004687  SwiP_or                                                                    
0000468b  SwiP_post                                                                  
1002db61  SwiP_restore                                                               
[...]
1002ebe5  ti_sysbios_knl_Semaphore_Params__init__S                                   
1002ebf1  ti_sysbios_knl_Swi_Params__init__S                                         
1002ebfd  ti_sysbios_knl_Swi_self__E                                                 
1002ec09  ti_sysbios_knl_Task_Params__init__S                                        
1002ec15  ti_sysbios_hal_Hwi_Instance_finalize__E                                    
1002ec1f  ti_sysbios_knl_Event_Instance_init__E                                      
1002ec29  ti_sysbios_family_arm_m3_Hwi_doSwiRestore__I                               
1002ec31  ti_sysbios_family_arm_m3_Hwi_startup__E                                    
1002ec31  ti_sysbios_hal_Hwi_HwiProxy_startup__E                                     
1002ec31  ti_sysbios_hal_Hwi_HwiProxy_startup__E                                     
1002ec31  ti_sysbios_hal_Hwi_startup__E                                              
1002ec31  ti_sysbios_hal_Hwi_startup__E                                              
1002ec39  ti_sysbios_knl_Idle_loop__E                                                
1002ec41  ti_sysbios_family_arm_m3_Hwi_doTaskRestore__I                              
1002ec47  HwiP_restore                                                               
1002ec47  ti_sysbios_family_arm_m3_Hwi_restoreFxn__E                                 
1002ec4d  ti_sysbios_gates_GateHwi_leave__E                                          
1002ec53  ti_sysbios_gates_GateMutex_Instance_finalize__E                            
1002ec59  ti_sysbios_heaps_HeapMem_isBlocking__E                                     
1002ec5f  ti_sysbios_knl_Queue_Instance_init__E                                      
1002ec65  ti_sysbios_knl_Queue_elemClear__E                                          
1002ec6b  ti_sysbios_knl_Swi_startup__E                                              
1002ec71  ti_sysbios_knl_Task_enable__E                                              
1002ec77  ti_sysbios_BIOS_RtsGateProxy_enter__E                                      
1002ec7b  ti_sysbios_BIOS_RtsGateProxy_leave__E                                      
1002ec7f  ti_sysbios_family_arm_cc26xx_Timer_getExpiredTicks__E                      
1002ec83  ti_sysbios_family_arm_cc26xx_Timer_getPeriod__E                            
1002ec87  ti_sysbios_family_arm_cc26xx_Timer_setPeriod__E                            
1002ec8b  ti_sysbios_family_arm_m3_Hwi_delete                                        
1002ec8f  ti_sysbios_family_arm_m3_TaskSupport_Module__startupDone__S                
1002ec8f  ti_sysbios_knl_Task_SupportProxy_Module__startupDone__S                    
1002ec93  ti_sysbios_gates_GateHwi_query__E                                          
1002ec93  xdc_runtime_Main_Module_GateProxy_query__E                                 
1002ec93  xdc_runtime_System_Module_GateProxy_query__E                               
1002ec93  xdc_runtime_System_Module_GateProxy_query__E                               
1002ec97  ti_sysbios_gates_GateMutex_delete                                          
1002ec9b  ti_sysbios_BIOS_RtsGateProxy_query__E                                      
1002ec9b  ti_sysbios_BIOS_RtsGateProxy_query__E                                      
1002ec9b  ti_sysbios_gates_GateMutex_query__E                                        
1002ec9b  ti_sysbios_heaps_HeapMem_Module_GateProxy_query__E                         
1002ec9b  ti_sysbios_heaps_HeapMem_Module_GateProxy_query__E                         
1002ec9f  ti_sysbios_hal_Hwi_HwiProxy_create                                         
1002eca3  ti_sysbios_hal_Hwi_HwiProxy_delete                                         
1002eca7  ti_sysbios_hal_Hwi_delete                                                  
1002ecab  ti_sysbios_heaps_HeapMem_Module_GateProxy_enter__E                         
1002ecaf  ti_sysbios_heaps_HeapMem_Module_GateProxy_leave__E                         
1002ecb3  ti_sysbios_knl_Clock_TimerProxy_getExpiredTicks__E                         
1002ecb7  ti_sysbios_knl_Clock_TimerProxy_getPeriod__E                               
1002ecbb  ti_sysbios_knl_Clock_delete                                                
1002ecbf  ti_sysbios_knl_Clock_removeI__E                                            
1002ecc3  ti_sysbios_knl_Clock_setTimeout__E                                         
1002ecc7  ti_sysbios_knl_Event_delete                                                
1002eccb  ti_sysbios_knl_Mailbox_delete                                              
1002eccf  ti_sysbios_knl_Queue_delete                                                
1002ecd3  ti_sysbios_knl_Queue_head__E                                               
1002ecd7  ti_sysbios_knl_Queue_next__E                                               
1002ecdb  ti_sysbios_knl_Semaphore_delete                                            
1002ecdf  ti_sysbios_knl_Swi_delete                                                  
1002ece3  ti_sysbios_knl_Swi_postInit__I                                             
1002ece7  ti_sysbios_knl_Task_delete                                                 
1002eceb  ti_sysbios_knl_Task_startup__E                                             
1002ecf1  xdc_runtime_System_doPrint__I                                              
1002f055  xdc_runtime_Startup_startMods__I                                           
1002f15d  xdc_runtime_Text_putSite__E                                                
1002f1f7  xdc_runtime_Error_policySpin__E                                            
1002f1f9  xdc_runtime_Text_putMod__E                                                 
1002f289  xdc_runtime_Memory_alloc__E                                                
1002f2f9  xdc_runtime_Core_createObject__I                                           
1002f367  xdc_runtime_Core_deleteObject__I                                           
1002f3c5  xdc_runtime_Text_putLab__E                                                 
1002f421  xdc_runtime_Assert_raise__I                                                
1002f475  xdc_runtime_Startup_exec__E                                                
1002f4c9  xdc_runtime_Core_assignParams__I                                           
1002f511  xdc_runtime_Core_constructObject__I                                        
1002f559  xdc_runtime_System_atexit__E                                               
1002f5a1  xdc_runtime_Text_xprintf__I                                                
1002f5e5  xdc_runtime_System_processAtExit__E                                        
1002f625  xdc_runtime_System_putchar__I                                              
1002f659  xdc_runtime_Core_assignLabel__I                                            
1002f689  xdc_runtime_Text_printVisFxn__I                                            
1002f6b9  xdc_runtime_System_vprintf__E                                              
1002f6e5  xdc_runtime_Text_cordText__E                                               
1002f711  xdc_runtime_System_abort__E                                                
1002f739  xdc_runtime_Error_raiseX__E                                                
1002f759  xdc_runtime_Registry_findById__E                                           
1002f779  xdc_runtime_Error_check__E                                                 
1002f795  xdc_runtime_Memory_valloc__E                                               
1002f7b1  xdc_runtime_System_exit__E                                                 
1002f7cd  xdc_runtime_Text_ropeText__E                                               
1002f7e9  xdc_runtime_System_printf__E                                               
1002f803  xdc_runtime_Core_destructObject__I                                         
1002f81b  xdc_runtime_System_abortSpin__E                                            
1002f81d  xdc_runtime_Memory_free__E                                                 
1002f831  xdc_runtime_Memory_getStats__E                                             
1002f845  xdc_runtime_SysCallback_abort__E                                           
1002f845  xdc_runtime_System_SupportProxy_abort__E                                   
1002f859  xdc_runtime_SysCallback_exit__E                                            
1002f859  xdc_runtime_System_SupportProxy_exit__E                                    
1002f86d  xdc_runtime_SysCallback_flush__E                                           
1002f86d  xdc_runtime_System_SupportProxy_flush__E                                   
1002f86d  xdc_runtime_System_flush__E                                                
1002f881  xdc_runtime_SysCallback_putch__E                                           
1002f881  xdc_runtime_System_SupportProxy_putch__E                                   
1002f895  xdc_runtime_SysCallback_ready__E                                           
1002f895  xdc_runtime_System_SupportProxy_ready__E                                   
1002f8a9  xdc_runtime_Memory_getMaxDefaultTypeAlign__E                               
1002f8b9  xdc_runtime_System_vsnprintf__E                                            
1002f8c9  xdc_runtime_Timestamp_SupportProxy_get32__E                                
1002f8c9  xdc_runtime_Timestamp_SupportProxy_get32__E                                
1002f8c9  xdc_runtime_Timestamp_get32__E                                             
1002f8c9  xdc_runtime_Timestamp_get32__E                                             
1002f8d9  xdc_runtime_Memory_calloc__E                                               
1002f8e5  xdc_runtime_Startup_rtsDone__E                                             
1002f8f1  xdc_runtime_Memory_HeapProxy_alloc__E                                      
1002f8fb  xdc_runtime_Memory_HeapProxy_free__E                                       
1002f905  xdc_runtime_Memory_HeapProxy_getStats__E                                   
1002f90f  xdc_runtime_Gate_leaveSystem__E                                            
1002f915  xdc_runtime_System_Module_startup__E                                       
1002f91b  xdc_runtime_Gate_enterSystem__E                                            
1002f91f  xdc_runtime_SysCallback_Module__startupDone__S                             
1002f91f  xdc_runtime_System_SupportProxy_Module__startupDone__S                     
1002f923  xdc_runtime_System_Module_GateProxy_enter__E                               
1002f927  xdc_runtime_System_Module_GateProxy_leave__E                               
1002f92b  xdc_runtime_System_printf_va__F                                            
1002f92f  xdc_runtime_System_exitSpin__E                                             
1002f931  ti_sysbios_family_arm_m3_Hwi_dispatch__I                                   
1002fa11  ti_sysbios_family_arm_m3_Hwi_interruptsAreDisabledButShouldNotBe           
1002fa2d  ti_sysbios_family_arm_m3_TaskSupport_buildTaskStack                        
1002fab9  ti_sysbios_family_arm_m3_Hwi_initStacks__E                                 
1002fb11  ti_sysbios_family_arm_m3_Hwi_pendSV__I                                     
1002fb35  ti_sysbios_family_arm_m3_Hwi_return                                        
1002fb39  ti_sysbios_family_arm_m3_Hwi_excHandlerAsm__I                              
1002fb59  ti_sysbios_family_xxx_Hwi_switchAndRunFunc                                 
1002fb77  ti_sysbios_family_arm_m3_TaskSupport_swap__E                               
1002fb77  ti_sysbios_knl_Task_SupportProxy_swap__E                                   
1002fb77  ti_sysbios_knl_Task_SupportProxy_swap__E                                   
1002fb83  ti_sysbios_knl_Task_swapReturn                                             
1002fb8f  ti_sysbios_family_arm_m3_TaskSupport_glue                                  
1002fba0  ti_sysbios_knl_Task_Object__PARAMS__C                                      
1002fbdc  ti_sysbios_knl_Mailbox_Object__PARAMS__C                                   
1002fc10  ti_sysbios_family_arm_m3_Hwi_Object__PARAMS__C                             
1002fc40  ti_sysbios_hal_Hwi_Object__PARAMS__C                                       
1002fc6c  ti_sysbios_knl_Swi_Object__PARAMS__C                                       
1002fc94  ti_sysbios_heaps_HeapMem_Object__PARAMS__C                                 
1002fcb8  ti_sysbios_knl_Clock_Object__PARAMS__C                                     
1002fcdc  ti_sysbios_knl_Semaphore_Object__PARAMS__C                                 
1002fd00  ti_sysbios_gates_GateHwi_Object__PARAMS__C                                 
1002fd18  ti_sysbios_gates_GateMutex_Object__PARAMS__C                               
1002fd30  ti_sysbios_knl_Event_Object__PARAMS__C                                     
1002fd48  ti_sysbios_knl_Queue_Object__PARAMS__C                                     
1002fd80  ti_sysbios_heaps_HeapTrack_Object__PARAMS__C                               
1002fd9c  ti_sysbios_heaps_HeapTrack_Instance_State_trackQueue__O                    
1002fda0  ti_sysbios_heaps_HeapTrack_Module__diagsEnabled__C                         
1002fda4  ti_sysbios_heaps_HeapTrack_Module__diagsIncluded__C                        
1002fda8  ti_sysbios_heaps_HeapTrack_Module__diagsMask__C                            
1002fddb  strlen                                                                     
20000000  __start___llvm_prf_cnts                                                    
20000000  __stop___llvm_prf_cnts                                                     
20000000  ti_sysbios_family_arm_m3_Hwi_ramVectors                                    
20000100  xdcRomConstPtr                                                             
20000104  xdcRomExternFuncPtr                                                        
20000108  xdcRomStatePtr                                                             
20000110  __primary_heap_start__                                                     
20004110  PowerCC26X2_module                                                         
20004110  __primary_heap_end__                                                       
20004280  ROM_stateStruct                                                            
20004280  ti_sysbios_knl_Clock_Module__state__V                                      
200042ac  ti_sysbios_family_arm_cc26xx_TimestampProvider_Module__state__V            
200042b0  xdc_runtime_Startup_Module__state__V                                       
200042b8  xdc_runtime_Registry_Module__state__V                                      
200042c0  ti_sysbios_BIOS_Module__state__V                                           
200042e4  ti_sysbios_knl_Swi_Module__state__V                                        
20004300  ti_sysbios_knl_Task_Module__state__V                                       
20004344  xdc_runtime_Memory_Module__state__V                                        
20004348  xdc_runtime_System_Module__state__V                                        
20004350  ti_sysbios_family_arm_m3_Hwi_Module__state__V                              
20004384  ti_sysbios_family_arm_cc26xx_Timer_Module__state__V                        
20004414  ti_sysbios_gates_GateMutex_Object__table__V                                
20004468  ti_sysbios_knl_Task_Object__table__V                                       
200044b4  gpioCallbackFunctions                                                      
200044b8  ti_sysbios_family_arm_cc26xx_Timer_Object__table__V                        
20004500  ti_sysbios_knl_Swi_Module_State_0_readyQ__A                                
20004530  ti_sysbios_knl_Swi_Object__table__V                                        
20004560  ti_sysbios_knl_Task_Module_State_0_readyQ__A                               
20004590  _hposcCoeffs                                                               
200045b4  ti_sysbios_knl_Clock_Object__table__V                                      
200045d4  xdc_runtime_Error_IgnoreBlock                                              
200045f4  ti_sysbios_family_arm_m3_Hwi_Object__table__V                              
2000460c  ti_sysbios_heaps_HeapMem_Object__table__V                                  
20004624  _lock                                                                      
20004628  _unlock                                                                    
2000462c  pinUpperBound                                                              
20004630  pinLowerBound                                                              
20004634  ti_sysbios_family_arm_m3_Hwi_Module__root__V                               
2000463c  ti_sysbios_gates_GateHwi_Module__root__V                                   
20004644  ti_sysbios_gates_GateMutex_Module__root__V                                 
2000464c  ti_sysbios_hal_Hwi_Module__root__V                                         
20004654  ti_sysbios_heaps_HeapMem_Module__root__V                                   
2000465c  ti_sysbios_knl_Clock_Module__root__V                                       
20004664  ti_sysbios_knl_Event_Module__root__V                                       
2000466c  ti_sysbios_knl_Mailbox_Module__root__V                                     
20004674  ti_sysbios_knl_Queue_Module__root__V                                       
2000467c  ti_sysbios_knl_Semaphore_Module__root__V                                   
20004684  ti_sysbios_knl_Swi_Module__root__V                                         
2000468c  ti_sysbios_knl_Task_Module__root__V                                        
20004694  xdc_runtime_System_Module_State_0_atexitHandlers__A                        
200046a2  ti_sysbios_family_arm_m3_Hwi_Module_State_0_excActive__A                   
200046a4  gpioPinConfigs                                                             
200046ac  main_func_sp                                                               
200046b0  ti_sysbios_family_arm_m3_Hwi_Module_State_0_excContext__A                  
200046b4  ti_sysbios_family_arm_m3_Hwi_Module_State_0_excStack__A                    
200046b8  ti_sysbios_knl_Task_Module_State_0_idleTask__A                             
200046c0  ti_sysbios_knl_Task_Instance_State_0_stack__A                              
200048c0  i2cCC26xxObjects                                                           
20004a04  ti_sysbios_family_arm_m3_Hwi_dispatchTable                                 
20004adc  pinHandleTable                                                             
20004c54  PowerCC26XX_swiKey                                                         
20004c58  PowerCC26XX_taskKey                                                        
20004c5c  driverlib_release_0_59848                                                  
20013c00  __stack                                                                    
20014000  __STACK_END                                                                
e000e000  ti_sysbios_family_arm_m3_Hwi_nvic                                          
ffffffff  __TI_pprof_out_hndl                                                        
ffffffff  __TI_prof_data_size                                                        
ffffffff  __TI_prof_data_start                                                       
ffffffff  __binit__                                                                  
ffffffff  __c_args__                                                                 
ffffffff  binit                                                                      
UNDEFED   ITM_flush                                                                  
UNDEFED   ITM_restore                                                                
UNDEFED   SHT$$INIT_ARRAY$$Base                                                      
UNDEFED   SHT$$INIT_ARRAY$$Limit                                                     

[865 symbols]
