******************************************************************************
                  TI ARM Linker PC v20.2.4                     
******************************************************************************
>> Linked Tue Apr 13 14:33:52 2021

OUTPUT FILE NAME:   <empty_CC26X2R1_LAUNCHXL_tirtos_ccs.out>
ENTRY POINT SYMBOL: "ResetISR"  address: 00003b29


MEMORY CONFIGURATION

         name            origin    length      used     unused   attr    fill
----------------------  --------  ---------  --------  --------  ----  --------
  FLASH                 00000000   00058000  000060d9  00051f27  R  X
  GPRAM                 11000000   00002000  00000000  00002000  RW X
  SRAM                  20000000   00014000  0000516d  0000ee93  RW X
  LOG_DATA              90000000   00040000  00000000  00040000  R   


SEGMENT ALLOCATION MAP

run origin  load origin   length   init length attrs members
----------  ----------- ---------- ----------- ----- -------
00000000    00000000    00006088   00006088    r-x
  00000000    00000000    0000003c   0000003c    r-- .resetVecs
  0000003c    0000003c    00005778   00005778    r-x .text
  000057b4    000057b4    000006ed   000006ed    r-- .const
  00005ea8    00005ea8    000001e0   000001e0    r-- .cinit
00057fa8    00057fa8    00000058   00000058    r--
  00057fa8    00057fa8    00000058   00000058    r-- .ccfg
20000100    20000100    0000000c   00000000    rw-
  20000100    20000100    00000004   00000000    rw- .data:xdcRomConstPtr
  20000104    20000104    00000004   00000000    rw- .data:xdcRomExternFuncPtr
  20000108    20000108    00000004   00000000    rw- .data:xdcRomStatePtr
20000110    20000110    00004000   00000000    r--
  20000110    20000110    00004000   00000000    r-- .priheap
20004110    20004110    00000c90   00000000    rw-
  20004110    20004110    000006d1   00000000    rw- .bss
  200047e8    200047e8    000005b8   00000000    rw- .data
20013c00    20013c00    00000400   00000000    rw-
  20013c00    20013c00    00000400   00000000    rw- .stack


SECTION ALLOCATION MAP

 output                                  attributes/
section   page    origin      length       input sections
--------  ----  ----------  ----------   ----------------
.binit     0    00000000    00000000     

.cinit     0    00005ea8    000001e0     
                  00005ea8    00000189     (.cinit..data.load) [load image, compression = lzss]
                  00006031    00000003     --HOLE-- [fill = 0]
                  00006034    0000000c     (__TI_handler_table)
                  00006040    00000008     (.cinit..bss.load) [load image, compression = zero_init]
                  00006048    00000008     (.cinit..data:xdcRomConstPtr.load) [load image, compression = lzss]
                  00006050    00000008     (.cinit..data:xdcRomExternFuncPtr.load) [load image, compression = lzss]
                  00006058    00000008     (.cinit..data:xdcRomStatePtr.load) [load image, compression = lzss]
                  00006060    00000028     (__TI_cinit_table)

.init_array 
*          0    00000000    00000000     UNINITIALIZED

.ccfg      0    00057fa8    00000058     
                  00057fa8    00000058     ti_devices_config.obj (.ccfg:retain)

.bss       0    20004110    000006d1     UNINITIALIZED
                  20004110    00000200     release_pem4f.oem4f (.bss:taskStackSection)
                  20004310    00000144     (.common:i2cCC26xxObjects)
                  20004454    000000d8     (.common:ti_sysbios_family_arm_m3_Hwi_dispatchTable)
                  2000452c    0000007c     (.common:pinHandleTable)
                  200045a8    0000005c     (.common:LEDObjects)
                  20004604    00000050     drivers_cc26x2.a : PINCC26XX.oem4f (.bss:pinSemaphore)
                  20004654    0000004c     (.common:gptimerCC26XXObjects)
                  200046a0    00000034                      : PINCC26XX.oem4f (.bss:pinSwi)
                  200046d4    00000028     (.common:ButtonObjects)
                  200046fc    00000020                      : GPIOCC26XX.oem4f (.bss:gpioCallbackInfo)
                  2000471c    00000020                      : PINCC26XX.oem4f (.bss:pinGpioConfigTable)
                  2000473c    00000020     (.common:pwmTimerCC26XXObjects)
                  2000475c    0000001c                      : PINCC26XX.oem4f (.bss:pinHwi)
                  20004778    0000001c     (.common:semStruct)
                  20004794    00000010     (.common:buttonParams)
                  200047a4    0000000c                      : GPIOCC26XX.oem4f (.bss:gpioPinState)
                  200047b0    0000000c                      : PWMTimerCC26XX.oem4f (.bss:pinState)
                  200047bc    00000008                      : GPIOCC26XX.oem4f (.bss)
                  200047c4    00000008     (.common:ledParams)
                  200047cc    00000004                      : PINCC26XX.oem4f (.bss)
                  200047d0    00000004     rtsv7M4_T_le_v4SPD16_eabi.lib : new.cpp.obj (.bss)
                  200047d4    00000004     (.common:PowerCC26XX_swiKey)
                  200047d8    00000004     (.common:PowerCC26XX_taskKey)
                  200047dc    00000004     (.common:semHandle)
                  200047e0    00000001     (.common:driverlib_release_0_59848)

.data      0    200047e8    000005b8     UNINITIALIZED
                  200047e8    00000170     drivers_cc26x2.a : PowerCC26X2.oem4f (.data:PowerCC26X2_module)
                  20004958    0000010c     release_pem4f.oem4f (.data:ROM_stateStruct)
                  20004a64    00000088     rom_sysbios.aem4f : rom_sysbios.obj (.data:$O1$$)
                  20004aec    00000054     release_pem4f.oem4f (.data:ti_sysbios_gates_GateMutex_Object__table__V)
                  20004b40    0000004c     release_pem4f.oem4f (.data:ti_sysbios_knl_Task_Object__table__V)
                  20004b8c    00000004     drivers_cc26x2.a : PWMTimerCC26XX.oem4f (.data)
                  20004b90    00000048     release_pem4f.oem4f (.data:ti_sysbios_family_arm_cc26xx_Timer_Object__table__V)
                  20004bd8    00000030     release_pem4f.oem4f (.data:ti_sysbios_knl_Swi_Module_State_0_readyQ__A)
                  20004c08    00000030     release_pem4f.oem4f (.data:ti_sysbios_knl_Swi_Object__table__V)
                  20004c38    00000030     release_pem4f.oem4f (.data:ti_sysbios_knl_Task_Module_State_0_readyQ__A)
                  20004c68    00000024     driverlib.lib : osc.obj (.data:$O1$$)
                  20004c8c    00000020     release_pem4f.oem4f (.data:ti_sysbios_knl_Clock_Object__table__V)
                  20004cac    00000020     release_pem4f.oem4f (.data:xdc_runtime_Error_IgnoreBlock)
                  20004ccc    00000018     release_pem4f.oem4f (.data:ti_sysbios_family_arm_m3_Hwi_Object__table__V)
                  20004ce4    00000018     release_pem4f.oem4f (.data:ti_sysbios_heaps_HeapMem_Object__table__V)
                  20004cfc    00000008     rtsv7M4_T_le_v4SPD16_eabi.lib : _lock.c.obj (.data:$O1$$)
                  20004d04    00000008     drivers_cc26x2.a : PINCC26XX.oem4f (.data)
                  20004d0c    00000008     empty.obj (.data)
                  20004d14    00000008     release_pem4f.oem4f (.data:ti_sysbios_family_arm_m3_Hwi_Module__root__V)
                  20004d1c    00000008     release_pem4f.oem4f (.data:ti_sysbios_gates_GateHwi_Module__root__V)
                  20004d24    00000008     release_pem4f.oem4f (.data:ti_sysbios_gates_GateMutex_Module__root__V)
                  20004d2c    00000008     release_pem4f.oem4f (.data:ti_sysbios_hal_Hwi_Module__root__V)
                  20004d34    00000008     release_pem4f.oem4f (.data:ti_sysbios_heaps_HeapMem_Module__root__V)
                  20004d3c    00000008     release_pem4f.oem4f (.data:ti_sysbios_knl_Clock_Module__root__V)
                  20004d44    00000008     release_pem4f.oem4f (.data:ti_sysbios_knl_Event_Module__root__V)
                  20004d4c    00000008     release_pem4f.oem4f (.data:ti_sysbios_knl_Mailbox_Module__root__V)
                  20004d54    00000008     release_pem4f.oem4f (.data:ti_sysbios_knl_Queue_Module__root__V)
                  20004d5c    00000008     release_pem4f.oem4f (.data:ti_sysbios_knl_Semaphore_Module__root__V)
                  20004d64    00000008     release_pem4f.oem4f (.data:ti_sysbios_knl_Swi_Module__root__V)
                  20004d6c    00000008     release_pem4f.oem4f (.data:ti_sysbios_knl_Task_Module__root__V)
                  20004d74    00000008     release_pem4f.oem4f (.data:xdc_runtime_System_Module_State_0_atexitHandlers__A)
                  20004d7c    00000005     drivers_cc26x2.a : GPIOCC26XX.oem4f (.data)
                  20004d81    00000001                      : PWM.oem4f (.data)
                  20004d82    00000002     release_pem4f.oem4f (.data:ti_sysbios_family_arm_m3_Hwi_Module_State_0_excActive__A)
                  20004d84    00000004     ti_drivers_config.obj (.data:gpioCallbackFunctions)
                  20004d88    00000004     ti_drivers_config.obj (.data:gpioPinConfigs)
                  20004d8c    00000004     drivers_cc26x2.a : GPIOCC26XX.oem4f (.data:gpioPinTable)
                  20004d90    00000004     rtsv7M4_T_le_v4SPD16_eabi.lib : stkdepth_vars.c.obj (.data)
                  20004d94    00000004     release_pem4f.oem4f (.data:ti_sysbios_family_arm_m3_Hwi_Module_State_0_excContext__A)
                  20004d98    00000004     release_pem4f.oem4f (.data:ti_sysbios_family_arm_m3_Hwi_Module_State_0_excStack__A)
                  20004d9c    00000004     release_pem4f.oem4f (.data:ti_sysbios_knl_Task_Module_State_0_idleTask__A)

.stack     0    20013c00    00000400     UNINITIALIZED
                  20013c00    00000400     --HOLE--

.priheap   0    20000110    00004000     UNINITIALIZED
                  20000110    00004000     --HOLE--

.log_data 
*          0    90000000    00000000     COPY SECTION

.data:xdcRomConstPtr 
*          0    20000100    00000004     UNINITIALIZED
                  20000100    00000004     release_pem4f.oem4f (.data:xdcRomConstPtr)

.data:xdcRomExternFuncPtr 
*          0    20000104    00000004     UNINITIALIZED
                  20000104    00000004     release_pem4f.oem4f (.data:xdcRomExternFuncPtr)

.data:xdcRomStatePtr 
*          0    20000108    00000004     UNINITIALIZED
                  20000108    00000004     release_pem4f.oem4f (.data:xdcRomStatePtr)

.bootVecs 
*          0    00000000    00000008     DSECT
                  00000000    00000008     boot.aem4f : boot.oem4f (.bootVecs)

.resetVecs 
*          0    00000000    0000003c     
                  00000000    0000003c     release_pem4f.oem4f (.resetVecs)

.vecs      0    20000000    000000d8     NOLOAD SECTION
                  20000000    000000d8     release_pem4f.oem4f (.vecs)

xdc.meta   0    00000000    0000010d     COPY SECTION
                  00000000    0000010d     release_pem4f.oem4f (xdc.meta)

xdc.noload 
*          0    00000000    00000000     COPY SECTION

__llvm_prf_cnts 
*          0    20000000    00000000     UNINITIALIZED

.text      0    0000003c    00005778     
                  0000003c    000002e4     empty.obj (.text:mainThread)
                  00000320    000001e0     drivers_cc26x2.a : PINCC26XX.oem4f (.text:PIN_init)
                  00000500    000001b6     rtsv7M4_T_le_v4SPD16_eabi.lib : fd_add_t2.asm.obj (.text)
                  000006b6    00000002     ti_drivers_config.obj (.text:Board_initHook)
                  000006b8    00000198     drivers_cc26x2.a : PowerCC26X2.oem4f (.text:Power_sleep)
                  00000850    00000190                      : PowerCC26X2_calibrateRCOSC.oem4f (.text:calibrateRcoscHf1)
                  000009e0    0000018c                      : PowerCC26X2_calibrateRCOSC.oem4f (.text:runCalibrateFsm)
                  00000b6c    00000188     release_pem4f.oem4f (.text:xdc_runtime_System_printfExtend__I)
                  00000cf4    00000186     drivers_cc26x2.a : Button.oem4f (.text:Button_clockTimeoutHandler)
                  00000e7a    00000002                      : I2C.oem4f (.text:I2C_init)
                  00000e7c    00000174                      : PowerCC26X2.oem4f (.text:Power_init)
                  00000ff0    00000158     rtsv7M4_T_le_v4SPD16_eabi.lib : e_sqrt.c.obj (.text:sqrt)
                  00001148    00000150                                   : s_atanf.c.obj (.text:atanf)
                  00001298    00000136                                   : fd_div_t2.asm.obj (.text)
                  000013ce    00000122     drivers_cc26x2.a : I2C.oem4f (.text:I2C_transferTimeout)
                  000014f0    00000120                      : PowerCC26X2.oem4f (.text:configureXOSCHF)
                  00001610    00000114                      : PINCC26XX.oem4f (.text:PINCC26XX_setIoCfg)
                  00001724    00000110                      : GPIOCC26XX.oem4f (.text:GPIO_setConfig)
                  00001834    00000110                      : I2CCC26XX.oem4f (.text:I2C_open)
                  00001944    00000110                      : LED.oem4f (.text:LED_open)
                  00001a54    000000fc     rtsv7M4_T_le_v4SPD16_eabi.lib : fd_mul_t2.asm.obj (.text)
                  00001b50    000000f0     driverlib.lib : sys_ctrl.obj (.text:NOROM_SysCtrlStandby)
                  00001c40    000000ec     drivers_cc26x2.a : I2CCC26XX.oem4f (.text:I2CCC26XX_hwiFxn)
                  00001d2c    000000ec     rom_sysbios.aem4f : rom_sysbios.obj (.text:pthread_create)
                  00001e18    000000e8     drivers_cc26x2.a : Button.oem4f (.text:Button_open)
                  00001f00    000000dc                      : PWMTimerCC26XX.oem4f (.text:PWMTimerCC26XX_open)
                  00001fdc    000000c8     dpl_cc26x2.a : PowerCC26X2_tirtos.oem4f (.text:PowerCC26XX_standbyPolicy)
                  000020a4    000000c4     drivers_cc26x2.a : GPIOCC26XX.oem4f (.text:GPIO_init)
                  00002168    000000c0                      : PowerCC26X2.oem4f (.text:Power_releaseDependency)
                  00002228    000000ba                      : I2CCC26XX.oem4f (.text:I2CCC26XX_swiFxn)
                  000022e2    00000002                      : LED.oem4f (.text:LED_init)
                  000022e4    000000b8                      : PowerCC26X2.oem4f (.text:Power_setDependency)
                  0000239c    000000ac                      : PINCC26XX.oem4f (.text:PIN_open)
                  00002448    000000ac     driverlib.lib : setup.obj (.text:TrimAfterColdResetWakeupFromShutDown)
                  000024f4    000000a0     auto_init.aem4f : auto_init.oem4f (.text)
                  00002594    000000a0     rom_sysbios.aem4f : rom_sysbios.obj (.text:ti_sysbios_knl_Task_setPri__E)
                  00002634    0000009c     drivers_cc26x2.a : PWMTimerCC26XX.oem4f (.text:PWMTimerCC26XX_setDutyAndPeriod)
                  000026d0    0000009c     rtsv7M4_T_le_v4SPD16_eabi.lib : memcpy_t2.asm.obj (.text)
                  0000276c    00000098     driverlib.lib : setup.obj (.text:NOROM_SetupTrimDevice)
                  00002804    00000096     rtsv7M4_T_le_v4SPD16_eabi.lib : ull_div_t2.asm.obj (.text)
                  0000289a    00000092     I2Cdev.obj (.text:_ZN6I2Cdev10writeBytesEhhhPh)
                  0000292c    0000008c     I2Cdev.obj (.text:_ZN6I2Cdev9writeBitsEhhhhh)
                  000029b8    00000088     drivers_cc26x2.a : GPTimerCC26XX.oem4f (.text:GPTimerCC26XX_open)
                  00002a40    00000088                      : I2CCC26XX.oem4f (.text:I2CSupport_primeTransfer)
                  00002ac8    00000088     driverlib.lib : osc.obj (.text:NOROM_OSCHF_AttemptToSwitchToXosc)
                  00002b50    00000088     rom_sysbios.aem4f : rom_sysbios.obj (.text:_pthread_removeThreadKeys)
                  00002bd8    00000088     drivers_cc26x2.a : PowerCC26X2_calibrateRCOSC.oem4f (.text:calibrateRcoscHf2)
                  00002c60    00000088                      : PowerCC26X2.oem4f (.text:disableLFClockQualifiers)
                  00002ce8    00000088                      : PowerCC26X2_calibrateRCOSC.oem4f (.text:updateSubSecInc)
                  00002d70    00000086     rtsv7M4_T_le_v4SPD16_eabi.lib : fd_cmp_t2.asm.obj (.text:__aeabi_cdcmple)
                  00002df6    00000086                                   : fd_cmp_t2.asm.obj (.text:__aeabi_cdrcmple)
                  00002e7c    00000084     ti_drivers_config.obj (.text:Board_sendExtFlashByte)
                  00002f00    00000084     rom_sysbios.aem4f : rom_sysbios.obj (.text:ti_sysbios_family_arm_m3_Hwi_excHandlerMin__I)
                  00002f84    00000080     driverlib.lib : sys_ctrl.obj (.text:NOROM_SysCtrlSetRechargeBeforePowerDown)
                  00003004    00000080     rom_sysbios.aem4f : rom_sysbios.obj (.text:ti_sysbios_family_arm_cc26xx_Timer_start__E)
                  00003084    0000007c     empty.obj (.text:bntConfigCallback)
                  00003100    0000007a     rtsv7M4_T_le_v4SPD16_eabi.lib : memset_t2.asm.obj (.text)
                  0000317a    00000078     I2Cdev.obj (.text:_ZN6I2Cdev9readBytesEhhhPh)
                  000031f2    00000078     kalman.obj (.text:_ZN6Kalman12KalmanUpdateEf)
                  0000326a    00000076     rom_sysbios.aem4f : rom_sysbios.obj (.text:ti_sysbios_heaps_HeapMem_allocUnprotected__E)
                  000032e0    00000074     drivers_cc26x2.a : GPTimerCC26XX.oem4f (.text:GPTimerCC26XX_resetHw)
                  00003354    00000074                      : PowerCC26X2_calibrateRCOSC.oem4f (.text:PowerCC26X2_auxISR)
                  000033c8    00000070                      : PINCC26XX.oem4f (.text:PIN_add)
                  00003438    0000006e     rtsv7M4_T_le_v4SPD16_eabi.lib : fd_tos_t2.asm.obj (.text)
                  000034a6    00000002     drivers_cc26x2.a : PWMTimerCC26XX.oem4f (.text:PWMTimerCC26XX_init)
                  000034a8    0000006d     rom_sysbios.aem4f : rom_sysbios.obj (.text:xdc_runtime_System_formatNum__I)
                  00003515    00000001     --HOLE-- [fill = 0]
                  00003516    00000002     rtsv7M4_T_le_v4SPD16_eabi.lib : _lock.c.obj (.text:_nop)
                  00003518    0000006c     driverlib.lib : chipinfo.obj (.text:NOROM_ChipInfo_GetChipType)
                  00003584    00000068                   : osc.obj (.text:NOROM_OSCHF_SwitchToRcOscTurnOffXosc)
                  000035ec    00000068     rtsv7M4_T_le_v4SPD16_eabi.lib : copy_decompress_lzss.c.obj (.text:decompress:lzss:__TI_decompress_lzss)
                  00003654    00000064     drivers_cc26x2.a : Button.oem4f (.text:Button_gpioCallbackFxn)
                  000036b8    00000064                      : I2CCC26XX.oem4f (.text:I2CCC26XX_initIO)
                  0000371c    00000064     MPU6050.obj (.text:_ZN7MPU605011getRotationEPsS0_S0_)
                  00003780    00000064     MPU6050.obj (.text:_ZN7MPU605015getAccelerationEPsS0_S0_)
                  000037e4    00000064     main_tirtos.obj (.text:main)
                  00003848    00000060     drivers_cc26x2.a : GPIOCC26XX.oem4f (.text:GPIO_write)
                  000038a8    0000005e     I2Cdev.obj (.text:_ZN6I2Cdev8writeBitEhhhh)
                  00003906    00000002     drivers_cc26x2.a : PowerCC26X2.oem4f (.text:emptyClockFunc)
                  00003908    0000005c                      : PINCC26XX.oem4f (.text:PIN_remove)
                  00003964    0000005c                      : PWMTimerCC26XX.oem4f (.text:PWMTimerCC26XX_setPeriod)
                  000039c0    0000005c     rom_sysbios.aem4f : rom_sysbios.obj (.text:ti_sysbios_heaps_HeapMem_initPrimary__I)
                  00003a1c    0000005c     release_pem4f.oem4f (.text:xdc_runtime_Startup_getState__I)
                  00003a78    00000058     drivers_cc26x2.a : GPTimerCC26XX.oem4f (.text:GPTimerCC26XX_stop)
                  00003ad0    00000058                      : PowerCC26X2_calibrateRCOSC.oem4f (.text:PowerCC26X2_initiateCalibration)
                  00003b28    00000058     boot.aem4f : boot.oem4f (.text)
                  00003b80    00000058     rom_sysbios.aem4f : rom_sysbios.obj (.text:pthread_exit)
                  00003bd8    00000058                       : rom_sysbios.obj (.text:ti_sysbios_heaps_HeapMem_alloc__E)
                  00003c30    00000056     drivers_cc26x2.a : LED.oem4f (.text:LED_startBlinking)
                  00003c86    00000002     rtsv7M4_T_le_v4SPD16_eabi.lib : div0.asm.obj (.text)
                  00003c88    00000054     driverlib.lib : prcm.obj (.text:NOROM_PRCMPowerDomainsAllOff)
                  00003cdc    00000054     dpl_cc26x2.a : SwiP_tirtos.oem4f (.text:SwiP_construct)
                  00003d30    00000050     drivers_cc26x2.a : GPIOCC26XX.oem4f (.text:GPIO_enableInt)
                  00003d80    00000050                      : PWMTimerCC26XX.oem4f (.text:PWMTimerCC26XX_getdutyCounts)
                  00003dd0    0000004c     ti_drivers_config.obj (.text:Board_wakeUpExtFlash)
                  00003e1c    0000004c     drivers_cc26x2.a : GPTimerCC26XX.oem4f (.text:GPTimerCC26XX_initHw)
                  00003e68    0000004c                      : GPTimerCC26XX.oem4f (.text:GPTimerCC26XX_start)
                  00003eb4    0000004c     driverlib.lib : prcm.obj (.text:NOROM_PRCMPowerDomainsAllOn)
                  00003f00    0000004c     empty.obj (.text:_ZN6KalmanC1Ev)
                  00003f4c    0000004c     rtsv7M4_T_le_v4SPD16_eabi.lib : cpy_tbl.c.obj (.text:copy_in)
                  00003f98    00000048     drivers_cc26x2.a : I2CCC26XX.oem4f (.text:I2CCC26XX_initHw)
                  00003fe0    00000048                      : PWMTimerCC26XX.oem4f (.text:PWMTimerCC26XX_setDuty)
                  00004028    00000048                      : PowerCC26X2_calibrateRCOSC.oem4f (.text:PowerCC26X2_RCOSC_clockFunc)
                  00004070    00000048                      : PowerCC26X2.oem4f (.text:switchXOSCHF)
                  000040b8    00000044                      : GPIOCC26XX.oem4f (.text:GPIO_disableInt)
                  000040fc    00000044     driverlib.lib : chipinfo.obj (.text:NOROM_ChipInfo_GetHwRevision)
                  00004140    00000044     drivers_cc26x2.a : PINCC26XX.oem4f (.text:PIN_swi)
                  00004184    00000044                      : PWM.oem4f (.text:PWM_init)
                  000041c8    00000044     rtsv7M4_T_le_v4SPD16_eabi.lib : fd_tou_t2.asm.obj (.text)
                  0000420c    00000040     ti_drivers_config.obj (.text:Board_shutDownExtFlash)
                  0000424c    00000040     dpl_cc26x2.a : ClockP_tirtos.oem4f (.text:ClockP_construct)
                  0000428c    00000040                  : ClockP_tirtos.oem4f (.text:ClockP_create)
                  000042cc    00000040     driverlib.lib : osc.obj (.text:NOROM_OSC_HPOSCRelativeFrequencyOffsetGet)
                  0000430c    00000040     drivers_cc26x2.a : PWM.oem4f (.text:PWM_open)
                  0000434c    00000040     rtsv7M4_T_le_v4SPD16_eabi.lib : u_divt2.asm.obj (.text)
                  0000438c    00000040     rom_sysbios.aem4f : rom_sysbios.obj (.text:ti_sysbios_family_arm_cc26xx_Timer_setThreshold__I)
                  000043cc    0000003e     dpl_cc26x2.a : HwiP_tirtos.oem4f (.text:HwiP_construct)
                  0000440a    0000003e     drivers_cc26x2.a : LED.oem4f (.text:LED_setBrightnessLevel)
                  00004448    0000003e                      : LED.oem4f (.text:clockTimeoutHandler)
                  00004486    0000003c                      : LED.oem4f (.text:LED_setOff)
                  000044c2    00000002     release_pem4f.oem4f (.text:ti_sysbios_BIOS_nullFunc__I)
                  000044c4    0000003c     drivers_cc26x2.a : PINCC26XX.oem4f (.text:PIN_setInterrupt)
                  00004500    0000003c                      : PINCC26XX.oem4f (.text:PIN_setOutputValue)
                  0000453c    0000003c     rom_sysbios.aem4f : rom_sysbios.obj (.text:ti_sysbios_family_arm_m3_Hwi_construct2__E)
                  00004578    0000003a     I2Cdev.obj (.text:_ZN6I2CdevC1E11I2C_BitRateh)
                  000045b2    00000002     rom_sysbios.aem4f : rom_sysbios.obj (.text:xdc_runtime_SysCallback_defaultAbort)
                  000045b4    00000038     drivers_cc26x2.a : PINCC26XX.oem4f (.text:PIN_setConfig)
                  000045ec    00000038                      : PowerCC26X2.oem4f (.text:notify)
                  00004624    00000038     rtsv7M4_T_le_v4SPD16_eabi.lib : fs_tod_t2.asm.obj (.text)
                  0000465c    00000036     drivers_cc26x2.a : LED.oem4f (.text:LED_setOn)
                  00004692    00000036     rom_sysbios.aem4f : rom_sysbios.obj (.text:ti_sysbios_family_arm_cc26xx_Timer_setNextTick__E)
                  000046c8    00000034     drivers_cc26x2.a : GPTimerCC26XX.oem4f (.text:GPTimerCC26XXSetLoadMatch)
                  000046fc    00000034                      : GPTimerCC26XX.oem4f (.text:GPTimerCC26XX_configureDebugStall)
                  00004730    00000034     driverlib.lib : aux_sysif.obj (.text:NOROM_AUXSYSIFOpModeChange)
                  00004764    00000034                   : sys_ctrl.obj (.text:NOROM_SysCtrlIdle)
                  00004798    00000034     drivers_cc26x2.a : PWMTimerCC26XX.oem4f (.text:PWMTimerCC26XX_getperiodCounts)
                  000047cc    00000034     rom_sysbios.aem4f : rom_sysbios.obj (.text:usleep)
                  00004800    00000030     drivers_cc26x2.a : GPIOCC26XX.oem4f (.text:GPIO_hwiIntFxn)
                  00004830    00000030                      : GPIOCC26XX.oem4f (.text:GPIO_setCallback)
                  00004860    00000030                      : GPTimerCC26XX.oem4f (.text:GPTimerCC26XX_close)
                  00004890    00000030                      : PINCC26XX.oem4f (.text:PINCC26XX_setMux)
                  000048c0    00000030                      : PWMTimerCC26XX.oem4f (.text:PWMTimerCC26XX_start)
                  000048f0    00000030                      : PowerCC26X2.oem4f (.text:Power_releaseConstraint)
                  00004920    00000030                      : PowerCC26X2.oem4f (.text:Power_setConstraint)
                  00004950    00000030     release_pem4f.oem4f (.text:ti_sysbios_BIOS_atExitFunc__I)
                  00004980    00000030     release_pem4f.oem4f (.text:ti_sysbios_BIOS_startFunc__I)
                  000049b0    00000030     rom_sysbios.aem4f : rom_sysbios.obj (.text:ti_sysbios_family_arm_cc26xx_Timer_getCurrentTick__E)
                  000049e0    00000030                       : rom_sysbios.obj (.text:ti_sysbios_family_arm_cc26xx_Timer_initDevice__I)
                  00004a10    00000030     release_pem4f.oem4f (.text:ti_sysbios_rts_MemAlloc_alloc)
                  00004a40    0000002e     rtsv7M4_T_le_v4SPD16_eabi.lib : i_tofd_t2.asm.obj (.text)
                  00004a6e    00000002     rom_sysbios.aem4f : rom_sysbios.obj (.text:xdc_runtime_SysCallback_defaultExit)
                  00004a70    0000002c     drivers_cc26x2.a : GPTimerCC26XX.oem4f (.text:GPTimerCC26XX_getTimerValue)
                  00004a9c    0000002c                      : PWMTimerCC26XX.oem4f (.text:PWMTimerCC26XX_close)
                  00004ac8    0000002c                      : PWMTimerCC26XX.oem4f (.text:PWMTimerCC26XX_stop)
                  00004af4    0000002c     dpl_cc26x2.a : SemaphoreP_tirtos.oem4f (.text:SemaphoreP_constructBinary)
                  00004b20    0000002c                  : SemaphoreP_tirtos.oem4f (.text:SemaphoreP_createBinary)
                  00004b4c    0000002c     rom_sysbios.aem4f : rom_sysbios.obj (.text:_pthread_delete$45)
                  00004b78    0000002c                       : rom_sysbios.obj (.text:pthread_setcancelstate)
                  00004ba4    0000002c                       : rom_sysbios.obj (.text:ti_sysbios_knl_Clock_getTicksUntilInterrupt__E)
                  00004bd0    0000002a     I2Cdev.obj (.text:_ZN6I2Cdev8readByteEhhPh)
                  00004bfa    0000002a     MPU6050.obj (.text:_ZN7MPU605014setClockSourceEh)
                  00004c24    0000002a     MPU6050.obj (.text:_ZN7MPU605021setFullScaleGyroRangeEh)
                  00004c4e    0000002a     MPU6050.obj (.text:_ZN7MPU605022setFullScaleAccelRangeEh)
                  00004c78    00000028     drivers_cc26x2.a : GPIOCC26XX.oem4f (.text:GPIO_read)
                  00004ca0    00000028                      : PowerCC26X2.oem4f (.text:Power_registerNotify)
                  00004cc8    00000028     I2Cdev.obj (.text:_ZN6I2Cdev9writeByteEhhh)
                  00004cf0    00000028     drivers_cc26x2.a : PowerCC26X2.oem4f (.text:oscillatorISR)
                  00004d18    00000026                      : I2C.oem4f (.text:I2C_cancel)
                  00004d3e    00000026                      : List.oem4f (.text:List_put)
                  00004d64    00000026     MPU6050.obj (.text:_ZN7MPU605010initializeEv)
                  00004d8a    00000026     MPU6050.obj (.text:_ZN7MPU6050C1Eh)
                  00004db0    00000024     driverlib.lib : osc.obj (.text:NOROM_OSCHF_TurnOnXosc)
                  00004dd4    00000024     rom_sysbios.aem4f : rom_sysbios.obj (.text:_pthread_cleanupFxn)
                  00004df8    00000024     drivers_cc26x2.a : PowerCC26X2_calibrateRCOSC.oem4f (.text:getTdcSemaphore)
                  00004e1c    00000024     rom_sysbios.aem4f : rom_sysbios.obj (.text:pthread_attr_init)
                  00004e40    00000024     release_pem4f.oem4f (.text:ti_sysbios_BIOS_registerRTSLock__I)
                  00004e64    00000024     release_pem4f.oem4f (.text:ti_sysbios_BIOS_removeRTSLock__I)
                  00004e88    00000024     rom_sysbios.aem4f : rom_sysbios.obj (.text:ti_sysbios_family_arm_cc26xx_Timer_getMaxTicks__E)
                  00004eac    00000022     drivers_cc26x2.a : LED.oem4f (.text:LED_stopBlinking)
                  00004ece    00000022     rtsv7M4_T_le_v4SPD16_eabi.lib : new.cpp.obj (.text:_Znwj)
                  00004ef0    00000020     ti_drivers_config.obj (.text:Board_init)
                  00004f10    00000020     drivers_cc26x2.a : PINCC26XX.oem4f (.text:PINCC26XX_setIoCfgMux)
                  00004f30    00000020     MPU6050.obj (.text:_ZN7MPU605015setSleepEnabledEb)
                  00004f50    00000020     rtsv7M4_T_le_v4SPD16_eabi.lib : u_tofd_t2.asm.obj (.text)
                  00004f70    00000020     release_pem4f.oem4f (.text:ti_sysbios_BIOS_rtsLock__I)
                  00004f90    00000020     rom_sysbios.aem4f : rom_sysbios.obj (.text:ti_sysbios_family_arm_cc26xx_Timer_dynamicStub__E)
                  00004fb0    00000020                       : rom_sysbios.obj (.text:xdc_runtime_Error_policyMin__E)
                  00004fd0    0000001e     drivers_cc26x2.a : PINCC26XX.oem4f (.text:PIN_close)
                  00004fee    0000001e                      : PowerCC26X2.oem4f (.text:Power_getTransitionLatency)
                  0000500c    0000001e                      : Button.oem4f (.text:msToTicks)
                  0000502a    0000001e                      : LED.oem4f (.text:msToTicks)
                  00005048    0000001c     driverlib.lib : chipinfo.obj (.text:NOROM_ChipInfo_GetChipFamily)
                  00005064    0000001c     drivers_cc26x2.a : PINCC26XX.oem4f (.text:PIN_hwi)
                  00005080    0000001c     dpl_cc26x2.a : PowerCC26X2_tirtos.oem4f (.text:PowerCC26XX_schedulerDisable)
                  0000509c    0000001c                  : PowerCC26X2_tirtos.oem4f (.text:PowerCC26XX_schedulerRestore)
                  000050b8    0000001c     empty.obj (.text:_Z4sqrtIiENSt3__29enable_ifIXsr3std3__211is_integralIT_EE5valueEdE4typeES2_)
                  000050d4    0000001c     rom_sysbios.aem4f : rom_sysbios.obj (.text:ti_sysbios_knl_Swi_construct2__E)
                  000050f0    0000001c     release_pem4f.oem4f (.text:xdc_runtime_Startup_exec__I)
                  0000510c    0000001a     drivers_cc26x2.a : LED.oem4f (.text:LED_toggle)
                  00005126    0000001a                      : PWMTimerCC26XX.oem4f (.text:PWMTimerCC26XX_control)
                  00005140    0000001a                      : PowerCC26X2.oem4f (.text:PowerCC26XX_calibrate)
                  0000515a    0000001a     kalman.obj (.text:_ZN6Kalman9getResultEf)
                  00005174    0000001a     release_pem4f.oem4f (.text:free)
                  0000518e    00000002     rom_sysbios.aem4f : rom_sysbios.obj (.text:xdc_runtime_SysCallback_defaultFlush)
                  00005190    00000018     driverlib.lib : chipinfo.obj (.text:NOROM_ChipInfo_GetPackageType)
                  000051a8    00000018     drivers_cc26x2.a : PowerCC26X2.oem4f (.text:Power_idleFunc)
                  000051c0    00000018     rtsv7M4_T_le_v4SPD16_eabi.lib : args_main.c.obj (.text:_args_main)
                  000051d8    00000018                                   : ll_mul_t2.asm.obj (.text)
                  000051f0    00000018     drivers_cc26x2.a : PowerCC26X2.oem4f (.text:switchToTCXO)
                  00005208    00000018     release_pem4f.oem4f (.text:ti_sysbios_BIOS_rtsUnlock__I)
                  00005220    00000018     rom_sysbios.aem4f : rom_sysbios.obj (.text:ti_sysbios_knl_Swi_or__E)
                  00005238    00000018                       : rom_sysbios.obj (.text:ti_sysbios_rts_ti_ReentSupport_getReent__F)
                  00005250    00000018                       : rom_sysbios.obj (.text:xdc_runtime_Error_init__E)
                  00005268    00000016     driverlib.lib : chipinfo.obj (.text:NOROM_ThisLibraryIsFor_CC13x2_CC26x2_HwRev20AndLater_HaltIfViolated)
                  0000527e    00000016     empty.obj (.text:_ZN30_INTERNAL_9_empty_cpp_a1399b3336ti_sysbios_knl_Semaphore_Params_initEP31ti_sysbios_knl_Semaphore_Params)
                  00005294    00000016     rom_sysbios.aem4f : rom_sysbios.obj (.text:_pthread_cleanup_pop)
                  000052aa    00000016     release_pem4f.oem4f (.text:ti_sysbios_BIOS_exitFunc__I)
                  000052c0    00000014     drivers_cc26x2.a : I2CCC26XX.oem4f (.text:I2CSupport_masterFinish)
                  000052d4    00000014                      : I2C.oem4f (.text:I2C_transfer)
                  000052e8    00000014                      : PWM.oem4f (.text:PWM_Params_init)
                  000052fc    00000014                      : PowerCC26X2_calibrateRCOSC.oem4f (.text:PowerCC26X2_calibrate)
                  00005310    00000014     rom_sysbios.aem4f : rom_sysbios.obj (.text:pthread_attr_setschedparam)
                  00005324    00000014                       : rom_sysbios.obj (.text:ti_sysbios_family_arm_cc26xx_Timer_getCount64__E)
                  00005338    00000014     release_pem4f.oem4f (.text:ti_sysbios_knl_Clock_doTick__I)
                  0000534c    00000014     drivers_cc26x2.a : Button.oem4f (.text:timediff)
                  00005360    00000012                      : GPTimerCC26XX.oem4f (.text:GPTimerCC26XX_Params_init)
                  00005372    00000012                      : LED.oem4f (.text:LED_Params_init)
                  00005384    00000012     dpl_cc26x2.a : SemaphoreP_tirtos.oem4f (.text:SemaphoreP_pend)
                  00005396    00000012     rom_sysbios.aem4f : rom_sysbios.obj (.text:_pthread_runStub$45)
                  000053a8    00000010     drivers_cc26x2.a : Button.oem4f (.text:Button_Params_init)
                  000053b8    00000010                      : GPIOCC26XX.oem4f (.text:GPIO_getConfig)
                  000053c8    00000010     dpl_cc26x2.a : HwiP_tirtos.oem4f (.text:HwiP_Params_init)
                  000053d8    00000010     drivers_cc26x2.a : I2CCC26XX.oem4f (.text:I2CCC26XX_postNotify)
                  000053e8    00000010                      : I2C.oem4f (.text:I2C_Params_init)
                  000053f8    00000010                      : PINCC26XX.oem4f (.text:PINCC26XX_getPinCount)
                  00005408    00000010     dpl_cc26x2.a : SwiP_tirtos.oem4f (.text:SwiP_Params_init)
                  00005418    0000000e     rtsv7M4_T_le_v4SPD16_eabi.lib : copy_decompress_none.c.obj (.text:decompress:none:__TI_decompress_none)
                  00005426    0000000e     rom_sysbios.aem4f : rom_sysbios.obj (.text:pthread_attr_setdetachstate)
                  00005434    0000000e                       : rom_sysbios.obj (.text:ti_sysbios_family_arm_cc26xx_TimestampProvider_get32__E)
                  00005442    00000002                       : rom_sysbios.obj (.text:xdc_runtime_SysCallback_defaultPutch)
                  00005444    0000000c     dpl_cc26x2.a : ClockP_tirtos.oem4f (.text:ClockP_getSystemTickPeriod)
                  00005450    0000000c     driverlib.lib : cpu.obj (.text:NOROM_CPUcpsid)
                  0000545c    0000000c                   : cpu.obj (.text:NOROM_CPUcpsie)
                  00005468    0000000c     drivers_cc26x2.a : PINCC26XX.oem4f (.text:PIN_registerIntCb)
                  00005474    0000000c                      : PowerCC26X2.oem4f (.text:Power_getConstraintMask)
                  00005480    0000000c                      : PowerCC26X2.oem4f (.text:Power_getDependencyCount)
                  0000548c    0000000c     dpl_cc26x2.a : SemaphoreP_tirtos.oem4f (.text:SemaphoreP_delete)
                  00005498    0000000c     empty.obj (.text:_ZN30_INTERNAL_9_empty_cpp_a1399b3331ti_sysbios_knl_Semaphore_handleEP31ti_sysbios_knl_Semaphore_Struct)
                  000054a4    0000000c     rtsv7M4_T_le_v4SPD16_eabi.lib : new.cpp.obj (.text:_ZSt15get_new_handlerv)
                  000054b0    0000000c                                   : _lock.c.obj (.text:_register_lock)
                  000054bc    0000000c                                   : _lock.c.obj (.text:_register_unlock)
                  000054c8    0000000c                                   : copy_zero_init.c.obj (.text:decompress:ZI:__TI_zero_init)
                  000054d4    0000000c     rom_sysbios.aem4f : rom_sysbios.obj (.text:pthread_self)
                  000054e0    0000000c                       : rom_sysbios.obj (.text:ti_sysbios_knl_Queue_insert__E)
                  000054ec    0000000c                       : rom_sysbios.obj (.text:ti_sysbios_knl_Swi_getTrigger__E)
                  000054f8    0000000a     dpl_cc26x2.a : ClockP_tirtos.oem4f (.text:ClockP_Params_init)
                  00005502    0000000a     drivers_cc26x2.a : PWM.oem4f (.text:PWM_close)
                  0000550c    0000000a                      : PWM.oem4f (.text:PWM_setDuty)
                  00005516    0000000a                      : PWM.oem4f (.text:PWM_start)
                  00005520    0000000a     release_pem4f.oem4f (.text:ti_sysbios_rts_ti_ReentSupport_getTlsAddr__I)
                  0000552a    00000008     drivers_cc26x2.a : GPTimerCC26XX.oem4f (.text:GPTimerCC26XX_setLoadValue)
                  00005532    00000008                      : GPTimerCC26XX.oem4f (.text:GPTimerCC26XX_setMatchValue)
                  0000553a    00000008                      : I2CCC26XX.oem4f (.text:I2CCC26XX_blockingCallback)
                  00005542    00000008     release_pem4f.oem4f (.text:xdc_runtime_Text_visitRope__I)
                  0000554a    00000006     drivers_cc26x2.a : GPTimerCC26XX.oem4f (.text:GPTimerCC26XX_getValue)
                  00005550    00000006                      : I2CCC26XX.oem4f (.text:I2CSupport_powerRelConstraint)
                  00005556    00000006                      : I2CCC26XX.oem4f (.text:I2CSupport_powerSetConstraint)
                  0000555c    00000006     driverlib.lib : cpu.obj (.text:NOROM_CPUdelay)
                  00005562    00000006     drivers_cc26x2.a : PowerCC26X2.oem4f (.text:delayUs)
                  00005568    00000006     rom_sysbios.aem4f : rom_sysbios.obj (.text:pthread_attr_setstacksize)
                  0000556e    00000004     dpl_cc26x2.a : PowerCC26X2_tirtos.oem4f (.text:CPUwfi)
                  00005572    00000004                  : ClockP_tirtos.oem4f (.text:ClockP_getCpuFreq)
                  00005576    00000004                  : ClockP_tirtos.oem4f (.text:ClockP_setTimeout)
                  0000557a    00000004                  : ClockP_tirtos.oem4f (.text:ClockP_start)
                  0000557e    00000004                  : ClockP_tirtos.oem4f (.text:ClockP_stop)
                  00005582    00000004                  : HwiP_tirtos.oem4f (.text:HwiP_disable)
                  00005586    00000004                  : HwiP_tirtos.oem4f (.text:HwiP_disableInterrupt)
                  0000558a    00000004                  : HwiP_tirtos.oem4f (.text:HwiP_enableInterrupt)
                  0000558e    00000004                  : SemaphoreP_tirtos.oem4f (.text:SemaphoreP_post)
                  00005592    00000004                  : SwiP_tirtos.oem4f (.text:SwiP_getTrigger)
                  00005596    00000004                  : SwiP_tirtos.oem4f (.text:SwiP_or)
                  0000559a    00000004                  : SwiP_tirtos.oem4f (.text:SwiP_post)
                  0000559e    00000004     rom_sysbios.aem4f : rom_sysbios.obj (.text:__aeabi_errno_addr)
                  000055a2    00000004     drivers_cc26x2.a : PowerCC26X2.oem4f (.text:configureRFCoreClocks)
                  000055a6    00000004                      : PowerCC26X2.oem4f (.text:nopResourceHandler)
                  000055aa    00000004     rom_sysbios.aem4f : rom_sysbios.obj (.text:ti_sysbios_knl_Task_getArg1__E)
                  000055ae    00000004                       : rom_sysbios.obj (.text:ti_sysbios_knl_Task_getEnv__E)
                  000055b2    00000004     release_pem4f.oem4f (.text:xdc_runtime_Startup_reset__I)
                  000055b6    00000004     rom_sysbios.aem4f : rom_sysbios.obj (.text:xdc_runtime_SysCallback_defaultReady)
                  000055ba    00000002     --HOLE-- [fill = 0]
                  000055bc    00000008     (.tramp.ti_sysbios_family_arm_m3_Hwi_enableInterrupt__E.1)
                  000055c4    00000008     (.tramp.ti_sysbios_family_arm_m3_Hwi_disableInterrupt__E.1)
                  000055cc    00000008     (.tramp.ti_sysbios_family_arm_m3_Hwi_disableFxn__E.1)
                  000055d4    00000008     (.tramp.ti_sysbios_BIOS_getCpuFreq__E.1)
                  000055dc    00000008     (.tramp.ti_sysbios_knl_Task_self__E.1)
                  000055e4    00000008     (.tramp.ti_sysbios_knl_Semaphore_delete.1)
                  000055ec    00000008     (.tramp.ti_sysbios_knl_Clock_logTick__E.1)
                  000055f4    00000008     (.tramp.ti_sysbios_BIOS_getThreadType__E.1)
                  000055fc    00000008     (.tramp.ti_sysbios_knl_Swi_post__E.1)
                  00005604    00000008     (.tramp.ti_sysbios_BIOS_RtsGateProxy_leave__E.1)
                  0000560c    00000008     (.tramp.ti_sysbios_knl_Swi_construct.1)
                  00005614    00000008     (.tramp.ti_sysbios_knl_Swi_restore__E.1)
                  0000561c    00000008     (.tramp.ti_sysbios_BIOS_RtsGateProxy_enter__E.1)
                  00005624    00000008     (.tramp.ti_sysbios_knl_Clock_TimerProxy_getCurrentTick__E.1)
                  0000562c    00000008     (.tramp.ti_sysbios_knl_Task_delete.1)
                  00005634    00000008     (.tramp.ti_sysbios_knl_Semaphore_destruct.1)
                  0000563c    00000008     (.tramp.ti_sysbios_knl_Semaphore_create.1)
                  00005644    00000008     (.tramp.ti_sysbios_knl_Task_startup__E.1)
                  0000564c    00000008     (.tramp.ti_sysbios_knl_Swi_startup__E.1)
                  00005654    00000008     (.tramp.ti_sysbios_hal_Hwi_startup__E.1)
                  0000565c    00000008     (.tramp.ti_sysbios_family_arm_cc26xx_Timer_startup__E.1)
                  00005664    00000008     (.tramp.xdc_runtime_System_atexit__E.1)
                  0000566c    00000008     (.tramp.ti_sysbios_BIOS_linkedWithIncorrectBootLibrary__E.1)
                  00005674    00000008     (.tramp.xdc_runtime_Startup_rtsDone__E.1)
                  0000567c    00000008     (.tramp.ti_sysbios_knl_Swi_disable__E.1)
                  00005684    00000008     (.tramp.ti_sysbios_knl_Task_sleep__E.1)
                  0000568c    00000008     (.tramp.ti_sysbios_family_arm_m3_Hwi_construct.1)
                  00005694    00000008     (.tramp.ti_sysbios_family_arm_m3_Hwi_Params__init__S.1)
                  0000569c    00000008     (.tramp.ti_sysbios_knl_Clock_create.1)
                  000056a4    00000008     (.tramp.ti_sysbios_knl_Clock_construct.1)
                  000056ac    00000008     (.tramp.ti_sysbios_knl_Clock_Params__init__S.1)
                  000056b4    00000008     (.tramp.ti_sysbios_knl_Swi_Params__init__S.1)
                  000056bc    00000008     (.tramp.ti_sysbios_heaps_HeapMem_Module_GateProxy_leave__E.1)
                  000056c4    00000008     (.tramp.ti_sysbios_heaps_HeapMem_Module_GateProxy_enter__E.1)
                  000056cc    00000008     (.tramp.xdc_runtime_System_exit__E.1)
                  000056d4    00000008     (.tramp.ti_sysbios_heaps_HeapMem_restore__E.1)
                  000056dc    00000008     (.tramp.ti_sysbios_heaps_HeapMem_Object__get__S.1)
                  000056e4    00000008     (.tramp.ti_sysbios_BIOS_start__E.1)
                  000056ec    00000008     (.tramp.xdc_runtime_Error_raiseX__E.1)
                  000056f4    00000008     (.tramp.ti_sysbios_BIOS_setThreadType__E.1)
                  000056fc    00000008     (.tramp.ti_sysbios_family_arm_m3_Hwi_excFillContext__I.1)
                  00005704    00000008     (.tramp.ti_sysbios_knl_Semaphore_post__E.1)
                  0000570c    00000008     (.tramp.xdc_runtime_Memory_free__E.1)
                  00005714    00000008     (.tramp.ti_sysbios_knl_Queue_next__E.1)
                  0000571c    00000008     (.tramp.ti_sysbios_knl_Queue_head__E.1)
                  00005724    00000008     (.tramp.ti_sysbios_knl_Task_restore__E.1)
                  0000572c    00000008     (.tramp.ti_sysbios_knl_Queue_enqueue__E.1)
                  00005734    00000008     (.tramp.ti_sysbios_knl_Queue_empty__E.1)
                  0000573c    00000008     (.tramp.ti_sysbios_knl_Queue_remove__E.1)
                  00005744    00000008     (.tramp.ti_sysbios_knl_Task_disable__E.1)
                  0000574c    00000008     (.tramp.ti_sysbios_knl_Clock_stop__E.1)
                  00005754    00000008     (.tramp.ti_sysbios_knl_Clock_start__E.1)
                  0000575c    00000008     (.tramp.ti_sysbios_knl_Clock_setTimeout__E.1)
                  00005764    00000008     (.tramp.ti_sysbios_knl_Task_create.1)
                  0000576c    00000008     (.tramp.ti_sysbios_knl_Semaphore_Params__init__S.1)
                  00005774    00000008     (.tramp.ti_sysbios_knl_Queue_construct.1)
                  0000577c    00000008     (.tramp.xdc_runtime_Memory_alloc__E.1)
                  00005784    00000008     (.tramp.ti_sysbios_knl_Task_Params__init__S.1)
                  0000578c    00000008     (.tramp.ti_sysbios_family_arm_m3_Hwi_restoreFxn__E.1)
                  00005794    00000008     (.tramp.ti_sysbios_knl_Clock_getTicks__E.1)
                  0000579c    00000008     (.tramp.xdc_runtime_System_doPrint__I.1)
                  000057a4    00000008     (.tramp.ti_sysbios_knl_Semaphore_pend__E.1)
                  000057ac    00000008     (.tramp.ti_sysbios_knl_Semaphore_construct.1)

.const     0    000057b4    000006ed     
                  000057b4    000003b8     release_pem4f.oem4f (.const:ROM_constStruct)
                  00005b6c    00000054     drivers_cc26x2.a : PowerCC26X2.oem4f (.const:resourceDB)
                  00005bc0    00000048     release_pem4f.oem4f (.const:.string)
                  00005c08    00000048     release_pem4f.oem4f (.const:ROM_externFuncPtrs)
                  00005c50    00000034     rtsv7M4_T_le_v4SPD16_eabi.lib : s_atanf.c.obj (.const:$O1$$)
                  00005c84    00000024     drivers_cc26x2.a : PWMTimerCC26XX.oem4f (.const:PWMTimerCC26XX_fxnTable)
                  00005ca8    00000024     release_pem4f.oem4f (.const:xdc_runtime_Startup_sfxnTab__A)
                  00005ccc    0000001c     drivers_cc26x2.a : GPTimerCC26XX.oem4f (.const:GPT_LUT)
                  00005ce8    00000018                      : PWM.oem4f (.const:PWM_defaultParams)
                  00005d00    00000018     ti_drivers_config.obj (.const:i2cCC26xxHWAttrs)
                  00005d18    00000018     drivers_cc26x2.a : GPIOCC26XX.oem4f (.const:interruptType)
                  00005d30    00000014     ti_drivers_config.obj (.const:$P$T1$2)
                  00005d44    00000014     ti_drivers_config.obj (.const:BoardGpioInitTable)
                  00005d58    00000014     ti_drivers_config.obj (.const:GPIOCC26XX_config)
                  00005d6c    00000014     ti_drivers_config.obj (.const:PowerCC26X2_config)
                  00005d80    00000012     release_pem4f.oem4f (.const:xdc_runtime_Startup_sfxnRts__A)
                  00005d92    00000002     ti_drivers_config.obj (.const:LEDHWAttrs)
                  00005d94    00000010     drivers_cc26x2.a : Button.oem4f (.const:Button_defaultParams)
                  00005da4    00000010                      : I2C.oem4f (.const:I2C_defaultParams)
                  00005db4    00000010                      : I2CCC26XX.oem4f (.const:I2C_defaultParams)
                  00005dc4    00000010                      : GPIOCC26XX.oem4f (.const:outPinTypes)
                  00005dd4    0000000c     ti_drivers_config.obj (.const:GPTimerCC26XX_config)
                  00005de0    0000000c     ti_drivers_config.obj (.const:PWM_config)
                  00005dec    0000000c     ti_drivers_config.obj (.const:gptimerCC26XXHWAttrs)
                  00005df8    0000000c     drivers_cc26x2.a : GPIOCC26XX.oem4f (.const:inPinTypes)
                  00005e04    0000000c                      : GPIOCC26XX.oem4f (.const:outPinStrengths)
                  00005e10    0000000c     release_pem4f.oem4f (.const:xdc_runtime_Startup_firstFxns__A)
                  00005e1c    0000000b     ti_drivers_config.obj (.const)
                  00005e27    00000001     ti_drivers_config.obj (.const:ButtonHWAttrs)
                  00005e28    00000008     driverlib.lib : aux_sysif.obj (.const:$O1$$)
                  00005e30    00000008     ti_drivers_config.obj (.const:$P$T0$1)
                  00005e38    00000008     ti_drivers_config.obj (.const:Button_config)
                  00005e40    00000008     drivers_cc26x2.a : GPTimerCC26XX.oem4f (.const:GPT_DefaultParams)
                  00005e48    00000008     ti_drivers_config.obj (.const:I2C_config)
                  00005e50    00000008     ti_drivers_config.obj (.const:LED_config)
                  00005e58    00000008     drivers_cc26x2.a : LED.oem4f (.const:LED_defaultParams)
                  00005e60    00000008     ti_drivers_config.obj (.const:PINCC26XX_hwAttrs)
                  00005e68    00000008     release_pem4f.oem4f (.const:ti_sysbios_family_arm_m3_Hwi_excHookFuncs__A)
                  00005e70    00000008     release_pem4f.oem4f (.const:ti_sysbios_knl_Idle_funcList__A)
                  00005e78    00000006     empty.obj (.const:$P$T3$1)
                  00005e7e    00000006     empty.obj (.const:$P$T4$2)
                  00005e84    00000006     empty.obj (.const:$P$T5$3)
                  00005e8a    00000002     ti_drivers_config.obj (.const:pwmTimerCC26XXHWAttrs)
                  00005e8c    00000004     release_pem4f.oem4f (.const:ti_sysbios_family_arm_m3_Hwi_E_exception__C)
                  00005e90    00000004     release_pem4f.oem4f (.const:ti_sysbios_heaps_HeapMem_primaryHeapBaseAddr__C)
                  00005e94    00000004     release_pem4f.oem4f (.const:ti_sysbios_heaps_HeapMem_primaryHeapEndAddr__C)
                  00005e98    00000004     release_pem4f.oem4f (.const:ti_sysbios_knl_Clock_tickPeriod__C)
                  00005e9c    00000004     release_pem4f.oem4f (.const:ti_sysbios_knl_Task_Object__heap__C)
                  00005ea0    00000001     release_pem4f.oem4f (.const:xdc_runtime_Text_charTab__A)

MODULE SUMMARY

       Module                             code    ro data   rw data
       ------                             ----    -------   -------
    .\
       empty.obj                          1002    18        64     
       I2Cdev.obj                         640     0         0      
       MPU6050.obj                        434     0         0      
       kalman.obj                         146     0         0      
       main_tirtos.obj                    100     0         0      
    +--+----------------------------------+-------+---------+---------+
       Total:                             2322    18        64     
                                                                   
    .\syscfg\
       ti_drivers_config.obj              306     196       572    
       ti_devices_config.obj              0       88        0      
    +--+----------------------------------+-------+---------+---------+
       Total:                             306     284       572    
                                                                   
    C:\Users\Nikolay\workspace_v10\tirtos_builds_cc13x2_cc26x2_release_ccs_4_40_04_04\Debug\configPkg\package\cfg\
       release_pem4f.oem4f                876     1259      1830   
    +--+----------------------------------+-------+---------+---------+
       Total:                             876     1259      1830   
                                                                   
    C:/ti/simplelink_cc13x2_26x2_sdk_4_40_04_04/kernel/tirtos/packages/ti/dpl/lib/ccs/m4f/dpl_cc26x2.a
       PowerCC26X2_tirtos.oem4f           260     0         8      
       ClockP_tirtos.oem4f                166     0         0      
       SemaphoreP_tirtos.oem4f            122     0         0      
       SwiP_tirtos.oem4f                  112     0         0      
       HwiP_tirtos.oem4f                  90      0         0      
    +--+----------------------------------+-------+---------+---------+
       Total:                             750     0         8      
                                                                   
    C:/ti/simplelink_cc13x2_26x2_sdk_4_40_04_04/source/ti/devices/cc13x2_cc26x2/driverlib/bin/ccs/driverlib.lib
       sys_ctrl.obj                       420     0         0      
       osc.obj                            340     0         36     
       setup.obj                          324     0         0      
       chipinfo.obj                       250     0         0      
       prcm.obj                           160     0         0      
       aux_sysif.obj                      52      8         0      
       cpu.obj                            30      0         0      
       driverlib_release.obj              0       0         1      
    +--+----------------------------------+-------+---------+---------+
       Total:                             1576    8         37     
                                                                   
    C:/ti/simplelink_cc13x2_26x2_sdk_4_40_04_04/source/ti/drivers/lib/ccs/m4f/drivers_cc26x2.a
       PowerCC26X2.oem4f                  2028    84        368    
       PINCC26XX.oem4f                    1542    0         328    
       PowerCC26X2_calibrateRCOSC.oem4f   1400    0         0      
       I2CCC26XX.oem4f                    1058    16        0      
       GPIOCC26XX.oem4f                   864     64        61     
       PWMTimerCC26XX.oem4f               836     36        16     
       Button.oem4f                       788     16        0      
       GPTimerCC26XX.oem4f                728     36        0      
       LED.oem4f                          706     8         0      
       I2C.oem4f                          366     16        0      
       PWM.oem4f                          182     24        1      
       List.oem4f                         38      0         0      
    +--+----------------------------------+-------+---------+---------+
       Total:                             10536   300       774    
                                                                   
    C:\Users\Nikolay\workspace_v10\tirtos_builds_cc13x2_cc26x2_release_ccs_4_40_04_04\src\sysbios\rom_sysbios.aem4f
       rom_sysbios.obj                    2191    0         136    
    +--+----------------------------------+-------+---------+---------+
       Total:                             2191    0         136    
                                                                   
    C:\ti\ccs1000\ccs\tools\compiler\ti-cgt-arm_20.2.4.LTS\lib\rtsv7M4_T_le_v4SPD16_eabi.lib
       fd_add_t2.asm.obj                  438     0         0      
       s_atanf.c.obj                      336     52        0      
       e_sqrt.c.obj                       344     0         0      
       fd_div_t2.asm.obj                  310     0         0      
       fd_cmp_t2.asm.obj                  268     0         0      
       fd_mul_t2.asm.obj                  252     0         0      
       memcpy_t2.asm.obj                  156     0         0      
       ull_div_t2.asm.obj                 150     0         0      
       memset_t2.asm.obj                  122     0         0      
       fd_tos_t2.asm.obj                  110     0         0      
       copy_decompress_lzss.c.obj         104     0         0      
       cpy_tbl.c.obj                      76      0         0      
       fd_tou_t2.asm.obj                  68      0         0      
       u_divt2.asm.obj                    64      0         0      
       fs_tod_t2.asm.obj                  56      0         0      
       new.cpp.obj                        46      0         4      
       i_tofd_t2.asm.obj                  46      0         0      
       _lock.c.obj                        26      0         8      
       u_tofd_t2.asm.obj                  32      0         0      
       args_main.c.obj                    24      0         0      
       ll_mul_t2.asm.obj                  24      0         0      
       copy_decompress_none.c.obj         14      0         0      
       copy_zero_init.c.obj               12      0         0      
       stkdepth_vars.c.obj                0       0         4      
       div0.asm.obj                       2       0         0      
    +--+----------------------------------+-------+---------+---------+
       Total:                             3080    52        16     
                                                                   
    C:\ti\simplelink_cc13x2_26x2_sdk_4_40_04_04\kernel\tirtos\packages\ti\targets\arm\rtsarm\lib\auto_init.aem4f
       auto_init.oem4f                    160     0         0      
    +--+----------------------------------+-------+---------+---------+
       Total:                             160     0         0      
                                                                   
    C:\ti\simplelink_cc13x2_26x2_sdk_4_40_04_04\kernel\tirtos\packages\ti\targets\arm\rtsarm\lib\boot.aem4f
       boot.oem4f                         88      0         0      
    +--+----------------------------------+-------+---------+---------+
       Total:                             88      0         0      
                                                                   
       Stack:                             0       0         1024   
       Linker Generated:                  504     477       0      
    +--+----------------------------------+-------+---------+---------+
       Grand Total:                       22389   2398      4461   


LINKER GENERATED COPY TABLES

__TI_cinit_table @ 00006060 records: 5, size/record: 8, table size: 40
	.data: load addr=00005ea8, load size=00000189 bytes, run addr=200047e8, run size=000005b8 bytes, compression=lzss
	.bss: load addr=00006040, load size=00000008 bytes, run addr=20004110, run size=000006d1 bytes, compression=zero_init
	.data:xdcRomConstPtr: load addr=00006048, load size=00000008 bytes, run addr=20000100, run size=00000004 bytes, compression=lzss
	.data:xdcRomExternFuncPtr: load addr=00006050, load size=00000008 bytes, run addr=20000104, run size=00000004 bytes, compression=lzss
	.data:xdcRomStatePtr: load addr=00006058, load size=00000008 bytes, run addr=20000108, run size=00000004 bytes, compression=lzss


LINKER GENERATED HANDLER TABLE

__TI_handler_table @ 00006034 records: 3, size/record: 4, table size: 12
	index: 0, handler: __TI_decompress_lzss
	index: 1, handler: __TI_decompress_none
	index: 2, handler: __TI_zero_init


FAR CALL TRAMPOLINES

callee name               trampoline name
   callee addr  tramp addr   call addr  call info
--------------  -----------  ---------  ----------------
ti_sysbios_family_arm_m3_Hwi_enableInterrupt__E  $Tramp$TT$L$PI$$ti_sysbios_family_arm_m3_Hwi_enableInterrupt__E
   1002d91d     000055bc     0000558a   dpl_cc26x2.a : HwiP_tirtos.oem4f (.text:HwiP_enableInterrupt)
ti_sysbios_family_arm_m3_Hwi_disableInterrupt__E  $Tramp$TT$L$PI$$ti_sysbios_family_arm_m3_Hwi_disableInterrupt__E
   1002d8d9     000055c4     00005586   dpl_cc26x2.a : HwiP_tirtos.oem4f (.text:HwiP_disableInterrupt)
ti_sysbios_family_arm_m3_Hwi_disableFxn__E  $Tramp$TT$L$PI$$ti_sysbios_family_arm_m3_Hwi_disableFxn__E
   1002eb55     000055cc     00005582   dpl_cc26x2.a : HwiP_tirtos.oem4f (.text:HwiP_disable)
ti_sysbios_BIOS_getCpuFreq__E  $Tramp$TT$L$PI$$ti_sysbios_BIOS_getCpuFreq__E
   1002e9fd     000055d4     00005572   dpl_cc26x2.a : ClockP_tirtos.oem4f (.text:ClockP_getCpuFreq)
ti_sysbios_knl_Task_self__E  $Tramp$TT$L$PI$$ti_sysbios_knl_Task_self__E
   1002eaf5     000055dc     000054d6   rom_sysbios.aem4f : rom_sysbios.obj (.text:pthread_self)
                             00005522   release_pem4f.oem4f (.text:ti_sysbios_rts_ti_ReentSupport_getTlsAddr__I)
ti_sysbios_knl_Semaphore_delete  $Tramp$TT$L$PI$$ti_sysbios_knl_Semaphore_delete
   1002ecdb     000055e4     00005492   dpl_cc26x2.a : SemaphoreP_tirtos.oem4f (.text:SemaphoreP_delete)
ti_sysbios_knl_Clock_logTick__E  $Tramp$TT$L$PI$$ti_sysbios_knl_Clock_logTick__E
   1002dbd7     000055ec     0000533a   release_pem4f.oem4f (.text:ti_sysbios_knl_Clock_doTick__I)
ti_sysbios_BIOS_getThreadType__E  $Tramp$TT$L$PI$$ti_sysbios_BIOS_getThreadType__E
   1002ea95     000055f4     0000523a   rom_sysbios.aem4f : rom_sysbios.obj (.text:ti_sysbios_rts_ti_ReentSupport_getReent__F)
ti_sysbios_knl_Swi_post__E  $Tramp$TT$L$PI$$ti_sysbios_knl_Swi_post__E
   1002d891     000055fc     00005234   rom_sysbios.aem4f : rom_sysbios.obj (.text:ti_sysbios_knl_Swi_or__E)
                             00005342   release_pem4f.oem4f (.text:ti_sysbios_knl_Clock_doTick__I)
                             0000559a   dpl_cc26x2.a : SwiP_tirtos.oem4f (.text:SwiP_post)
ti_sysbios_BIOS_RtsGateProxy_leave__E  $Tramp$TT$L$PI$$ti_sysbios_BIOS_RtsGateProxy_leave__E
   1002ec7b     00005604     00005216   release_pem4f.oem4f (.text:ti_sysbios_BIOS_rtsUnlock__I)
ti_sysbios_knl_Swi_construct  $Tramp$TT$L$PI$$ti_sysbios_knl_Swi_construct
   1002d719     0000560c     000050da   rom_sysbios.aem4f : rom_sysbios.obj (.text:ti_sysbios_knl_Swi_construct2__E)
ti_sysbios_knl_Swi_restore__E  $Tramp$TT$L$PI$$ti_sysbios_knl_Swi_restore__E
   1002db61     00005614     000050a2   dpl_cc26x2.a : PowerCC26X2_tirtos.oem4f (.text:PowerCC26XX_schedulerRestore)
ti_sysbios_BIOS_RtsGateProxy_enter__E  $Tramp$TT$L$PI$$ti_sysbios_BIOS_RtsGateProxy_enter__E
   1002ec77     0000561c     00004f76   release_pem4f.oem4f (.text:ti_sysbios_BIOS_rtsLock__I)
ti_sysbios_knl_Clock_TimerProxy_getCurrentTick__E  $Tramp$TT$L$PI$$ti_sysbios_knl_Clock_TimerProxy_getCurrentTick__E
   1002eac5     00005624     00004bb6   rom_sysbios.aem4f : rom_sysbios.obj (.text:ti_sysbios_knl_Clock_getTicksUntilInterrupt__E)
ti_sysbios_knl_Task_delete  $Tramp$TT$L$PI$$ti_sysbios_knl_Task_delete
   1002ece7     0000562c     00004b60   rom_sysbios.aem4f : rom_sysbios.obj (.text:_pthread_delete$45)
ti_sysbios_knl_Semaphore_destruct  $Tramp$TT$L$PI$$ti_sysbios_knl_Semaphore_destruct
   1002e6fd     00005634     00004b54   rom_sysbios.aem4f : rom_sysbios.obj (.text:_pthread_delete$45)
ti_sysbios_knl_Semaphore_create  $Tramp$TT$L$PI$$ti_sysbios_knl_Semaphore_create
   1002dc49     0000563c     00004b40   dpl_cc26x2.a : SemaphoreP_tirtos.oem4f (.text:SemaphoreP_createBinary)
ti_sysbios_knl_Task_startup__E  $Tramp$TT$L$PI$$ti_sysbios_knl_Task_startup__E
   1002eceb     00005644     000049a4   release_pem4f.oem4f (.text:ti_sysbios_BIOS_startFunc__I)
ti_sysbios_knl_Swi_startup__E  $Tramp$TT$L$PI$$ti_sysbios_knl_Swi_startup__E
   1002ec6b     0000564c     000049a0   release_pem4f.oem4f (.text:ti_sysbios_BIOS_startFunc__I)
ti_sysbios_hal_Hwi_startup__E  $Tramp$TT$L$PI$$ti_sysbios_hal_Hwi_startup__E
   1002ec31     00005654     0000499c   release_pem4f.oem4f (.text:ti_sysbios_BIOS_startFunc__I)
ti_sysbios_family_arm_cc26xx_Timer_startup__E  $Tramp$TT$L$PI$$ti_sysbios_family_arm_cc26xx_Timer_startup__E
   1002dcf1     0000565c     00004998   release_pem4f.oem4f (.text:ti_sysbios_BIOS_startFunc__I)
xdc_runtime_System_atexit__E  $Tramp$TT$L$PI$$xdc_runtime_System_atexit__E
   1002f559     00005664     00004990   release_pem4f.oem4f (.text:ti_sysbios_BIOS_startFunc__I)
ti_sysbios_BIOS_linkedWithIncorrectBootLibrary__E  $Tramp$TT$L$PI$$ti_sysbios_BIOS_linkedWithIncorrectBootLibrary__E
   1002d01b     0000566c     0000498a   release_pem4f.oem4f (.text:ti_sysbios_BIOS_startFunc__I)
xdc_runtime_Startup_rtsDone__E  $Tramp$TT$L$PI$$xdc_runtime_Startup_rtsDone__E
   1002f8e5     00005674     00004982   release_pem4f.oem4f (.text:ti_sysbios_BIOS_startFunc__I)
ti_sysbios_knl_Swi_disable__E  $Tramp$TT$L$PI$$ti_sysbios_knl_Swi_disable__E
   1002ea25     0000567c     00004952   release_pem4f.oem4f (.text:ti_sysbios_BIOS_atExitFunc__I)
                             0000508a   dpl_cc26x2.a : PowerCC26X2_tirtos.oem4f (.text:PowerCC26XX_schedulerDisable)
ti_sysbios_knl_Task_sleep__E  $Tramp$TT$L$PI$$ti_sysbios_knl_Task_sleep__E
   1002ce01     00005684     000047f0   rom_sysbios.aem4f : rom_sysbios.obj (.text:usleep)
ti_sysbios_family_arm_m3_Hwi_construct  $Tramp$TT$L$PI$$ti_sysbios_family_arm_m3_Hwi_construct
   1002d421     0000568c     00004556   rom_sysbios.aem4f : rom_sysbios.obj (.text:ti_sysbios_family_arm_m3_Hwi_construct2__E)
ti_sysbios_family_arm_m3_Hwi_Params__init__S  $Tramp$TT$L$PI$$ti_sysbios_family_arm_m3_Hwi_Params__init__S
   1002eb49     00005694     000043e8   dpl_cc26x2.a : HwiP_tirtos.oem4f (.text:HwiP_construct)
ti_sysbios_knl_Clock_create  $Tramp$TT$L$PI$$ti_sysbios_knl_Clock_create
   1002db25     0000569c     000042c0   dpl_cc26x2.a : ClockP_tirtos.oem4f (.text:ClockP_create)
ti_sysbios_knl_Clock_construct  $Tramp$TT$L$PI$$ti_sysbios_knl_Clock_construct
   1002dd8d     000056a4     00004282   dpl_cc26x2.a : ClockP_tirtos.oem4f (.text:ClockP_construct)
ti_sysbios_knl_Clock_Params__init__S  $Tramp$TT$L$PI$$ti_sysbios_knl_Clock_Params__init__S
   1002eb9d     000056ac     00004268   dpl_cc26x2.a : ClockP_tirtos.oem4f (.text:ClockP_construct)
                             000042a6                : ClockP_tirtos.oem4f (.text:ClockP_create)
ti_sysbios_knl_Swi_Params__init__S  $Tramp$TT$L$PI$$ti_sysbios_knl_Swi_Params__init__S
   1002ebf1     000056b4     00003d06   dpl_cc26x2.a : SwiP_tirtos.oem4f (.text:SwiP_construct)
ti_sysbios_heaps_HeapMem_Module_GateProxy_leave__E  $Tramp$TT$L$PI$$ti_sysbios_heaps_HeapMem_Module_GateProxy_leave__E
   1002ecaf     000056bc     00003bfe   rom_sysbios.aem4f : rom_sysbios.obj (.text:ti_sysbios_heaps_HeapMem_alloc__E)
ti_sysbios_heaps_HeapMem_Module_GateProxy_enter__E  $Tramp$TT$L$PI$$ti_sysbios_heaps_HeapMem_Module_GateProxy_enter__E
   1002ecab     000056c4     00003be8   rom_sysbios.aem4f : rom_sysbios.obj (.text:ti_sysbios_heaps_HeapMem_alloc__E)
xdc_runtime_System_exit__E  $Tramp$TT$L$PI$$xdc_runtime_System_exit__E
   1002f7b1     000056cc     00003b68   boot.aem4f : boot.oem4f (.text)
                             000052ba   release_pem4f.oem4f (.text:ti_sysbios_BIOS_exitFunc__I)
ti_sysbios_heaps_HeapMem_restore__E  $Tramp$TT$L$PI$$ti_sysbios_heaps_HeapMem_restore__E
   1002eb13     000056d4     00003a04   rom_sysbios.aem4f : rom_sysbios.obj (.text:ti_sysbios_heaps_HeapMem_initPrimary__I)
ti_sysbios_heaps_HeapMem_Object__get__S  $Tramp$TT$L$PI$$ti_sysbios_heaps_HeapMem_Object__get__S
   1002e275     000056dc     000039d4   rom_sysbios.aem4f : rom_sysbios.obj (.text:ti_sysbios_heaps_HeapMem_initPrimary__I)
ti_sysbios_BIOS_start__E  $Tramp$TT$L$PI$$ti_sysbios_BIOS_start__E
   1002eaa5     000056e4     0000383a   main_tirtos.obj (.text:main)
xdc_runtime_Error_raiseX__E  $Tramp$TT$L$PI$$xdc_runtime_Error_raiseX__E
   1002f739     000056ec     00002f62   rom_sysbios.aem4f : rom_sysbios.obj (.text:ti_sysbios_family_arm_m3_Hwi_excHandlerMin__I)
                             00003c18                     : rom_sysbios.obj (.text:ti_sysbios_heaps_HeapMem_alloc__E)
ti_sysbios_BIOS_setThreadType__E  $Tramp$TT$L$PI$$ti_sysbios_BIOS_setThreadType__E
   1002ea11     000056f4     00002f22   rom_sysbios.aem4f : rom_sysbios.obj (.text:ti_sysbios_family_arm_m3_Hwi_excHandlerMin__I)
                             0000495c   release_pem4f.oem4f (.text:ti_sysbios_BIOS_atExitFunc__I)
                             000052b4   release_pem4f.oem4f (.text:ti_sysbios_BIOS_exitFunc__I)
ti_sysbios_family_arm_m3_Hwi_excFillContext__I  $Tramp$TT$L$PI$$ti_sysbios_family_arm_m3_Hwi_excFillContext__I
   1002bda9     000056fc     00002f1c   rom_sysbios.aem4f : rom_sysbios.obj (.text:ti_sysbios_family_arm_m3_Hwi_excHandlerMin__I)
ti_sysbios_knl_Semaphore_post__E  $Tramp$TT$L$PI$$ti_sysbios_knl_Semaphore_post__E
   1002cd21     00005704     00002bbe   rom_sysbios.aem4f : rom_sysbios.obj (.text:_pthread_removeThreadKeys)
                             000030d0   empty.obj (.text:bntConfigCallback)
                             00003bb0   rom_sysbios.aem4f : rom_sysbios.obj (.text:pthread_exit)
                             0000558e   dpl_cc26x2.a : SemaphoreP_tirtos.oem4f (.text:SemaphoreP_post)
xdc_runtime_Memory_free__E  $Tramp$TT$L$PI$$xdc_runtime_Memory_free__E
   1002f81d     0000570c     00002bb4   rom_sysbios.aem4f : rom_sysbios.obj (.text:_pthread_removeThreadKeys)
                             00004b6c                     : rom_sysbios.obj (.text:_pthread_delete$45)
                             00005188   release_pem4f.oem4f (.text:free)
ti_sysbios_knl_Queue_next__E  $Tramp$TT$L$PI$$ti_sysbios_knl_Queue_next__E
   1002ecd7     00005714     00002b8e   rom_sysbios.aem4f : rom_sysbios.obj (.text:_pthread_removeThreadKeys)
ti_sysbios_knl_Queue_head__E  $Tramp$TT$L$PI$$ti_sysbios_knl_Queue_head__E
   1002ecd3     0000571c     00002b7a   rom_sysbios.aem4f : rom_sysbios.obj (.text:_pthread_removeThreadKeys)
ti_sysbios_knl_Task_restore__E  $Tramp$TT$L$PI$$ti_sysbios_knl_Task_restore__E
   1002df45     00005724     00002622   rom_sysbios.aem4f : rom_sysbios.obj (.text:ti_sysbios_knl_Task_setPri__E)
                             00002b68                     : rom_sysbios.obj (.text:_pthread_removeThreadKeys)
                             00002bc8                     : rom_sysbios.obj (.text:_pthread_removeThreadKeys)
                             00003bc2                     : rom_sysbios.obj (.text:pthread_exit)
                             00004de4                     : rom_sysbios.obj (.text:_pthread_cleanupFxn)
                             000050aa   dpl_cc26x2.a : PowerCC26X2_tirtos.oem4f (.text:PowerCC26XX_schedulerRestore)
ti_sysbios_knl_Queue_enqueue__E  $Tramp$TT$L$PI$$ti_sysbios_knl_Queue_enqueue__E
   1002ebd9     0000572c     000025f4   rom_sysbios.aem4f : rom_sysbios.obj (.text:ti_sysbios_knl_Task_setPri__E)
ti_sysbios_knl_Queue_empty__E  $Tramp$TT$L$PI$$ti_sysbios_knl_Queue_empty__E
   1002eb21     00005734     000025dc   rom_sysbios.aem4f : rom_sysbios.obj (.text:ti_sysbios_knl_Task_setPri__E)
                             00002b60                     : rom_sysbios.obj (.text:_pthread_removeThreadKeys)
ti_sysbios_knl_Queue_remove__E  $Tramp$TT$L$PI$$ti_sysbios_knl_Queue_remove__E
   1002eb2f     0000573c     000025d6   rom_sysbios.aem4f : rom_sysbios.obj (.text:ti_sysbios_knl_Task_setPri__E)
                             00002b96                     : rom_sysbios.obj (.text:_pthread_removeThreadKeys)
                             00002b9c                     : rom_sysbios.obj (.text:_pthread_removeThreadKeys)
ti_sysbios_knl_Task_disable__E  $Tramp$TT$L$PI$$ti_sysbios_knl_Task_disable__E
   1002ea4d     00005744     0000259c   rom_sysbios.aem4f : rom_sysbios.obj (.text:ti_sysbios_knl_Task_setPri__E)
                             00002b56                     : rom_sysbios.obj (.text:_pthread_removeThreadKeys)
                             00003bb6                     : rom_sysbios.obj (.text:pthread_exit)
                             00004956   release_pem4f.oem4f (.text:ti_sysbios_BIOS_atExitFunc__I)
                             00004dd6   rom_sysbios.aem4f : rom_sysbios.obj (.text:_pthread_cleanupFxn)
                             00005082   dpl_cc26x2.a : PowerCC26X2_tirtos.oem4f (.text:PowerCC26XX_schedulerDisable)
ti_sysbios_knl_Clock_stop__E  $Tramp$TT$L$PI$$ti_sysbios_knl_Clock_stop__E
   1002e2c5     0000574c     00002042   dpl_cc26x2.a : PowerCC26X2_tirtos.oem4f (.text:PowerCC26XX_standbyPolicy)
                             0000557e                : ClockP_tirtos.oem4f (.text:ClockP_stop)
ti_sysbios_knl_Clock_start__E  $Tramp$TT$L$PI$$ti_sysbios_knl_Clock_start__E
   1002e9e7     00005754     0000202e   dpl_cc26x2.a : PowerCC26X2_tirtos.oem4f (.text:PowerCC26XX_standbyPolicy)
                             0000557a                : ClockP_tirtos.oem4f (.text:ClockP_start)
ti_sysbios_knl_Clock_setTimeout__E  $Tramp$TT$L$PI$$ti_sysbios_knl_Clock_setTimeout__E
   1002ecc3     0000575c     00002028   dpl_cc26x2.a : PowerCC26X2_tirtos.oem4f (.text:PowerCC26XX_standbyPolicy)
                             00005576                : ClockP_tirtos.oem4f (.text:ClockP_setTimeout)
ti_sysbios_knl_Task_create  $Tramp$TT$L$PI$$ti_sysbios_knl_Task_create
   1002d529     00005764     00001dde   rom_sysbios.aem4f : rom_sysbios.obj (.text:pthread_create)
ti_sysbios_knl_Semaphore_Params__init__S  $Tramp$TT$L$PI$$ti_sysbios_knl_Semaphore_Params__init__S
   1002ebe5     0000576c     00001dc2   rom_sysbios.aem4f : rom_sysbios.obj (.text:pthread_create)
                             00004b06   dpl_cc26x2.a : SemaphoreP_tirtos.oem4f (.text:SemaphoreP_constructBinary)
                             00004b30                : SemaphoreP_tirtos.oem4f (.text:SemaphoreP_createBinary)
                             0000528e   empty.obj (.text:_ZN30_INTERNAL_9_empty_cpp_a1399b3336ti_sysbios_knl_Semaphore_Params_initEP31ti_sysbios_knl_Semaphore_Params)
ti_sysbios_knl_Queue_construct  $Tramp$TT$L$PI$$ti_sysbios_knl_Queue_construct
   1002dee5     00005774     00001db6   rom_sysbios.aem4f : rom_sysbios.obj (.text:pthread_create)
xdc_runtime_Memory_alloc__E  $Tramp$TT$L$PI$$xdc_runtime_Memory_alloc__E
   1002f289     0000577c     00001d5e   rom_sysbios.aem4f : rom_sysbios.obj (.text:pthread_create)
                             00004a2c   release_pem4f.oem4f (.text:ti_sysbios_rts_MemAlloc_alloc)
ti_sysbios_knl_Task_Params__init__S  $Tramp$TT$L$PI$$ti_sysbios_knl_Task_Params__init__S
   1002ec09     00005784     00001d4a   rom_sysbios.aem4f : rom_sysbios.obj (.text:pthread_create)
ti_sysbios_family_arm_m3_Hwi_restoreFxn__E  $Tramp$TT$L$PI$$ti_sysbios_family_arm_m3_Hwi_restoreFxn__E
   1002ec47     0000578c     000013e6   drivers_cc26x2.a : I2C.oem4f (.text:I2C_transferTimeout)
                             0000146a                    : I2C.oem4f (.text:I2C_transferTimeout)
                             00001478                    : I2C.oem4f (.text:I2C_transferTimeout)
                             000014e6                    : I2C.oem4f (.text:I2C_transferTimeout)
                             000016a6                    : PINCC26XX.oem4f (.text:PINCC26XX_setIoCfg)
                             000016ec                    : PINCC26XX.oem4f (.text:PINCC26XX_setIoCfg)
                             00001796                    : GPIOCC26XX.oem4f (.text:GPIO_setConfig)
                             000017c6                    : GPIOCC26XX.oem4f (.text:GPIO_setConfig)
                             0000185e                    : I2CCC26XX.oem4f (.text:I2C_open)
                             0000186e                    : I2CCC26XX.oem4f (.text:I2C_open)
                             0000188c                    : I2CCC26XX.oem4f (.text:I2C_open)
                             00001f14                    : PWMTimerCC26XX.oem4f (.text:PWMTimerCC26XX_open)
                             00001f24                    : PWMTimerCC26XX.oem4f (.text:PWMTimerCC26XX_open)
                             000020be                    : GPIOCC26XX.oem4f (.text:GPIO_init)
                             000020c4                    : GPIOCC26XX.oem4f (.text:GPIO_init)
                             00002208                    : PowerCC26X2.oem4f (.text:Power_releaseDependency)
                             0000237e                    : PowerCC26X2.oem4f (.text:Power_setDependency)
                             000026c2                    : PWMTimerCC26XX.oem4f (.text:PWMTimerCC26XX_setDutyAndPeriod)
                             00002a02                    : GPTimerCC26XX.oem4f (.text:GPTimerCC26XX_open)
                             00002a1e                    : GPTimerCC26XX.oem4f (.text:GPTimerCC26XX_open)
                             0000389a                    : GPIOCC26XX.oem4f (.text:GPIO_write)
                             00003aac                    : GPTimerCC26XX.oem4f (.text:GPTimerCC26XX_stop)
                             00003aba                    : GPTimerCC26XX.oem4f (.text:GPTimerCC26XX_stop)
                             00003af6                    : PowerCC26X2_calibrateRCOSC.oem4f (.text:PowerCC26X2_initiateCalibration)
                             00003d6a                    : GPIOCC26XX.oem4f (.text:GPIO_enableInt)
                             00003e9c                    : GPTimerCC26XX.oem4f (.text:GPTimerCC26XX_start)
                             00003ea8                    : GPTimerCC26XX.oem4f (.text:GPTimerCC26XX_start)
                             0000408e                    : PowerCC26X2.oem4f (.text:switchXOSCHF)
                             000040e8                    : GPIOCC26XX.oem4f (.text:GPIO_disableInt)
                             000041b6                    : PWM.oem4f (.text:PWM_init)
                             0000488a                    : GPTimerCC26XX.oem4f (.text:GPTimerCC26XX_close)
                             000048ce                    : PWMTimerCC26XX.oem4f (.text:PWMTimerCC26XX_start)
                             00004914                    : PowerCC26X2.oem4f (.text:Power_releaseConstraint)
                             00004944                    : PowerCC26X2.oem4f (.text:Power_setConstraint)
                             00004abc                    : PWMTimerCC26XX.oem4f (.text:PWMTimerCC26XX_close)
                             00004ad6                    : PWMTimerCC26XX.oem4f (.text:PWMTimerCC26XX_stop)
                             00004d38                    : I2C.oem4f (.text:I2C_cancel)
                             00004d5e                    : List.oem4f (.text:List_put)
ti_sysbios_knl_Clock_getTicks__E  $Tramp$TT$L$PI$$ti_sysbios_knl_Clock_getTicks__E
   1002dc11     00005794     00000d72   drivers_cc26x2.a : Button.oem4f (.text:Button_clockTimeoutHandler)
                             00005350                    : Button.oem4f (.text:timediff)
[...]
1002ec31  ti_sysbios_hal_Hwi_startup__E                                              
1002ec31  ti_sysbios_hal_Hwi_startup__E                                              
1002ec39  ti_sysbios_knl_Idle_loop__E                                                
1002ec41  ti_sysbios_family_arm_m3_Hwi_doTaskRestore__I                              
1002ec47  HwiP_restore                                                               
1002ec47  ti_sysbios_family_arm_m3_Hwi_restoreFxn__E                                 
1002ec4d  ti_sysbios_gates_GateHwi_leave__E                                          
1002ec53  ti_sysbios_gates_GateMutex_Instance_finalize__E                            
1002ec59  ti_sysbios_heaps_HeapMem_isBlocking__E                                     
1002ec5f  ti_sysbios_knl_Queue_Instance_init__E                                      
1002ec65  ti_sysbios_knl_Queue_elemClear__E                                          
1002ec6b  ti_sysbios_knl_Swi_startup__E                                              
1002ec71  ti_sysbios_knl_Task_enable__E                                              
1002ec77  ti_sysbios_BIOS_RtsGateProxy_enter__E                                      
1002ec7b  ti_sysbios_BIOS_RtsGateProxy_leave__E                                      
1002ec7f  ti_sysbios_family_arm_cc26xx_Timer_getExpiredTicks__E                      
1002ec83  ti_sysbios_family_arm_cc26xx_Timer_getPeriod__E                            
1002ec87  ti_sysbios_family_arm_cc26xx_Timer_setPeriod__E                            
1002ec8b  ti_sysbios_family_arm_m3_Hwi_delete                                        
1002ec8f  ti_sysbios_family_arm_m3_TaskSupport_Module__startupDone__S                
1002ec8f  ti_sysbios_knl_Task_SupportProxy_Module__startupDone__S                    
1002ec93  ti_sysbios_gates_GateHwi_query__E                                          
1002ec93  xdc_runtime_Main_Module_GateProxy_query__E                                 
1002ec93  xdc_runtime_System_Module_GateProxy_query__E                               
1002ec93  xdc_runtime_System_Module_GateProxy_query__E                               
1002ec97  ti_sysbios_gates_GateMutex_delete                                          
1002ec9b  ti_sysbios_BIOS_RtsGateProxy_query__E                                      
1002ec9b  ti_sysbios_BIOS_RtsGateProxy_query__E                                      
1002ec9b  ti_sysbios_gates_GateMutex_query__E                                        
1002ec9b  ti_sysbios_heaps_HeapMem_Module_GateProxy_query__E                         
1002ec9b  ti_sysbios_heaps_HeapMem_Module_GateProxy_query__E                         
1002ec9f  ti_sysbios_hal_Hwi_HwiProxy_create                                         
1002eca3  ti_sysbios_hal_Hwi_HwiProxy_delete                                         
1002eca7  ti_sysbios_hal_Hwi_delete                                                  
1002ecab  ti_sysbios_heaps_HeapMem_Module_GateProxy_enter__E                         
1002ecaf  ti_sysbios_heaps_HeapMem_Module_GateProxy_leave__E                         
1002ecb3  ti_sysbios_knl_Clock_TimerProxy_getExpiredTicks__E                         
1002ecb7  ti_sysbios_knl_Clock_TimerProxy_getPeriod__E                               
1002ecbb  ti_sysbios_knl_Clock_delete                                                
1002ecbf  ti_sysbios_knl_Clock_removeI__E                                            
1002ecc3  ti_sysbios_knl_Clock_setTimeout__E                                         
1002ecc7  ti_sysbios_knl_Event_delete                                                
1002eccb  ti_sysbios_knl_Mailbox_delete                                              
1002eccf  ti_sysbios_knl_Queue_delete                                                
1002ecd3  ti_sysbios_knl_Queue_head__E                                               
1002ecd7  ti_sysbios_knl_Queue_next__E                                               
1002ecdb  ti_sysbios_knl_Semaphore_delete                                            
1002ecdf  ti_sysbios_knl_Swi_delete                                                  
1002ece3  ti_sysbios_knl_Swi_postInit__I                                             
1002ece7  ti_sysbios_knl_Task_delete                                                 
1002eceb  ti_sysbios_knl_Task_startup__E                                             
1002ecf1  xdc_runtime_System_doPrint__I                                              
1002f055  xdc_runtime_Startup_startMods__I                                           
1002f15d  xdc_runtime_Text_putSite__E                                                
1002f1f7  xdc_runtime_Error_policySpin__E                                            
1002f1f9  xdc_runtime_Text_putMod__E                                                 
1002f289  xdc_runtime_Memory_alloc__E                                                
1002f2f9  xdc_runtime_Core_createObject__I                                           
1002f367  xdc_runtime_Core_deleteObject__I                                           
1002f3c5  xdc_runtime_Text_putLab__E                                                 
1002f421  xdc_runtime_Assert_raise__I                                                
1002f475  xdc_runtime_Startup_exec__E                                                
1002f4c9  xdc_runtime_Core_assignParams__I                                           
1002f511  xdc_runtime_Core_constructObject__I                                        
1002f559  xdc_runtime_System_atexit__E                                               
1002f5a1  xdc_runtime_Text_xprintf__I                                                
1002f5e5  xdc_runtime_System_processAtExit__E                                        
1002f625  xdc_runtime_System_putchar__I                                              
1002f659  xdc_runtime_Core_assignLabel__I                                            
1002f689  xdc_runtime_Text_printVisFxn__I                                            
1002f6b9  xdc_runtime_System_vprintf__E                                              
1002f6e5  xdc_runtime_Text_cordText__E                                               
1002f711  xdc_runtime_System_abort__E                                                
1002f739  xdc_runtime_Error_raiseX__E                                                
1002f759  xdc_runtime_Registry_findById__E                                           
1002f779  xdc_runtime_Error_check__E                                                 
1002f795  xdc_runtime_Memory_valloc__E                                               
1002f7b1  xdc_runtime_System_exit__E                                                 
1002f7cd  xdc_runtime_Text_ropeText__E                                               
1002f7e9  xdc_runtime_System_printf__E                                               
1002f803  xdc_runtime_Core_destructObject__I                                         
1002f81b  xdc_runtime_System_abortSpin__E                                            
1002f81d  xdc_runtime_Memory_free__E                                                 
1002f831  xdc_runtime_Memory_getStats__E                                             
1002f845  xdc_runtime_SysCallback_abort__E                                           
1002f845  xdc_runtime_System_SupportProxy_abort__E                                   
1002f859  xdc_runtime_SysCallback_exit__E                                            
1002f859  xdc_runtime_System_SupportProxy_exit__E                                    
1002f86d  xdc_runtime_SysCallback_flush__E                                           
1002f86d  xdc_runtime_System_SupportProxy_flush__E                                   
1002f86d  xdc_runtime_System_flush__E                                                
1002f881  xdc_runtime_SysCallback_putch__E                                           
1002f881  xdc_runtime_System_SupportProxy_putch__E                                   
1002f895  xdc_runtime_SysCallback_ready__E                                           
1002f895  xdc_runtime_System_SupportProxy_ready__E                                   
1002f8a9  xdc_runtime_Memory_getMaxDefaultTypeAlign__E                               
1002f8b9  xdc_runtime_System_vsnprintf__E                                            
1002f8c9  xdc_runtime_Timestamp_SupportProxy_get32__E                                
1002f8c9  xdc_runtime_Timestamp_SupportProxy_get32__E                                
1002f8c9  xdc_runtime_Timestamp_get32__E                                             
1002f8c9  xdc_runtime_Timestamp_get32__E                                             
1002f8d9  xdc_runtime_Memory_calloc__E                                               
1002f8e5  xdc_runtime_Startup_rtsDone__E                                             
1002f8f1  xdc_runtime_Memory_HeapProxy_alloc__E                                      
1002f8fb  xdc_runtime_Memory_HeapProxy_free__E                                       
1002f905  xdc_runtime_Memory_HeapProxy_getStats__E                                   
1002f90f  xdc_runtime_Gate_leaveSystem__E                                            
1002f915  xdc_runtime_System_Module_startup__E                                       
1002f91b  xdc_runtime_Gate_enterSystem__E                                            
1002f91f  xdc_runtime_SysCallback_Module__startupDone__S                             
1002f91f  xdc_runtime_System_SupportProxy_Module__startupDone__S                     
1002f923  xdc_runtime_System_Module_GateProxy_enter__E                               
1002f927  xdc_runtime_System_Module_GateProxy_leave__E                               
1002f92b  xdc_runtime_System_printf_va__F                                            
1002f92f  xdc_runtime_System_exitSpin__E                                             
1002f931  ti_sysbios_family_arm_m3_Hwi_dispatch__I                                   
1002fa11  ti_sysbios_family_arm_m3_Hwi_interruptsAreDisabledButShouldNotBe           
1002fa2d  ti_sysbios_family_arm_m3_TaskSupport_buildTaskStack                        
1002fab9  ti_sysbios_family_arm_m3_Hwi_initStacks__E                                 
1002fb11  ti_sysbios_family_arm_m3_Hwi_pendSV__I                                     
1002fb35  ti_sysbios_family_arm_m3_Hwi_return                                        
1002fb39  ti_sysbios_family_arm_m3_Hwi_excHandlerAsm__I                              
1002fb59  ti_sysbios_family_xxx_Hwi_switchAndRunFunc                                 
1002fb77  ti_sysbios_family_arm_m3_TaskSupport_swap__E                               
1002fb77  ti_sysbios_knl_Task_SupportProxy_swap__E                                   
1002fb77  ti_sysbios_knl_Task_SupportProxy_swap__E                                   
1002fb83  ti_sysbios_knl_Task_swapReturn                                             
1002fb8f  ti_sysbios_family_arm_m3_TaskSupport_glue                                  
1002fba0  ti_sysbios_knl_Task_Object__PARAMS__C                                      
1002fbdc  ti_sysbios_knl_Mailbox_Object__PARAMS__C                                   
1002fc10  ti_sysbios_family_arm_m3_Hwi_Object__PARAMS__C                             
1002fc40  ti_sysbios_hal_Hwi_Object__PARAMS__C                                       
1002fc6c  ti_sysbios_knl_Swi_Object__PARAMS__C                                       
1002fc94  ti_sysbios_heaps_HeapMem_Object__PARAMS__C                                 
1002fcb8  ti_sysbios_knl_Clock_Object__PARAMS__C                                     
1002fcdc  ti_sysbios_knl_Semaphore_Object__PARAMS__C                                 
1002fd00  ti_sysbios_gates_GateHwi_Object__PARAMS__C                                 
1002fd18  ti_sysbios_gates_GateMutex_Object__PARAMS__C                               
1002fd30  ti_sysbios_knl_Event_Object__PARAMS__C                                     
1002fd48  ti_sysbios_knl_Queue_Object__PARAMS__C                                     
1002fd80  ti_sysbios_heaps_HeapTrack_Object__PARAMS__C                               
1002fd9c  ti_sysbios_heaps_HeapTrack_Instance_State_trackQueue__O                    
1002fda0  ti_sysbios_heaps_HeapTrack_Module__diagsEnabled__C                         
1002fda4  ti_sysbios_heaps_HeapTrack_Module__diagsIncluded__C                        
1002fda8  ti_sysbios_heaps_HeapTrack_Module__diagsMask__C                            
1002fddb  strlen                                                                     
20000000  __start___llvm_prf_cnts                                                    
20000000  __stop___llvm_prf_cnts                                                     
20000000  ti_sysbios_family_arm_m3_Hwi_ramVectors                                    
20000100  xdcRomConstPtr                                                             
20000104  xdcRomExternFuncPtr                                                        
20000108  xdcRomStatePtr                                                             
20000110  __primary_heap_start__                                                     
20004110  __primary_heap_end__                                                       
20004110  ti_sysbios_knl_Task_Instance_State_0_stack__A                              
20004310  i2cCC26xxObjects                                                           
20004454  ti_sysbios_family_arm_m3_Hwi_dispatchTable                                 
2000452c  pinHandleTable                                                             
200045a8  LEDObjects                                                                 
20004654  gptimerCC26XXObjects                                                       
200046d4  ButtonObjects                                                              
2000473c  pwmTimerCC26XXObjects                                                      
20004778  semStruct                                                                  
20004794  buttonParams                                                               
200047c4  ledParams                                                                  
200047d4  PowerCC26XX_swiKey                                                         
200047d8  PowerCC26XX_taskKey                                                        
200047dc  semHandle                                                                  
200047e0  driverlib_release_0_59848                                                  
200047e8  PowerCC26X2_module                                                         
20004958  ROM_stateStruct                                                            
20004958  ti_sysbios_knl_Clock_Module__state__V                                      
20004984  ti_sysbios_family_arm_cc26xx_TimestampProvider_Module__state__V            
20004988  xdc_runtime_Startup_Module__state__V                                       
20004990  xdc_runtime_Registry_Module__state__V                                      
20004998  ti_sysbios_BIOS_Module__state__V                                           
200049bc  ti_sysbios_knl_Swi_Module__state__V                                        
200049d8  ti_sysbios_knl_Task_Module__state__V                                       
20004a1c  xdc_runtime_Memory_Module__state__V                                        
20004a20  xdc_runtime_System_Module__state__V                                        
20004a28  ti_sysbios_family_arm_m3_Hwi_Module__state__V                              
20004a5c  ti_sysbios_family_arm_cc26xx_Timer_Module__state__V                        
20004aec  ti_sysbios_gates_GateMutex_Object__table__V                                
20004b40  ti_sysbios_knl_Task_Object__table__V                                       
20004b90  ti_sysbios_family_arm_cc26xx_Timer_Object__table__V                        
20004bd8  ti_sysbios_knl_Swi_Module_State_0_readyQ__A                                
20004c08  ti_sysbios_knl_Swi_Object__table__V                                        
20004c38  ti_sysbios_knl_Task_Module_State_0_readyQ__A                               
20004c68  _hposcCoeffs                                                               
20004c8c  ti_sysbios_knl_Clock_Object__table__V                                      
20004cac  xdc_runtime_Error_IgnoreBlock                                              
20004ccc  ti_sysbios_family_arm_m3_Hwi_Object__table__V                              
20004ce4  ti_sysbios_heaps_HeapMem_Object__table__V                                  
20004cfc  _lock                                                                      
20004d00  _unlock                                                                    
20004d04  pinUpperBound                                                              
20004d08  pinLowerBound                                                              
20004d0c  configHandle                                                               
20004d10  ledHandle                                                                  
20004d14  ti_sysbios_family_arm_m3_Hwi_Module__root__V                               
20004d1c  ti_sysbios_gates_GateHwi_Module__root__V                                   
20004d24  ti_sysbios_gates_GateMutex_Module__root__V                                 
20004d2c  ti_sysbios_hal_Hwi_Module__root__V                                         
20004d34  ti_sysbios_heaps_HeapMem_Module__root__V                                   
20004d3c  ti_sysbios_knl_Clock_Module__root__V                                       
20004d44  ti_sysbios_knl_Event_Module__root__V                                       
20004d4c  ti_sysbios_knl_Mailbox_Module__root__V                                     
20004d54  ti_sysbios_knl_Queue_Module__root__V                                       
20004d5c  ti_sysbios_knl_Semaphore_Module__root__V                                   
20004d64  ti_sysbios_knl_Swi_Module__root__V                                         
20004d6c  ti_sysbios_knl_Task_Module__root__V                                        
20004d74  xdc_runtime_System_Module_State_0_atexitHandlers__A                        
20004d82  ti_sysbios_family_arm_m3_Hwi_Module_State_0_excActive__A                   
20004d84  gpioCallbackFunctions                                                      
20004d88  gpioPinConfigs                                                             
20004d90  main_func_sp                                                               
20004d94  ti_sysbios_family_arm_m3_Hwi_Module_State_0_excContext__A                  
20004d98  ti_sysbios_family_arm_m3_Hwi_Module_State_0_excStack__A                    
20004d9c  ti_sysbios_knl_Task_Module_State_0_idleTask__A                             
20013c00  __stack                                                                    
20014000  __STACK_END                                                                
e000e000  ti_sysbios_family_arm_m3_Hwi_nvic                                          
ffffffff  __TI_pprof_out_hndl                                                        
ffffffff  __TI_prof_data_size                                                        
ffffffff  __TI_prof_data_start                                                       
ffffffff  __binit__                                                                  
ffffffff  __c_args__                                                                 
ffffffff  binit                                                                      
UNDEFED   ITM_flush                                                                  
UNDEFED   ITM_restore                                                                
UNDEFED   SHT$$INIT_ARRAY$$Base                                                      
UNDEFED   SHT$$INIT_ARRAY$$Limit                                                     

[937 symbols]
