******************************************************************************
                  TI ARM Linker PC v20.2.4                     
******************************************************************************
>> Linked Tue Apr 13 13:07:15 2021

OUTPUT FILE NAME:   <empty_CC26X2R1_LAUNCHXL_tirtos_ccs.out>
ENTRY POINT SYMBOL: "ResetISR"  address: 00002819


MEMORY CONFIGURATION

         name            origin    length      used     unused   attr    fill
----------------------  --------  ---------  --------  --------  ----  --------
  FLASH                 00000000   00058000  0000438b  00053c75  R  X
  GPRAM                 11000000   00002000  00000000  00002000  RW X
  SRAM                  20000000   00014000  0000502d  0000efd3  RW X
  LOG_DATA              90000000   00040000  00000000  00040000  R   


SEGMENT ALLOCATION MAP

run origin  load origin   length   init length attrs members
----------  ----------- ---------- ----------- ----- -------
00000000    00000000    00004338   00004338    r-x
  00000000    00000000    0000003c   0000003c    r-- .resetVecs
  0000003c    0000003c    00003b34   00003b34    r-x .text
  00003b70    00003b70    000005eb   000005eb    r-- .const
  00004160    00004160    000001d8   000001d8    r-- .cinit
00057fa8    00057fa8    00000058   00000058    r--
  00057fa8    00057fa8    00000058   00000058    r-- .ccfg
20000100    20000100    0000000c   00000000    rw-
  20000100    20000100    00000004   00000000    rw- .data:xdcRomConstPtr
  20000104    20000104    00000004   00000000    rw- .data:xdcRomExternFuncPtr
  20000108    20000108    00000004   00000000    rw- .data:xdcRomStatePtr
20000110    20000110    00004000   00000000    r--
  20000110    20000110    00004000   00000000    r-- .priheap
20004110    20004110    00000b4d   00000000    rw-
  20004110    20004110    000005ac   00000000    rw- .data
  200046c0    200046c0    0000059d   00000000    rw- .bss
20013c00    20013c00    00000400   00000000    rw-
  20013c00    20013c00    00000400   00000000    rw- .stack


SECTION ALLOCATION MAP

 output                                  attributes/
section   page    origin      length       input sections
--------  ----  ----------  ----------   ----------------
.binit     0    00000000    00000000     

.cinit     0    00004160    000001d8     
                  00004160    00000180     (.cinit..data.load) [load image, compression = lzss]
                  000042e0    0000000c     (__TI_handler_table)
                  000042ec    00000004     --HOLE-- [fill = 0]
                  000042f0    00000008     (.cinit..bss.load) [load image, compression = zero_init]
                  000042f8    00000008     (.cinit..data:xdcRomConstPtr.load) [load image, compression = lzss]
                  00004300    00000008     (.cinit..data:xdcRomExternFuncPtr.load) [load image, compression = lzss]
                  00004308    00000008     (.cinit..data:xdcRomStatePtr.load) [load image, compression = lzss]
                  00004310    00000028     (__TI_cinit_table)

.init_array 
*          0    00000000    00000000     UNINITIALIZED

.ccfg      0    00057fa8    00000058     
                  00057fa8    00000058     ti_devices_config.obj (.ccfg:retain)

.data      0    20004110    000005ac     UNINITIALIZED
                  20004110    00000170     drivers_cc26x2.a : PowerCC26X2.oem4f (.data:PowerCC26X2_module)
                  20004280    0000010c     release_pem4f.oem4f (.data:ROM_stateStruct)
                  2000438c    00000088     rom_sysbios.aem4f : rom_sysbios.obj (.data:$O1$$)
                  20004414    00000054     release_pem4f.oem4f (.data:ti_sysbios_gates_GateMutex_Object__table__V)
                  20004468    0000004c     release_pem4f.oem4f (.data:ti_sysbios_knl_Task_Object__table__V)
                  200044b4    00000004     ti_drivers_config.obj (.data:gpioCallbackFunctions)
                  200044b8    00000048     release_pem4f.oem4f (.data:ti_sysbios_family_arm_cc26xx_Timer_Object__table__V)
                  20004500    00000030     release_pem4f.oem4f (.data:ti_sysbios_knl_Swi_Module_State_0_readyQ__A)
                  20004530    00000030     release_pem4f.oem4f (.data:ti_sysbios_knl_Swi_Object__table__V)
                  20004560    00000030     release_pem4f.oem4f (.data:ti_sysbios_knl_Task_Module_State_0_readyQ__A)
                  20004590    00000024     driverlib.lib : osc.obj (.data:$O1$$)
                  200045b4    00000020     release_pem4f.oem4f (.data:ti_sysbios_knl_Clock_Object__table__V)
                  200045d4    00000020     release_pem4f.oem4f (.data:xdc_runtime_Error_IgnoreBlock)
                  200045f4    00000018     release_pem4f.oem4f (.data:ti_sysbios_family_arm_m3_Hwi_Object__table__V)
                  2000460c    00000018     release_pem4f.oem4f (.data:ti_sysbios_heaps_HeapMem_Object__table__V)
                  20004624    00000008     rtsv7M4_T_le_v4SPD16_eabi.lib : _lock.c.obj (.data:$O1$$)
                  2000462c    00000008     drivers_cc26x2.a : PINCC26XX.oem4f (.data)
                  20004634    00000008     release_pem4f.oem4f (.data:ti_sysbios_family_arm_m3_Hwi_Module__root__V)
                  2000463c    00000008     release_pem4f.oem4f (.data:ti_sysbios_gates_GateHwi_Module__root__V)
                  20004644    00000008     release_pem4f.oem4f (.data:ti_sysbios_gates_GateMutex_Module__root__V)
                  2000464c    00000008     release_pem4f.oem4f (.data:ti_sysbios_hal_Hwi_Module__root__V)
                  20004654    00000008     release_pem4f.oem4f (.data:ti_sysbios_heaps_HeapMem_Module__root__V)
                  2000465c    00000008     release_pem4f.oem4f (.data:ti_sysbios_knl_Clock_Module__root__V)
                  20004664    00000008     release_pem4f.oem4f (.data:ti_sysbios_knl_Event_Module__root__V)
                  2000466c    00000008     release_pem4f.oem4f (.data:ti_sysbios_knl_Mailbox_Module__root__V)
                  20004674    00000008     release_pem4f.oem4f (.data:ti_sysbios_knl_Queue_Module__root__V)
                  2000467c    00000008     release_pem4f.oem4f (.data:ti_sysbios_knl_Semaphore_Module__root__V)
                  20004684    00000008     release_pem4f.oem4f (.data:ti_sysbios_knl_Swi_Module__root__V)
                  2000468c    00000008     release_pem4f.oem4f (.data:ti_sysbios_knl_Task_Module__root__V)
                  20004694    00000008     release_pem4f.oem4f (.data:xdc_runtime_System_Module_State_0_atexitHandlers__A)
                  2000469c    00000005     drivers_cc26x2.a : GPIOCC26XX.oem4f (.data)
                  200046a1    00000001     --HOLE--
                  200046a2    00000002     release_pem4f.oem4f (.data:ti_sysbios_family_arm_m3_Hwi_Module_State_0_excActive__A)
                  200046a4    00000004     ti_drivers_config.obj (.data:gpioPinConfigs)
                  200046a8    00000004     drivers_cc26x2.a : GPIOCC26XX.oem4f (.data:gpioPinTable)
                  200046ac    00000004     rtsv7M4_T_le_v4SPD16_eabi.lib : stkdepth_vars.c.obj (.data)
                  200046b0    00000004     release_pem4f.oem4f (.data:ti_sysbios_family_arm_m3_Hwi_Module_State_0_excContext__A)
                  200046b4    00000004     release_pem4f.oem4f (.data:ti_sysbios_family_arm_m3_Hwi_Module_State_0_excStack__A)
                  200046b8    00000004     release_pem4f.oem4f (.data:ti_sysbios_knl_Task_Module_State_0_idleTask__A)

.bss       0    200046c0    0000059d     UNINITIALIZED
                  200046c0    00000200     release_pem4f.oem4f (.bss:taskStackSection)
                  200048c0    00000144     (.common:i2cCC26xxObjects)
                  20004a04    000000d8     (.common:ti_sysbios_family_arm_m3_Hwi_dispatchTable)
                  20004adc    0000007c     (.common:pinHandleTable)
                  20004b58    00000050     drivers_cc26x2.a : PINCC26XX.oem4f (.bss:pinSemaphore)
                  20004ba8    00000034                      : PINCC26XX.oem4f (.bss:pinSwi)
                  20004bdc    00000020                      : GPIOCC26XX.oem4f (.bss:gpioCallbackInfo)
                  20004bfc    00000020                      : PINCC26XX.oem4f (.bss:pinGpioConfigTable)
                  20004c1c    0000001c                      : PINCC26XX.oem4f (.bss:pinHwi)
                  20004c38    0000000c                      : GPIOCC26XX.oem4f (.bss:gpioPinState)
                  20004c44    00000008                      : GPIOCC26XX.oem4f (.bss)
                  20004c4c    00000004                      : PINCC26XX.oem4f (.bss)
                  20004c50    00000004     rtsv7M4_T_le_v4SPD16_eabi.lib : new.cpp.obj (.bss)
                  20004c54    00000004     (.common:PowerCC26XX_swiKey)
                  20004c58    00000004     (.common:PowerCC26XX_taskKey)
                  20004c5c    00000001     (.common:driverlib_release_0_59848)

.stack     0    20013c00    00000400     UNINITIALIZED
                  20013c00    00000400     --HOLE--

.priheap   0    20000110    00004000     UNINITIALIZED
                  20000110    00004000     --HOLE--

.log_data 
*          0    90000000    00000000     COPY SECTION

.data:xdcRomConstPtr 
*          0    20000100    00000004     UNINITIALIZED
                  20000100    00000004     release_pem4f.oem4f (.data:xdcRomConstPtr)

.data:xdcRomExternFuncPtr 
*          0    20000104    00000004     UNINITIALIZED
                  20000104    00000004     release_pem4f.oem4f (.data:xdcRomExternFuncPtr)

.data:xdcRomStatePtr 
*          0    20000108    00000004     UNINITIALIZED
                  20000108    00000004     release_pem4f.oem4f (.data:xdcRomStatePtr)

.bootVecs 
*          0    00000000    00000008     DSECT
                  00000000    00000008     boot.aem4f : boot.oem4f (.bootVecs)

.resetVecs 
*          0    00000000    0000003c     
                  00000000    0000003c     release_pem4f.oem4f (.resetVecs)

.vecs      0    20000000    000000d8     NOLOAD SECTION
                  20000000    000000d8     release_pem4f.oem4f (.vecs)

xdc.meta   0    00000000    0000010d     COPY SECTION
                  00000000    0000010d     release_pem4f.oem4f (xdc.meta)

xdc.noload 
*          0    00000000    00000000     COPY SECTION

__llvm_prf_cnts 
*          0    20000000    00000000     UNINITIALIZED

.text      0    0000003c    00003b34     
                  0000003c    000001e0     drivers_cc26x2.a : PINCC26XX.oem4f (.text:PIN_init)
                  0000021c    000001b6     rtsv7M4_T_le_v4SPD16_eabi.lib : fd_add_t2.asm.obj (.text)
                  000003d2    00000002     ti_drivers_config.obj (.text:Board_initHook)
                  000003d4    00000198     drivers_cc26x2.a : PowerCC26X2.oem4f (.text:Power_sleep)
                  0000056c    00000190                      : PowerCC26X2_calibrateRCOSC.oem4f (.text:calibrateRcoscHf1)
                  000006fc    0000018c                      : PowerCC26X2_calibrateRCOSC.oem4f (.text:runCalibrateFsm)
                  00000888    00000188     release_pem4f.oem4f (.text:xdc_runtime_System_printfExtend__I)
                  00000a10    00000174     drivers_cc26x2.a : PowerCC26X2.oem4f (.text:Power_init)
                  00000b84    00000120                      : PowerCC26X2.oem4f (.text:configureXOSCHF)
                  00000ca4    00000114                      : PINCC26XX.oem4f (.text:PINCC26XX_setIoCfg)
                  00000db8    00000110                      : GPIOCC26XX.oem4f (.text:GPIO_setConfig)
                  00000ec8    00000110                      : I2CCC26XX.oem4f (.text:I2C_open)
                  00000fd8    000000fc     rtsv7M4_T_le_v4SPD16_eabi.lib : fd_mul_t2.asm.obj (.text)
                  000010d4    000000f0     driverlib.lib : sys_ctrl.obj (.text:NOROM_SysCtrlStandby)
                  000011c4    000000ec     drivers_cc26x2.a : I2CCC26XX.oem4f (.text:I2CCC26XX_hwiFxn)
                  000012b0    000000ec     rom_sysbios.aem4f : rom_sysbios.obj (.text:pthread_create)
                  0000139c    000000c8     dpl_cc26x2.a : PowerCC26X2_tirtos.oem4f (.text:PowerCC26XX_standbyPolicy)
                  00001464    000000c4     drivers_cc26x2.a : GPIOCC26XX.oem4f (.text:GPIO_init)
                  00001528    000000c0                      : PowerCC26X2.oem4f (.text:Power_releaseDependency)
                  000015e8    000000ba                      : I2CCC26XX.oem4f (.text:I2CCC26XX_swiFxn)
                  000016a2    00000002                      : I2C.oem4f (.text:I2C_init)
                  000016a4    000000b8                      : PowerCC26X2.oem4f (.text:Power_setDependency)
                  0000175c    000000ac                      : PINCC26XX.oem4f (.text:PIN_open)
                  00001808    000000ac     driverlib.lib : setup.obj (.text:TrimAfterColdResetWakeupFromShutDown)
                  000018b4    000000a0     auto_init.aem4f : auto_init.oem4f (.text)
                  00001954    000000a0     rom_sysbios.aem4f : rom_sysbios.obj (.text:ti_sysbios_knl_Task_setPri__E)
                  000019f4    0000009c     rtsv7M4_T_le_v4SPD16_eabi.lib : memcpy_t2.asm.obj (.text)
                  00001a90    00000098     driverlib.lib : setup.obj (.text:NOROM_SetupTrimDevice)
                  00001b28    00000096     rtsv7M4_T_le_v4SPD16_eabi.lib : ull_div_t2.asm.obj (.text)
                  00001bbe    00000002                                   : _lock.c.obj (.text:_nop)
                  00001bc0    00000088     drivers_cc26x2.a : I2CCC26XX.oem4f (.text:I2CSupport_primeTransfer)
                  00001c48    00000088     driverlib.lib : osc.obj (.text:NOROM_OSCHF_AttemptToSwitchToXosc)
                  00001cd0    00000088     rom_sysbios.aem4f : rom_sysbios.obj (.text:_pthread_removeThreadKeys)
                  00001d58    00000088     drivers_cc26x2.a : PowerCC26X2_calibrateRCOSC.oem4f (.text:calibrateRcoscHf2)
                  00001de0    00000088                      : PowerCC26X2.oem4f (.text:disableLFClockQualifiers)
                  00001e68    00000088                      : PowerCC26X2_calibrateRCOSC.oem4f (.text:updateSubSecInc)
                  00001ef0    00000086     rtsv7M4_T_le_v4SPD16_eabi.lib : fd_cmp_t2.asm.obj (.text:__aeabi_cdcmple)
                  00001f76    00000086                                   : fd_cmp_t2.asm.obj (.text:__aeabi_cdrcmple)
                  00001ffc    00000084     ti_drivers_config.obj (.text:Board_sendExtFlashByte)
                  00002080    00000084     rom_sysbios.aem4f : rom_sysbios.obj (.text:ti_sysbios_family_arm_m3_Hwi_excHandlerMin__I)
                  00002104    00000080     driverlib.lib : sys_ctrl.obj (.text:NOROM_SysCtrlSetRechargeBeforePowerDown)
                  00002184    00000080     rom_sysbios.aem4f : rom_sysbios.obj (.text:ti_sysbios_family_arm_cc26xx_Timer_start__E)
                  00002204    0000007a     rtsv7M4_T_le_v4SPD16_eabi.lib : memset_t2.asm.obj (.text)
                  0000227e    00000076     rom_sysbios.aem4f : rom_sysbios.obj (.text:ti_sysbios_heaps_HeapMem_allocUnprotected__E)
                  000022f4    00000074     drivers_cc26x2.a : PowerCC26X2_calibrateRCOSC.oem4f (.text:PowerCC26X2_auxISR)
                  00002368    00000070                      : PINCC26XX.oem4f (.text:PIN_add)
                  000023d8    0000006d     rom_sysbios.aem4f : rom_sysbios.obj (.text:xdc_runtime_System_formatNum__I)
                  00002445    00000001     --HOLE-- [fill = 0]
                  00002446    00000002     drivers_cc26x2.a : PowerCC26X2.oem4f (.text:emptyClockFunc)
                  00002448    0000006c     driverlib.lib : chipinfo.obj (.text:NOROM_ChipInfo_GetChipType)
                  000024b4    00000068                   : osc.obj (.text:NOROM_OSCHF_SwitchToRcOscTurnOffXosc)
                  0000251c    00000068     rtsv7M4_T_le_v4SPD16_eabi.lib : copy_decompress_lzss.c.obj (.text:decompress:lzss:__TI_decompress_lzss)
                  00002584    00000064     drivers_cc26x2.a : I2CCC26XX.oem4f (.text:I2CCC26XX_initIO)
                  000025e8    00000064     main_tirtos.obj (.text:main)
                  0000264c    00000060     drivers_cc26x2.a : GPIOCC26XX.oem4f (.text:GPIO_write)
                  000026ac    0000005c                      : PINCC26XX.oem4f (.text:PIN_remove)
                  00002708    0000005c     rom_sysbios.aem4f : rom_sysbios.obj (.text:ti_sysbios_heaps_HeapMem_initPrimary__I)
                  00002764    0000005c     release_pem4f.oem4f (.text:xdc_runtime_Startup_getState__I)
                  000027c0    00000058     drivers_cc26x2.a : PowerCC26X2_calibrateRCOSC.oem4f (.text:PowerCC26X2_initiateCalibration)
                  00002818    00000058     boot.aem4f : boot.oem4f (.text)
                  00002870    00000058     rom_sysbios.aem4f : rom_sysbios.obj (.text:pthread_exit)
                  000028c8    00000058                       : rom_sysbios.obj (.text:ti_sysbios_heaps_HeapMem_alloc__E)
                  00002920    00000054     driverlib.lib : prcm.obj (.text:NOROM_PRCMPowerDomainsAllOff)
                  00002974    00000054     dpl_cc26x2.a : SwiP_tirtos.oem4f (.text:SwiP_construct)
                  000029c8    0000004c     ti_drivers_config.obj (.text:Board_wakeUpExtFlash)
                  00002a14    0000004c     driverlib.lib : prcm.obj (.text:NOROM_PRCMPowerDomainsAllOn)
                  00002a60    0000004c     rtsv7M4_T_le_v4SPD16_eabi.lib : cpy_tbl.c.obj (.text:copy_in)
                  00002aac    0000004c     empty.obj (.text:mainThread)
                  00002af8    00000048     drivers_cc26x2.a : I2CCC26XX.oem4f (.text:I2CCC26XX_initHw)
                  00002b40    00000048                      : PowerCC26X2_calibrateRCOSC.oem4f (.text:PowerCC26X2_RCOSC_clockFunc)
                  00002b88    00000048                      : PowerCC26X2.oem4f (.text:switchXOSCHF)
                  00002bd0    00000044     driverlib.lib : chipinfo.obj (.text:NOROM_ChipInfo_GetHwRevision)
                  00002c14    00000044     drivers_cc26x2.a : PINCC26XX.oem4f (.text:PIN_swi)
                  00002c58    00000044     rtsv7M4_T_le_v4SPD16_eabi.lib : fd_tou_t2.asm.obj (.text)
                  00002c9c    00000040     ti_drivers_config.obj (.text:Board_shutDownExtFlash)
                  00002cdc    00000040     dpl_cc26x2.a : ClockP_tirtos.oem4f (.text:ClockP_construct)
                  00002d1c    00000040     driverlib.lib : osc.obj (.text:NOROM_OSC_HPOSCRelativeFrequencyOffsetGet)
                  00002d5c    00000040     rtsv7M4_T_le_v4SPD16_eabi.lib : u_divt2.asm.obj (.text)
                  00002d9c    00000040     rom_sysbios.aem4f : rom_sysbios.obj (.text:ti_sysbios_family_arm_cc26xx_Timer_setThreshold__I)
                  00002ddc    0000003e     dpl_cc26x2.a : HwiP_tirtos.oem4f (.text:HwiP_construct)
                  00002e1a    00000002     rtsv7M4_T_le_v4SPD16_eabi.lib : div0.asm.obj (.text)
                  00002e1c    0000003c     drivers_cc26x2.a : PINCC26XX.oem4f (.text:PIN_setOutputValue)
                  00002e58    0000003c     rom_sysbios.aem4f : rom_sysbios.obj (.text:sleep)
                  00002e94    0000003c                       : rom_sysbios.obj (.text:ti_sysbios_family_arm_m3_Hwi_construct2__E)
                  00002ed0    0000003a     I2Cdev.obj (.text:_ZN6I2CdevC1E11I2C_BitRateh)
                  00002f0a    00000002     release_pem4f.oem4f (.text:ti_sysbios_BIOS_nullFunc__I)
                  00002f0c    00000038     drivers_cc26x2.a : PINCC26XX.oem4f (.text:PIN_setConfig)
                  00002f44    00000038                      : PowerCC26X2.oem4f (.text:notify)
                  00002f7c    00000038     rtsv7M4_T_le_v4SPD16_eabi.lib : fs_tod_t2.asm.obj (.text)
                  00002fb4    00000036     rom_sysbios.aem4f : rom_sysbios.obj (.text:ti_sysbios_family_arm_cc26xx_Timer_setNextTick__E)
                  00002fea    00000002                       : rom_sysbios.obj (.text:xdc_runtime_SysCallback_defaultAbort)
                  00002fec    00000034     drivers_cc26x2.a : GPIOCC26XX.oem4f (.text:GPIO_toggle)
                  00003020    00000034     driverlib.lib : aux_sysif.obj (.text:NOROM_AUXSYSIFOpModeChange)
                  00003054    00000034                   : sys_ctrl.obj (.text:NOROM_SysCtrlIdle)
                  00003088    00000030     drivers_cc26x2.a : GPIOCC26XX.oem4f (.text:GPIO_hwiIntFxn)
                  000030b8    00000030                      : GPIOCC26XX.oem4f (.text:GPIO_setCallback)
                  000030e8    00000030                      : PINCC26XX.oem4f (.text:PINCC26XX_setMux)
                  00003118    00000030                      : PowerCC26X2.oem4f (.text:Power_releaseConstraint)
                  00003148    00000030                      : PowerCC26X2.oem4f (.text:Power_setConstraint)
                  00003178    00000030     release_pem4f.oem4f (.text:ti_sysbios_BIOS_atExitFunc__I)
                  000031a8    00000030     release_pem4f.oem4f (.text:ti_sysbios_BIOS_startFunc__I)
                  000031d8    00000030     rom_sysbios.aem4f : rom_sysbios.obj (.text:ti_sysbios_family_arm_cc26xx_Timer_getCurrentTick__E)
                  00003208    00000030                       : rom_sysbios.obj (.text:ti_sysbios_family_arm_cc26xx_Timer_initDevice__I)
                  00003238    00000030     release_pem4f.oem4f (.text:ti_sysbios_rts_MemAlloc_alloc)
                  00003268    0000002c     dpl_cc26x2.a : SemaphoreP_tirtos.oem4f (.text:SemaphoreP_constructBinary)
                  00003294    0000002c                  : SemaphoreP_tirtos.oem4f (.text:SemaphoreP_createBinary)
                  000032c0    0000002c     rom_sysbios.aem4f : rom_sysbios.obj (.text:_pthread_delete$45)
                  000032ec    0000002c                       : rom_sysbios.obj (.text:pthread_setcancelstate)
                  00003318    0000002c                       : rom_sysbios.obj (.text:ti_sysbios_knl_Clock_getTicksUntilInterrupt__E)
                  00003344    00000028     drivers_cc26x2.a : PowerCC26X2.oem4f (.text:Power_registerNotify)
                  0000336c    00000028                      : PowerCC26X2.oem4f (.text:oscillatorISR)
                  00003394    00000026                      : List.oem4f (.text:List_put)
                  000033ba    00000002     rom_sysbios.aem4f : rom_sysbios.obj (.text:xdc_runtime_SysCallback_defaultExit)
                  000033bc    00000024     driverlib.lib : osc.obj (.text:NOROM_OSCHF_TurnOnXosc)
                  000033e0    00000024     rom_sysbios.aem4f : rom_sysbios.obj (.text:_pthread_cleanupFxn)
                  00003404    00000024     drivers_cc26x2.a : PowerCC26X2_calibrateRCOSC.oem4f (.text:getTdcSemaphore)
                  00003428    00000024     rom_sysbios.aem4f : rom_sysbios.obj (.text:pthread_attr_init)
                  0000344c    00000024     release_pem4f.oem4f (.text:ti_sysbios_BIOS_registerRTSLock__I)
                  00003470    00000024     release_pem4f.oem4f (.text:ti_sysbios_BIOS_removeRTSLock__I)
                  00003494    00000024     rom_sysbios.aem4f : rom_sysbios.obj (.text:ti_sysbios_family_arm_cc26xx_Timer_getMaxTicks__E)
                  000034b8    00000022     rtsv7M4_T_le_v4SPD16_eabi.lib : new.cpp.obj (.text:_Znwj)
                  000034da    00000002     rom_sysbios.aem4f : rom_sysbios.obj (.text:xdc_runtime_SysCallback_defaultFlush)
                  000034dc    00000020     ti_drivers_config.obj (.text:Board_init)
                  000034fc    00000020     drivers_cc26x2.a : PINCC26XX.oem4f (.text:PINCC26XX_setIoCfgMux)
                  0000351c    00000020     rtsv7M4_T_le_v4SPD16_eabi.lib : u_tofd_t2.asm.obj (.text)
                  0000353c    00000020     release_pem4f.oem4f (.text:ti_sysbios_BIOS_rtsLock__I)
                  0000355c    00000020     rom_sysbios.aem4f : rom_sysbios.obj (.text:ti_sysbios_family_arm_cc26xx_Timer_dynamicStub__E)
                  0000357c    00000020                       : rom_sysbios.obj (.text:xdc_runtime_Error_policyMin__E)
                  0000359c    0000001e     drivers_cc26x2.a : PINCC26XX.oem4f (.text:PIN_close)
                  000035ba    0000001e                      : PowerCC26X2.oem4f (.text:Power_getTransitionLatency)
                  000035d8    0000001c     driverlib.lib : chipinfo.obj (.text:NOROM_ChipInfo_GetChipFamily)
                  000035f4    0000001c     drivers_cc26x2.a : PINCC26XX.oem4f (.text:PIN_hwi)
                  00003610    0000001c     dpl_cc26x2.a : PowerCC26X2_tirtos.oem4f (.text:PowerCC26XX_schedulerDisable)
                  0000362c    0000001c                  : PowerCC26X2_tirtos.oem4f (.text:PowerCC26XX_schedulerRestore)
                  00003648    0000001c     rom_sysbios.aem4f : rom_sysbios.obj (.text:ti_sysbios_knl_Swi_construct2__E)
                  00003664    0000001c     release_pem4f.oem4f (.text:xdc_runtime_Startup_exec__I)
                  00003680    0000001a     drivers_cc26x2.a : PowerCC26X2.oem4f (.text:PowerCC26XX_calibrate)
                  0000369a    00000002     rom_sysbios.aem4f : rom_sysbios.obj (.text:xdc_runtime_SysCallback_defaultPutch)
                  0000369c    00000018     driverlib.lib : chipinfo.obj (.text:NOROM_ChipInfo_GetPackageType)
                  000036b4    00000018     drivers_cc26x2.a : PowerCC26X2.oem4f (.text:Power_idleFunc)
                  000036cc    00000018     rtsv7M4_T_le_v4SPD16_eabi.lib : args_main.c.obj (.text:_args_main)
                  000036e4    00000018                                   : ll_mul_t2.asm.obj (.text)
                  000036fc    00000018     drivers_cc26x2.a : PowerCC26X2.oem4f (.text:switchToTCXO)
                  00003714    00000018     release_pem4f.oem4f (.text:ti_sysbios_BIOS_rtsUnlock__I)
                  0000372c    00000018     rom_sysbios.aem4f : rom_sysbios.obj (.text:ti_sysbios_knl_Swi_or__E)
                  00003744    00000018                       : rom_sysbios.obj (.text:xdc_runtime_Error_init__E)
                  0000375c    00000016     driverlib.lib : chipinfo.obj (.text:NOROM_ThisLibraryIsFor_CC13x2_CC26x2_HwRev20AndLater_HaltIfViolated)
                  00003772    00000016     rom_sysbios.aem4f : rom_sysbios.obj (.text:_pthread_cleanup_pop)
                  00003788    00000016     release_pem4f.oem4f (.text:ti_sysbios_BIOS_exitFunc__I)
                  0000379e    00000014     drivers_cc26x2.a : PowerCC26X2_calibrateRCOSC.oem4f (.text:PowerCC26X2_calibrate)
                  000037b2    00000014     rom_sysbios.aem4f : rom_sysbios.obj (.text:pthread_attr_setschedparam)
                  000037c6    00000002     --HOLE-- [fill = 0]
                  000037c8    00000014                       : rom_sysbios.obj (.text:ti_sysbios_family_arm_cc26xx_Timer_getCount64__E)
                  000037dc    00000014     release_pem4f.oem4f (.text:ti_sysbios_knl_Clock_doTick__I)
                  000037f0    00000012     dpl_cc26x2.a : SemaphoreP_tirtos.oem4f (.text:SemaphoreP_pend)
                  00003802    00000012     rom_sysbios.aem4f : rom_sysbios.obj (.text:_pthread_runStub$45)
                  00003814    00000010     dpl_cc26x2.a : HwiP_tirtos.oem4f (.text:HwiP_Params_init)
                  00003824    00000010     drivers_cc26x2.a : I2CCC26XX.oem4f (.text:I2CCC26XX_postNotify)
                  00003834    00000010                      : I2C.oem4f (.text:I2C_Params_init)
                  00003844    00000010                      : PINCC26XX.oem4f (.text:PINCC26XX_getPinCount)
                  00003854    00000010     dpl_cc26x2.a : SwiP_tirtos.oem4f (.text:SwiP_Params_init)
                  00003864    0000000e     rtsv7M4_T_le_v4SPD16_eabi.lib : copy_decompress_none.c.obj (.text:decompress:none:__TI_decompress_none)
                  00003872    0000000e     rom_sysbios.aem4f : rom_sysbios.obj (.text:pthread_attr_setdetachstate)
                  00003880    0000000e                       : rom_sysbios.obj (.text:ti_sysbios_family_arm_cc26xx_TimestampProvider_get32__E)
                  0000388e    00000002     --HOLE-- [fill = 0]
                  00003890    0000000c     dpl_cc26x2.a : ClockP_tirtos.oem4f (.text:ClockP_getSystemTickPeriod)
                  0000389c    0000000c     driverlib.lib : cpu.obj (.text:NOROM_CPUcpsid)
                  000038a8    0000000c                   : cpu.obj (.text:NOROM_CPUcpsie)
                  000038b4    0000000c     drivers_cc26x2.a : PINCC26XX.oem4f (.text:PIN_registerIntCb)
                  000038c0    0000000c                      : PowerCC26X2.oem4f (.text:Power_getConstraintMask)
                  000038cc    0000000c                      : PowerCC26X2.oem4f (.text:Power_getDependencyCount)
                  000038d8    0000000c     dpl_cc26x2.a : SemaphoreP_tirtos.oem4f (.text:SemaphoreP_delete)
                  000038e4    0000000c     rtsv7M4_T_le_v4SPD16_eabi.lib : new.cpp.obj (.text:_ZSt15get_new_handlerv)
                  000038f0    0000000c                                   : _lock.c.obj (.text:_register_lock)
                  000038fc    0000000c                                   : _lock.c.obj (.text:_register_unlock)
                  00003908    0000000c                                   : copy_zero_init.c.obj (.text:decompress:ZI:__TI_zero_init)
                  00003914    0000000c     rom_sysbios.aem4f : rom_sysbios.obj (.text:pthread_self)
                  00003920    0000000c                       : rom_sysbios.obj (.text:ti_sysbios_knl_Queue_insert__E)
                  0000392c    0000000c                       : rom_sysbios.obj (.text:ti_sysbios_knl_Swi_getTrigger__E)
                  00003938    0000000a     dpl_cc26x2.a : ClockP_tirtos.oem4f (.text:ClockP_Params_init)
                  00003942    00000008     drivers_cc26x2.a : I2CCC26XX.oem4f (.text:I2CCC26XX_blockingCallback)
                  0000394a    00000008     release_pem4f.oem4f (.text:xdc_runtime_Text_visitRope__I)
                  00003952    00000006     driverlib.lib : cpu.obj (.text:NOROM_CPUdelay)
                  00003958    00000006     drivers_cc26x2.a : PowerCC26X2.oem4f (.text:delayUs)
                  0000395e    00000006     rom_sysbios.aem4f : rom_sysbios.obj (.text:pthread_attr_setstacksize)
                  00003964    00000004     dpl_cc26x2.a : PowerCC26X2_tirtos.oem4f (.text:CPUwfi)
                  00003968    00000004                  : ClockP_tirtos.oem4f (.text:ClockP_getCpuFreq)
                  0000396c    00000004                  : ClockP_tirtos.oem4f (.text:ClockP_start)
                  00003970    00000004                  : ClockP_tirtos.oem4f (.text:ClockP_stop)
                  00003974    00000004                  : HwiP_tirtos.oem4f (.text:HwiP_disable)
                  00003978    00000004                  : SemaphoreP_tirtos.oem4f (.text:SemaphoreP_post)
                  0000397c    00000004                  : SwiP_tirtos.oem4f (.text:SwiP_getTrigger)
                  00003980    00000004                  : SwiP_tirtos.oem4f (.text:SwiP_or)
                  00003984    00000004                  : SwiP_tirtos.oem4f (.text:SwiP_post)
                  00003988    00000004     drivers_cc26x2.a : PowerCC26X2.oem4f (.text:configureRFCoreClocks)
                  0000398c    00000004                      : PowerCC26X2.oem4f (.text:nopResourceHandler)
                  00003990    00000004     rom_sysbios.aem4f : rom_sysbios.obj (.text:ti_sysbios_knl_Task_getArg1__E)
                  00003994    00000004                       : rom_sysbios.obj (.text:ti_sysbios_knl_Task_getEnv__E)
                  00003998    00000004     release_pem4f.oem4f (.text:xdc_runtime_Startup_reset__I)
                  0000399c    00000004     rom_sysbios.aem4f : rom_sysbios.obj (.text:xdc_runtime_SysCallback_defaultReady)
                  000039a0    00000008     (.tramp.ti_sysbios_family_arm_m3_Hwi_disableFxn__E.1)
                  000039a8    00000008     (.tramp.ti_sysbios_BIOS_getCpuFreq__E.1)
                  000039b0    00000008     (.tramp.ti_sysbios_knl_Task_self__E.1)
                  000039b8    00000008     (.tramp.ti_sysbios_knl_Semaphore_delete.1)
                  000039c0    00000008     (.tramp.ti_sysbios_knl_Clock_logTick__E.1)
                  000039c8    00000008     (.tramp.ti_sysbios_knl_Swi_post__E.1)
                  000039d0    00000008     (.tramp.ti_sysbios_BIOS_RtsGateProxy_leave__E.1)
                  000039d8    00000008     (.tramp.ti_sysbios_knl_Swi_construct.1)
                  000039e0    00000008     (.tramp.ti_sysbios_knl_Swi_restore__E.1)
                  000039e8    00000008     (.tramp.ti_sysbios_BIOS_RtsGateProxy_enter__E.1)
                  000039f0    00000008     (.tramp.ti_sysbios_knl_Clock_TimerProxy_getCurrentTick__E.1)
                  000039f8    00000008     (.tramp.ti_sysbios_knl_Task_delete.1)
                  00003a00    00000008     (.tramp.ti_sysbios_knl_Semaphore_destruct.1)
                  00003a08    00000008     (.tramp.ti_sysbios_knl_Semaphore_create.1)
                  00003a10    00000008     (.tramp.ti_sysbios_knl_Task_startup__E.1)
                  00003a18    00000008     (.tramp.ti_sysbios_knl_Swi_startup__E.1)
                  00003a20    00000008     (.tramp.ti_sysbios_hal_Hwi_startup__E.1)
                  00003a28    00000008     (.tramp.ti_sysbios_family_arm_cc26xx_Timer_startup__E.1)
                  00003a30    00000008     (.tramp.xdc_runtime_System_atexit__E.1)
                  00003a38    00000008     (.tramp.ti_sysbios_BIOS_linkedWithIncorrectBootLibrary__E.1)
                  00003a40    00000008     (.tramp.xdc_runtime_Startup_rtsDone__E.1)
                  00003a48    00000008     (.tramp.ti_sysbios_knl_Swi_disable__E.1)
                  00003a50    00000008     (.tramp.ti_sysbios_family_arm_m3_Hwi_construct.1)
                  00003a58    00000008     (.tramp.ti_sysbios_knl_Task_sleep__E.1)
                  00003a60    00000008     (.tramp.ti_sysbios_family_arm_m3_Hwi_Params__init__S.1)
                  00003a68    00000008     (.tramp.ti_sysbios_knl_Clock_construct.1)
                  00003a70    00000008     (.tramp.ti_sysbios_knl_Clock_Params__init__S.1)
                  00003a78    00000008     (.tramp.ti_sysbios_knl_Swi_Params__init__S.1)
                  00003a80    00000008     (.tramp.ti_sysbios_heaps_HeapMem_Module_GateProxy_leave__E.1)
                  00003a88    00000008     (.tramp.ti_sysbios_heaps_HeapMem_Module_GateProxy_enter__E.1)
                  00003a90    00000008     (.tramp.xdc_runtime_System_exit__E.1)
                  00003a98    00000008     (.tramp.ti_sysbios_heaps_HeapMem_restore__E.1)
                  00003aa0    00000008     (.tramp.ti_sysbios_heaps_HeapMem_Object__get__S.1)
                  00003aa8    00000008     (.tramp.ti_sysbios_BIOS_start__E.1)
                  00003ab0    00000008     (.tramp.xdc_runtime_Error_raiseX__E.1)
                  00003ab8    00000008     (.tramp.ti_sysbios_BIOS_setThreadType__E.1)
                  00003ac0    00000008     (.tramp.ti_sysbios_family_arm_m3_Hwi_excFillContext__I.1)
                  00003ac8    00000008     (.tramp.ti_sysbios_knl_Semaphore_post__E.1)
                  00003ad0    00000008     (.tramp.xdc_runtime_Memory_free__E.1)
                  00003ad8    00000008     (.tramp.ti_sysbios_knl_Queue_next__E.1)
                  00003ae0    00000008     (.tramp.ti_sysbios_knl_Queue_head__E.1)
                  00003ae8    00000008     (.tramp.ti_sysbios_knl_Semaphore_pend__E.1)
                  00003af0    00000008     (.tramp.ti_sysbios_knl_Task_restore__E.1)
                  00003af8    00000008     (.tramp.ti_sysbios_knl_Queue_enqueue__E.1)
                  00003b00    00000008     (.tramp.ti_sysbios_knl_Queue_empty__E.1)
                  00003b08    00000008     (.tramp.ti_sysbios_knl_Queue_remove__E.1)
                  00003b10    00000008     (.tramp.ti_sysbios_knl_Task_disable__E.1)
                  00003b18    00000008     (.tramp.ti_sysbios_knl_Clock_stop__E.1)
                  00003b20    00000008     (.tramp.ti_sysbios_knl_Clock_start__E.1)
                  00003b28    00000008     (.tramp.ti_sysbios_knl_Clock_setTimeout__E.1)
                  00003b30    00000008     (.tramp.ti_sysbios_knl_Task_create.1)
                  00003b38    00000008     (.tramp.ti_sysbios_knl_Semaphore_construct.1)
                  00003b40    00000008     (.tramp.ti_sysbios_knl_Semaphore_Params__init__S.1)
                  00003b48    00000008     (.tramp.ti_sysbios_knl_Queue_construct.1)
                  00003b50    00000008     (.tramp.xdc_runtime_Memory_alloc__E.1)
                  00003b58    00000008     (.tramp.ti_sysbios_knl_Task_Params__init__S.1)
                  00003b60    00000008     (.tramp.ti_sysbios_family_arm_m3_Hwi_restoreFxn__E.1)
                  00003b68    00000008     (.tramp.xdc_runtime_System_doPrint__I.1)

.const     0    00003b70    000005eb     
                  00003b70    000003b8     release_pem4f.oem4f (.const:ROM_constStruct)
                  00003f28    00000054     drivers_cc26x2.a : PowerCC26X2.oem4f (.const:resourceDB)
                  00003f7c    00000048     release_pem4f.oem4f (.const:.string)
                  00003fc4    00000048     release_pem4f.oem4f (.const:ROM_externFuncPtrs)
                  0000400c    00000024     release_pem4f.oem4f (.const:xdc_runtime_Startup_sfxnTab__A)
                  00004030    00000018     ti_drivers_config.obj (.const:i2cCC26xxHWAttrs)
                  00004048    00000018     drivers_cc26x2.a : GPIOCC26XX.oem4f (.const:interruptType)
                  00004060    00000014     ti_drivers_config.obj (.const:$P$T1$2)
                  00004074    00000014     ti_drivers_config.obj (.const:GPIOCC26XX_config)
                  00004088    00000014     ti_drivers_config.obj (.const:PowerCC26X2_config)
                  0000409c    00000012     release_pem4f.oem4f (.const:xdc_runtime_Startup_sfxnRts__A)
                  000040ae    00000001     release_pem4f.oem4f (.const:xdc_runtime_Text_charTab__A)
                  000040af    00000001     --HOLE-- [fill = 0]
                  000040b0    00000010     ti_drivers_config.obj (.const:BoardGpioInitTable)
                  000040c0    00000010     drivers_cc26x2.a : I2C.oem4f (.const:I2C_defaultParams)
                  000040d0    00000010                      : I2CCC26XX.oem4f (.const:I2C_defaultParams)
                  000040e0    00000010                      : GPIOCC26XX.oem4f (.const:outPinTypes)
                  000040f0    0000000c                      : GPIOCC26XX.oem4f (.const:inPinTypes)
                  000040fc    0000000c                      : GPIOCC26XX.oem4f (.const:outPinStrengths)
                  00004108    0000000c     release_pem4f.oem4f (.const:xdc_runtime_Startup_firstFxns__A)
                  00004114    00000008     driverlib.lib : aux_sysif.obj (.const:$O1$$)
                  0000411c    00000008     ti_drivers_config.obj (.const:$P$T0$1)
                  00004124    00000008     ti_drivers_config.obj (.const:I2C_config)
                  0000412c    00000008     ti_drivers_config.obj (.const:PINCC26XX_hwAttrs)
                  00004134    00000008     release_pem4f.oem4f (.const:ti_sysbios_family_arm_m3_Hwi_excHookFuncs__A)
                  0000413c    00000008     release_pem4f.oem4f (.const:ti_sysbios_knl_Idle_funcList__A)
                  00004144    00000004     release_pem4f.oem4f (.const:ti_sysbios_family_arm_m3_Hwi_E_exception__C)
                  00004148    00000004     release_pem4f.oem4f (.const:ti_sysbios_heaps_HeapMem_primaryHeapBaseAddr__C)
                  0000414c    00000004     release_pem4f.oem4f (.const:ti_sysbios_heaps_HeapMem_primaryHeapEndAddr__C)
                  00004150    00000004     release_pem4f.oem4f (.const:ti_sysbios_knl_Clock_tickPeriod__C)
                  00004154    00000004     release_pem4f.oem4f (.const:ti_sysbios_knl_Task_Object__heap__C)
                  00004158    00000003     ti_drivers_config.obj (.const)

MODULE SUMMARY

       Module                             code    ro data   rw data
       ------                             ----    -------   -------
    .\
       main_tirtos.obj                    100     0         0      
       empty.obj                          76      0         0      
       I2Cdev.obj                         58      0         0      
    +--+----------------------------------+-------+---------+---------+
       Total:                             234     0         0      
                                                                   
    .\syscfg\
       ti_drivers_config.obj              306     127       332    
       ti_devices_config.obj              0       88        0      
    +--+----------------------------------+-------+---------+---------+
       Total:                             306     215       332    
                                                                   
    C:\Users\Nikolay\workspace_v10\tirtos_builds_cc13x2_cc26x2_release_ccs_4_40_04_04\Debug\configPkg\package\cfg\
       release_pem4f.oem4f                840     1259      1830   
    +--+----------------------------------+-------+---------+---------+
       Total:                             840     1259      1830   
                                                                   
    C:/ti/simplelink_cc13x2_26x2_sdk_4_40_04_04/kernel/tirtos/packages/ti/dpl/lib/ccs/m4f/dpl_cc26x2.a
       PowerCC26X2_tirtos.oem4f           260     0         8      
       SemaphoreP_tirtos.oem4f            122     0         0      
       SwiP_tirtos.oem4f                  112     0         0      
       ClockP_tirtos.oem4f                98      0         0      
       HwiP_tirtos.oem4f                  82      0         0      
    +--+----------------------------------+-------+---------+---------+
       Total:                             674     0         8      
                                                                   
    C:/ti/simplelink_cc13x2_26x2_sdk_4_40_04_04/source/ti/devices/cc13x2_cc26x2/driverlib/bin/ccs/driverlib.lib
       sys_ctrl.obj                       420     0         0      
       osc.obj                            340     0         36     
       setup.obj                          324     0         0      
       chipinfo.obj                       250     0         0      
       prcm.obj                           160     0         0      
       aux_sysif.obj                      52      8         0      
       cpu.obj                            30      0         0      
       driverlib_release.obj              0       0         1      
    +--+----------------------------------+-------+---------+---------+
       Total:                             1576    8         37     
                                                                   
    C:/ti/simplelink_cc13x2_26x2_sdk_4_40_04_04/source/ti/drivers/lib/ccs/m4f/drivers_cc26x2.a
       PowerCC26X2.oem4f                  2028    84        368    
       PINCC26XX.oem4f                    1482    0         328    
       PowerCC26X2_calibrateRCOSC.oem4f   1400    0         0      
       I2CCC26XX.oem4f                    1026    16        0      
       GPIOCC26XX.oem4f                   712     64        61     
       List.oem4f                         38      0         0      
       I2C.oem4f                          18      16        0      
    +--+----------------------------------+-------+---------+---------+
       Total:                             6704    180       757    
                                                                   
    C:\Users\Nikolay\workspace_v10\tirtos_builds_cc13x2_cc26x2_release_ccs_4_40_04_04\src\sysbios\rom_sysbios.aem4f
       rom_sysbios.obj                    2171    0         136    
    +--+----------------------------------+-------+---------+---------+
       Total:                             2171    0         136    
                                                                   
    C:\ti\ccs1000\ccs\tools\compiler\ti-cgt-arm_20.2.4.LTS\lib\rtsv7M4_T_le_v4SPD16_eabi.lib
       fd_add_t2.asm.obj                  438     0         0      
       fd_cmp_t2.asm.obj                  268     0         0      
       fd_mul_t2.asm.obj                  252     0         0      
       memcpy_t2.asm.obj                  156     0         0      
       ull_div_t2.asm.obj                 150     0         0      
       memset_t2.asm.obj                  122     0         0      
       copy_decompress_lzss.c.obj         104     0         0      
       cpy_tbl.c.obj                      76      0         0      
       fd_tou_t2.asm.obj                  68      0         0      
       u_divt2.asm.obj                    64      0         0      
       fs_tod_t2.asm.obj                  56      0         0      
       new.cpp.obj                        46      0         4      
       _lock.c.obj                        26      0         8      
       u_tofd_t2.asm.obj                  32      0         0      
       args_main.c.obj                    24      0         0      
       ll_mul_t2.asm.obj                  24      0         0      
       copy_decompress_none.c.obj         14      0         0      
       copy_zero_init.c.obj               12      0         0      
       stkdepth_vars.c.obj                0       0         4      
       div0.asm.obj                       2       0         0      
    +--+----------------------------------+-------+---------+---------+
       Total:                             1934    0         16     
                                                                   
    C:\ti\simplelink_cc13x2_26x2_sdk_4_40_04_04\kernel\tirtos\packages\ti\targets\arm\rtsarm\lib\auto_init.aem4f
       auto_init.oem4f                    160     0         0      
    +--+----------------------------------+-------+---------+---------+
       Total:                             160     0         0      
                                                                   
    C:\ti\simplelink_cc13x2_26x2_sdk_4_40_04_04\kernel\tirtos\packages\ti\targets\arm\rtsarm\lib\boot.aem4f
       boot.oem4f                         88      0         0      
    +--+----------------------------------+-------+---------+---------+
       Total:                             88      0         0      
                                                                   
       Stack:                             0       0         1024   
       Linker Generated:                  464     468       0      
    +--+----------------------------------+-------+---------+---------+
       Grand Total:                       15151   2130      4140   


LINKER GENERATED COPY TABLES

__TI_cinit_table @ 00004310 records: 5, size/record: 8, table size: 40
	.data: load addr=00004160, load size=00000180 bytes, run addr=20004110, run size=000005ac bytes, compression=lzss
	.bss: load addr=000042f0, load size=00000008 bytes, run addr=200046c0, run size=0000059d bytes, compression=zero_init
	.data:xdcRomConstPtr: load addr=000042f8, load size=00000008 bytes, run addr=20000100, run size=00000004 bytes, compression=lzss
	.data:xdcRomExternFuncPtr: load addr=00004300, load size=00000008 bytes, run addr=20000104, run size=00000004 bytes, compression=lzss
	.data:xdcRomStatePtr: load addr=00004308, load size=00000008 bytes, run addr=20000108, run size=00000004 bytes, compression=lzss


LINKER GENERATED HANDLER TABLE

__TI_handler_table @ 000042e0 records: 3, size/record: 4, table size: 12
	index: 0, handler: __TI_decompress_lzss
	index: 1, handler: __TI_decompress_none
	index: 2, handler: __TI_zero_init


FAR CALL TRAMPOLINES

callee name               trampoline name
   callee addr  tramp addr   call addr  call info
--------------  -----------  ---------  ----------------
ti_sysbios_family_arm_m3_Hwi_disableFxn__E  $Tramp$TT$L$PI$$ti_sysbios_family_arm_m3_Hwi_disableFxn__E
   1002eb55     000039a0     00003974   dpl_cc26x2.a : HwiP_tirtos.oem4f (.text:HwiP_disable)
ti_sysbios_BIOS_getCpuFreq__E  $Tramp$TT$L$PI$$ti_sysbios_BIOS_getCpuFreq__E
   1002e9fd     000039a8     00003968   dpl_cc26x2.a : ClockP_tirtos.oem4f (.text:ClockP_getCpuFreq)
ti_sysbios_knl_Task_self__E  $Tramp$TT$L$PI$$ti_sysbios_knl_Task_self__E
   1002eaf5     000039b0     00003916   rom_sysbios.aem4f : rom_sysbios.obj (.text:pthread_self)
ti_sysbios_knl_Semaphore_delete  $Tramp$TT$L$PI$$ti_sysbios_knl_Semaphore_delete
   1002ecdb     000039b8     000038de   dpl_cc26x2.a : SemaphoreP_tirtos.oem4f (.text:SemaphoreP_delete)
ti_sysbios_knl_Clock_logTick__E  $Tramp$TT$L$PI$$ti_sysbios_knl_Clock_logTick__E
   1002dbd7     000039c0     000037de   release_pem4f.oem4f (.text:ti_sysbios_knl_Clock_doTick__I)
ti_sysbios_knl_Swi_post__E  $Tramp$TT$L$PI$$ti_sysbios_knl_Swi_post__E
   1002d891     000039c8     00003740   rom_sysbios.aem4f : rom_sysbios.obj (.text:ti_sysbios_knl_Swi_or__E)
                             000037e6   release_pem4f.oem4f (.text:ti_sysbios_knl_Clock_doTick__I)
                             00003984   dpl_cc26x2.a : SwiP_tirtos.oem4f (.text:SwiP_post)
ti_sysbios_BIOS_RtsGateProxy_leave__E  $Tramp$TT$L$PI$$ti_sysbios_BIOS_RtsGateProxy_leave__E
   1002ec7b     000039d0     00003722   release_pem4f.oem4f (.text:ti_sysbios_BIOS_rtsUnlock__I)
ti_sysbios_knl_Swi_construct  $Tramp$TT$L$PI$$ti_sysbios_knl_Swi_construct
   1002d719     000039d8     0000364e   rom_sysbios.aem4f : rom_sysbios.obj (.text:ti_sysbios_knl_Swi_construct2__E)
ti_sysbios_knl_Swi_restore__E  $Tramp$TT$L$PI$$ti_sysbios_knl_Swi_restore__E
   1002db61     000039e0     00003632   dpl_cc26x2.a : PowerCC26X2_tirtos.oem4f (.text:PowerCC26XX_schedulerRestore)
ti_sysbios_BIOS_RtsGateProxy_enter__E  $Tramp$TT$L$PI$$ti_sysbios_BIOS_RtsGateProxy_enter__E
   1002ec77     000039e8     00003542   release_pem4f.oem4f (.text:ti_sysbios_BIOS_rtsLock__I)
ti_sysbios_knl_Clock_TimerProxy_getCurrentTick__E  $Tramp$TT$L$PI$$ti_sysbios_knl_Clock_TimerProxy_getCurrentTick__E
   1002eac5     000039f0     0000332a   rom_sysbios.aem4f : rom_sysbios.obj (.text:ti_sysbios_knl_Clock_getTicksUntilInterrupt__E)
ti_sysbios_knl_Task_delete  $Tramp$TT$L$PI$$ti_sysbios_knl_Task_delete
   1002ece7     000039f8     000032d4   rom_sysbios.aem4f : rom_sysbios.obj (.text:_pthread_delete$45)
ti_sysbios_knl_Semaphore_destruct  $Tramp$TT$L$PI$$ti_sysbios_knl_Semaphore_destruct
   1002e6fd     00003a00     000032c8   rom_sysbios.aem4f : rom_sysbios.obj (.text:_pthread_delete$45)
ti_sysbios_knl_Semaphore_create  $Tramp$TT$L$PI$$ti_sysbios_knl_Semaphore_create
   1002dc49     00003a08     000032b4   dpl_cc26x2.a : SemaphoreP_tirtos.oem4f (.text:SemaphoreP_createBinary)
ti_sysbios_knl_Task_startup__E  $Tramp$TT$L$PI$$ti_sysbios_knl_Task_startup__E
   1002eceb     00003a10     000031cc   release_pem4f.oem4f (.text:ti_sysbios_BIOS_startFunc__I)
ti_sysbios_knl_Swi_startup__E  $Tramp$TT$L$PI$$ti_sysbios_knl_Swi_startup__E
   1002ec6b     00003a18     000031c8   release_pem4f.oem4f (.text:ti_sysbios_BIOS_startFunc__I)
ti_sysbios_hal_Hwi_startup__E  $Tramp$TT$L$PI$$ti_sysbios_hal_Hwi_startup__E
   1002ec31     00003a20     000031c4   release_pem4f.oem4f (.text:ti_sysbios_BIOS_startFunc__I)
ti_sysbios_family_arm_cc26xx_Timer_startup__E  $Tramp$TT$L$PI$$ti_sysbios_family_arm_cc26xx_Timer_startup__E
   1002dcf1     00003a28     000031c0   release_pem4f.oem4f (.text:ti_sysbios_BIOS_startFunc__I)
xdc_runtime_System_atexit__E  $Tramp$TT$L$PI$$xdc_runtime_System_atexit__E
   1002f559     00003a30     000031b8   release_pem4f.oem4f (.text:ti_sysbios_BIOS_startFunc__I)
ti_sysbios_BIOS_linkedWithIncorrectBootLibrary__E  $Tramp$TT$L$PI$$ti_sysbios_BIOS_linkedWithIncorrectBootLibrary__E
   1002d01b     00003a38     000031b2   release_pem4f.oem4f (.text:ti_sysbios_BIOS_startFunc__I)
xdc_runtime_Startup_rtsDone__E  $Tramp$TT$L$PI$$xdc_runtime_Startup_rtsDone__E
   1002f8e5     00003a40     000031aa   release_pem4f.oem4f (.text:ti_sysbios_BIOS_startFunc__I)
ti_sysbios_knl_Swi_disable__E  $Tramp$TT$L$PI$$ti_sysbios_knl_Swi_disable__E
   1002ea25     00003a48     0000317a   release_pem4f.oem4f (.text:ti_sysbios_BIOS_atExitFunc__I)
                             0000361a   dpl_cc26x2.a : PowerCC26X2_tirtos.oem4f (.text:PowerCC26XX_schedulerDisable)
ti_sysbios_family_arm_m3_Hwi_construct  $Tramp$TT$L$PI$$ti_sysbios_family_arm_m3_Hwi_construct
   1002d421     00003a50     00002eae   rom_sysbios.aem4f : rom_sysbios.obj (.text:ti_sysbios_family_arm_m3_Hwi_construct2__E)
ti_sysbios_knl_Task_sleep__E  $Tramp$TT$L$PI$$ti_sysbios_knl_Task_sleep__E
   1002ce01     00003a58     00002e82   rom_sysbios.aem4f : rom_sysbios.obj (.text:sleep)
ti_sysbios_family_arm_m3_Hwi_Params__init__S  $Tramp$TT$L$PI$$ti_sysbios_family_arm_m3_Hwi_Params__init__S
   1002eb49     00003a60     00002df8   dpl_cc26x2.a : HwiP_tirtos.oem4f (.text:HwiP_construct)
ti_sysbios_knl_Clock_construct  $Tramp$TT$L$PI$$ti_sysbios_knl_Clock_construct
   1002dd8d     00003a68     00002d12   dpl_cc26x2.a : ClockP_tirtos.oem4f (.text:ClockP_construct)
ti_sysbios_knl_Clock_Params__init__S  $Tramp$TT$L$PI$$ti_sysbios_knl_Clock_Params__init__S
   1002eb9d     00003a70     00002cf8   dpl_cc26x2.a : ClockP_tirtos.oem4f (.text:ClockP_construct)
ti_sysbios_knl_Swi_Params__init__S  $Tramp$TT$L$PI$$ti_sysbios_knl_Swi_Params__init__S
   1002ebf1     00003a78     0000299e   dpl_cc26x2.a : SwiP_tirtos.oem4f (.text:SwiP_construct)
ti_sysbios_heaps_HeapMem_Module_GateProxy_leave__E  $Tramp$TT$L$PI$$ti_sysbios_heaps_HeapMem_Module_GateProxy_leave__E
   1002ecaf     00003a80     000028ee   rom_sysbios.aem4f : rom_sysbios.obj (.text:ti_sysbios_heaps_HeapMem_alloc__E)
ti_sysbios_heaps_HeapMem_Module_GateProxy_enter__E  $Tramp$TT$L$PI$$ti_sysbios_heaps_HeapMem_Module_GateProxy_enter__E
   1002ecab     00003a88     000028d8   rom_sysbios.aem4f : rom_sysbios.obj (.text:ti_sysbios_heaps_HeapMem_alloc__E)
xdc_runtime_System_exit__E  $Tramp$TT$L$PI$$xdc_runtime_System_exit__E
   1002f7b1     00003a90     00002858   boot.aem4f : boot.oem4f (.text)
                             00003798   release_pem4f.oem4f (.text:ti_sysbios_BIOS_exitFunc__I)
ti_sysbios_heaps_HeapMem_restore__E  $Tramp$TT$L$PI$$ti_sysbios_heaps_HeapMem_restore__E
   1002eb13     00003a98     0000274c   rom_sysbios.aem4f : rom_sysbios.obj (.text:ti_sysbios_heaps_HeapMem_initPrimary__I)
ti_sysbios_heaps_HeapMem_Object__get__S  $Tramp$TT$L$PI$$ti_sysbios_heaps_HeapMem_Object__get__S
   1002e275     00003aa0     0000271c   rom_sysbios.aem4f : rom_sysbios.obj (.text:ti_sysbios_heaps_HeapMem_initPrimary__I)
ti_sysbios_BIOS_start__E  $Tramp$TT$L$PI$$ti_sysbios_BIOS_start__E
   1002eaa5     00003aa8     0000263e   main_tirtos.obj (.text:main)
xdc_runtime_Error_raiseX__E  $Tramp$TT$L$PI$$xdc_runtime_Error_raiseX__E
   1002f739     00003ab0     000020e2   rom_sysbios.aem4f : rom_sysbios.obj (.text:ti_sysbios_family_arm_m3_Hwi_excHandlerMin__I)
                             00002908                     : rom_sysbios.obj (.text:ti_sysbios_heaps_HeapMem_alloc__E)
ti_sysbios_BIOS_setThreadType__E  $Tramp$TT$L$PI$$ti_sysbios_BIOS_setThreadType__E
   1002ea11     00003ab8     000020a2   rom_sysbios.aem4f : rom_sysbios.obj (.text:ti_sysbios_family_arm_m3_Hwi_excHandlerMin__I)
                             00003184   release_pem4f.oem4f (.text:ti_sysbios_BIOS_atExitFunc__I)
                             00003792   release_pem4f.oem4f (.text:ti_sysbios_BIOS_exitFunc__I)
ti_sysbios_family_arm_m3_Hwi_excFillContext__I  $Tramp$TT$L$PI$$ti_sysbios_family_arm_m3_Hwi_excFillContext__I
   1002bda9     00003ac0     0000209c   rom_sysbios.aem4f : rom_sysbios.obj (.text:ti_sysbios_family_arm_m3_Hwi_excHandlerMin__I)
ti_sysbios_knl_Semaphore_post__E  $Tramp$TT$L$PI$$ti_sysbios_knl_Semaphore_post__E
   1002cd21     00003ac8     00001d3e   rom_sysbios.aem4f : rom_sysbios.obj (.text:_pthread_removeThreadKeys)
                             000028a0                     : rom_sysbios.obj (.text:pthread_exit)
                             00003978   dpl_cc26x2.a : SemaphoreP_tirtos.oem4f (.text:SemaphoreP_post)
xdc_runtime_Memory_free__E  $Tramp$TT$L$PI$$xdc_runtime_Memory_free__E
   1002f81d     00003ad0     00001d34   rom_sysbios.aem4f : rom_sysbios.obj (.text:_pthread_removeThreadKeys)
                             000032e0                     : rom_sysbios.obj (.text:_pthread_delete$45)
ti_sysbios_knl_Queue_next__E  $Tramp$TT$L$PI$$ti_sysbios_knl_Queue_next__E
   1002ecd7     00003ad8     00001d0e   rom_sysbios.aem4f : rom_sysbios.obj (.text:_pthread_removeThreadKeys)
ti_sysbios_knl_Queue_head__E  $Tramp$TT$L$PI$$ti_sysbios_knl_Queue_head__E
   1002ecd3     00003ae0     00001cfa   rom_sysbios.aem4f : rom_sysbios.obj (.text:_pthread_removeThreadKeys)
ti_sysbios_knl_Semaphore_pend__E  $Tramp$TT$L$PI$$ti_sysbios_knl_Semaphore_pend__E
   1002bfb1     00003ae8     00001cf4   rom_sysbios.aem4f : rom_sysbios.obj (.text:_pthread_removeThreadKeys)
                             000037f2   dpl_cc26x2.a : SemaphoreP_tirtos.oem4f (.text:SemaphoreP_pend)
ti_sysbios_knl_Task_restore__E  $Tramp$TT$L$PI$$ti_sysbios_knl_Task_restore__E
   1002df45     00003af0     000019e2   rom_sysbios.aem4f : rom_sysbios.obj (.text:ti_sysbios_knl_Task_setPri__E)
                             00001ce8                     : rom_sysbios.obj (.text:_pthread_removeThreadKeys)
                             00001d48                     : rom_sysbios.obj (.text:_pthread_removeThreadKeys)
                             000028b2                     : rom_sysbios.obj (.text:pthread_exit)
                             000033f0                     : rom_sysbios.obj (.text:_pthread_cleanupFxn)
                             0000363a   dpl_cc26x2.a : PowerCC26X2_tirtos.oem4f (.text:PowerCC26XX_schedulerRestore)
ti_sysbios_knl_Queue_enqueue__E  $Tramp$TT$L$PI$$ti_sysbios_knl_Queue_enqueue__E
   1002ebd9     00003af8     000019b4   rom_sysbios.aem4f : rom_sysbios.obj (.text:ti_sysbios_knl_Task_setPri__E)
ti_sysbios_knl_Queue_empty__E  $Tramp$TT$L$PI$$ti_sysbios_knl_Queue_empty__E
   1002eb21     00003b00     0000199c   rom_sysbios.aem4f : rom_sysbios.obj (.text:ti_sysbios_knl_Task_setPri__E)
                             00001ce0                     : rom_sysbios.obj (.text:_pthread_removeThreadKeys)
ti_sysbios_knl_Queue_remove__E  $Tramp$TT$L$PI$$ti_sysbios_knl_Queue_remove__E
   1002eb2f     00003b08     00001996   rom_sysbios.aem4f : rom_sysbios.obj (.text:ti_sysbios_knl_Task_setPri__E)
                             00001d16                     : rom_sysbios.obj (.text:_pthread_removeThreadKeys)
                             00001d1c                     : rom_sysbios.obj (.text:_pthread_removeThreadKeys)
ti_sysbios_knl_Task_disable__E  $Tramp$TT$L$PI$$ti_sysbios_knl_Task_disable__E
   1002ea4d     00003b10     0000195c   rom_sysbios.aem4f : rom_sysbios.obj (.text:ti_sysbios_knl_Task_setPri__E)
                             00001cd6                     : rom_sysbios.obj (.text:_pthread_removeThreadKeys)
                             000028a6                     : rom_sysbios.obj (.text:pthread_exit)
                             0000317e   release_pem4f.oem4f (.text:ti_sysbios_BIOS_atExitFunc__I)
                             000033e2   rom_sysbios.aem4f : rom_sysbios.obj (.text:_pthread_cleanupFxn)
                             00003612   dpl_cc26x2.a : PowerCC26X2_tirtos.oem4f (.text:PowerCC26XX_schedulerDisable)
ti_sysbios_knl_Clock_stop__E  $Tramp$TT$L$PI$$ti_sysbios_knl_Clock_stop__E
   1002e2c5     00003b18     00001402   dpl_cc26x2.a : PowerCC26X2_tirtos.oem4f (.text:PowerCC26XX_standbyPolicy)
                             00003970                : ClockP_tirtos.oem4f (.text:ClockP_stop)
ti_sysbios_knl_Clock_start__E  $Tramp$TT$L$PI$$ti_sysbios_knl_Clock_start__E
   1002e9e7     00003b20     000013ee   dpl_cc26x2.a : PowerCC26X2_tirtos.oem4f (.text:PowerCC26XX_standbyPolicy)
                             0000396c                : ClockP_tirtos.oem4f (.text:ClockP_start)
ti_sysbios_knl_Clock_setTimeout__E  $Tramp$TT$L$PI$$ti_sysbios_knl_Clock_setTimeout__E
   1002ecc3     00003b28     000013e8   dpl_cc26x2.a : PowerCC26X2_tirtos.oem4f (.text:PowerCC26XX_standbyPolicy)
ti_sysbios_knl_Task_create  $Tramp$TT$L$PI$$ti_sysbios_knl_Task_create
   1002d529     00003b30     00001362   rom_sysbios.aem4f : rom_sysbios.obj (.text:pthread_create)
ti_sysbios_knl_Semaphore_construct  $Tramp$TT$L$PI$$ti_sysbios_knl_Semaphore_construct
   1002ddc1     00003b38     00001358   rom_sysbios.aem4f : rom_sysbios.obj (.text:pthread_create)
                             0000328a   dpl_cc26x2.a : SemaphoreP_tirtos.oem4f (.text:SemaphoreP_constructBinary)
ti_sysbios_knl_Semaphore_Params__init__S  $Tramp$TT$L$PI$$ti_sysbios_knl_Semaphore_Params__init__S
   1002ebe5     00003b40     00001346   rom_sysbios.aem4f : rom_sysbios.obj (.text:pthread_create)
                             0000327a   dpl_cc26x2.a : SemaphoreP_tirtos.oem4f (.text:SemaphoreP_constructBinary)
                             000032a4                : SemaphoreP_tirtos.oem4f (.text:SemaphoreP_createBinary)
ti_sysbios_knl_Queue_construct  $Tramp$TT$L$PI$$ti_sysbios_knl_Queue_construct
   1002dee5     00003b48     0000133a   rom_sysbios.aem4f : rom_sysbios.obj (.text:pthread_create)
xdc_runtime_Memory_alloc__E  $Tramp$TT$L$PI$$xdc_runtime_Memory_alloc__E
   1002f289     00003b50     000012e2   rom_sysbios.aem4f : rom_sysbios.obj (.text:pthread_create)
                             00003254   release_pem4f.oem4f (.text:ti_sysbios_rts_MemAlloc_alloc)
ti_sysbios_knl_Task_Params__init__S  $Tramp$TT$L$PI$$ti_sysbios_knl_Task_Params__init__S
   1002ec09     00003b58     000012ce   rom_sysbios.aem4f : rom_sysbios.obj (.text:pthread_create)
ti_sysbios_family_arm_m3_Hwi_restoreFxn__E  $Tramp$TT$L$PI$$ti_sysbios_family_arm_m3_Hwi_restoreFxn__E
   1002ec47     00003b60     00000d3a   drivers_cc26x2.a : PINCC26XX.oem4f (.text:PINCC26XX_setIoCfg)
                             00000d80                    : PINCC26XX.oem4f (.text:PINCC26XX_setIoCfg)
                             00000e2a                    : GPIOCC26XX.oem4f (.text:GPIO_setConfig)
                             00000e5a                    : GPIOCC26XX.oem4f (.text:GPIO_setConfig)
                             00000ef2                    : I2CCC26XX.oem4f (.text:I2C_open)
                             00000f02                    : I2CCC26XX.oem4f (.text:I2C_open)
                             00000f20                    : I2CCC26XX.oem4f (.text:I2C_open)
                             0000147e                    : GPIOCC26XX.oem4f (.text:GPIO_init)
                             00001484                    : GPIOCC26XX.oem4f (.text:GPIO_init)
                             000015c8                    : PowerCC26X2.oem4f (.text:Power_releaseDependency)
                             0000173e                    : PowerCC26X2.oem4f (.text:Power_setDependency)
                             0000269e                    : GPIOCC26XX.oem4f (.text:GPIO_write)
                             000027e6                    : PowerCC26X2_calibrateRCOSC.oem4f (.text:PowerCC26X2_initiateCalibration)
                             00002ba6                    : PowerCC26X2.oem4f (.text:switchXOSCHF)
                             00003012                    : GPIOCC26XX.oem4f (.text:GPIO_toggle)
                             0000313c                    : PowerCC26X2.oem4f (.text:Power_releaseConstraint)
                             0000316c                    : PowerCC26X2.oem4f (.text:Power_setConstraint)
                             000033b4                    : List.oem4f (.text:List_put)
xdc_runtime_System_doPrint__I  $Tramp$TT$L$PI$$xdc_runtime_System_doPrint__I
   1002ecf1     00003b68     000008d2   release_pem4f.oem4f (.text:xdc_runtime_System_printfExtend__I)

[58 trampolines]
[105 trampoline calls]


GLOBAL SYMBOLS: SORTED ALPHABETICALLY BY Name 

address   name                                                               
-------   ----                                                               
000040b0  BoardGpioInitTable                                                 
000034dd  Board_init                                                         
000003d3  Board_initHook                                                     
00001ffd  Board_sendExtFlashByte                                             
00002c9d  Board_shutDownExtFlash                                             
000029c9  Board_wakeUpExtFlash                                               
00004158  CONFIG_GPIO_LED_0_CONST                                            
00003939  ClockP_Params_init                                                 
00002cdd  ClockP_construct                                                   
00003969  ClockP_getCpuFreq                                                  
00003891  ClockP_getSystemTickPeriod                                         
1002dc11  ClockP_getSystemTicks                                              
0000396d  ClockP_start                                                       
00003971  ClockP_stop                                                        
00004074  GPIOCC26XX_config                                                  
00003089  GPIO_hwiIntFxn                                                     
00001465  GPIO_init                                                          
000030b9  GPIO_setCallback                                                   
00000db9  GPIO_setConfig                                                     
00002fed  GPIO_toggle                                                        
0000264d  GPIO_write                                                         
00004000  HEAPSIZE                                                           
00003815  HwiP_Params_init                                                   
00002ddd  HwiP_construct                                                     
00003975  HwiP_disable                                                       
1002ec47  HwiP_restore                                                       
00001bc1  I2CSupport_primeTransfer                                           
00003835  I2C_Params_init                                                    
00004124  I2C_config                                                         
0000415a  I2C_count                                                          
000040c0  I2C_defaultParams                                                  
000016a3  I2C_init                                                           
00000ec9  I2C_open                                                           
UNDEFED   ITM_flush                                                          
UNDEFED   ITM_restore                                                        
00003395  List_put                                                           
00003021  NOROM_AUXSYSIFOpModeChange                                         
0000389d  NOROM_CPUcpsid                                                     
000038a9  NOROM_CPUcpsie                                                     
00003953  NOROM_CPUdelay                                                     
000035d9  NOROM_ChipInfo_GetChipFamily                                       
00002449  NOROM_ChipInfo_GetChipType                                         
00002bd1  NOROM_ChipInfo_GetHwRevision                                       
0000369d  NOROM_ChipInfo_GetPackageType                                      
00001c49  NOROM_OSCHF_AttemptToSwitchToXosc                                  
000024b5  NOROM_OSCHF_SwitchToRcOscTurnOffXosc                               
000033bd  NOROM_OSCHF_TurnOnXosc                                             
00002d1d  NOROM_OSC_HPOSCRelativeFrequencyOffsetGet                          
00002921  NOROM_PRCMPowerDomainsAllOff                                       
00002a15  NOROM_PRCMPowerDomainsAllOn                                        
00001a91  NOROM_SetupTrimDevice                                              
00003055  NOROM_SysCtrlIdle                                                  
00002105  NOROM_SysCtrlSetRechargeBeforePowerDown                            
000010d5  NOROM_SysCtrlStandby                                               
0000375d  NOROM_ThisLibraryIsFor_CC13x2_CC26x2_HwRev20AndLater_HaltIfViolated
00003845  PINCC26XX_getPinCount                                              
0000412c  PINCC26XX_hwAttrs                                                  
000030e9  PINCC26XX_setMux                                                   
00002369  PIN_add                                                            
0000359d  PIN_close                                                          
0000003d  PIN_init                                                           
0000175d  PIN_open                                                           
000038b5  PIN_registerIntCb                                                  
000026ad  PIN_remove                                                         
00002f0d  PIN_setConfig                                                      
00002e1d  PIN_setOutputValue                                                 
00002b41  PowerCC26X2_RCOSC_clockFunc                                        
000022f5  PowerCC26X2_auxISR                                                 
0000379f  PowerCC26X2_calibrate                                              
00004088  PowerCC26X2_config                                                 
000027c1  PowerCC26X2_initiateCalibration                                    
20004110  PowerCC26X2_module                                                 
00003681  PowerCC26XX_calibrate                                              
00003611  PowerCC26XX_schedulerDisable                                       
0000362d  PowerCC26XX_schedulerRestore                                       
0000139d  PowerCC26XX_standbyPolicy                                          
20004c54  PowerCC26XX_swiKey                                                 
20004c58  PowerCC26XX_taskKey                                                
000038c1  Power_getConstraintMask                                            
000038cd  Power_getDependencyCount                                           
000035bb  Power_getTransitionLatency                                         
000036b5  Power_idleFunc                                                     
00000a11  Power_init                                                         
00003345  Power_registerNotify                                               
00003119  Power_releaseConstraint                                            
00001529  Power_releaseDependency                                            
00003149  Power_setConstraint                                                
000016a5  Power_setDependency                                                
000003d5  Power_sleep                                                        
00003b70  ROM_constStruct                                                    
00003fc4  ROM_externFuncPtrs                                                 
20004280  ROM_stateStruct                                                    
00002819  ResetISR                                                           
UNDEFED   SHT$$INIT_ARRAY$$Base                                              
UNDEFED   SHT$$INIT_ARRAY$$Limit                                             
00003269  SemaphoreP_constructBinary                                         
00003295  SemaphoreP_createBinary                                            
000038d9  SemaphoreP_delete                                                  
000037f1  SemaphoreP_pend                                                    
00003979  SemaphoreP_post                                                    
00003855  SwiP_Params_init                                                   
00002975  SwiP_construct                                                     
0000397d  SwiP_getTrigger                                                    
00003981  SwiP_or                                                            
00003985  SwiP_post                                                          
1002db61  SwiP_restore                                                       
00004159  TEST_I2C_CONST                                                     
00002ed1  _ZN6I2CdevC1E11I2C_BitRateh                                        
00002ed1  _ZN6I2CdevC2E11I2C_BitRateh                                        
000038e5  _ZSt15get_new_handlerv                                             
000034b9  _Znwj                                                              
00000000  __ASM__                                                            
0000008a  __ISA__                                                            
0000009d  __PLAT__                                                           
20014000  __STACK_END                                                        
00000400  __STACK_SIZE                                                       
000000c4  __TARG__                                                           
00004310  __TI_CINIT_Base                                                    
00004338  __TI_CINIT_Limit                                                   
000042e0  __TI_Handler_Table_Base                                            
000042ec  __TI_Handler_Table_Limit                                           
000018b5  __TI_auto_init                                                     
0000251d  __TI_decompress_lzss                                               
00003865  __TI_decompress_none                                               
ffffffff  __TI_pprof_out_hndl                                                
ffffffff  __TI_prof_data_size                                                
ffffffff  __TI_prof_data_start                                               
00000000  __TI_static_base__                                                 
00003909  __TI_zero_init                                                     
000000ea  __TRDR__                                                           
00001ef1  __aeabi_cdcmpeq                                                    
00001ef1  __aeabi_cdcmple                                                    
00001f77  __aeabi_cdrcmple                                                   
00002c59  __aeabi_d2uiz                                                      
00000227  __aeabi_dadd                                                       
00000fd9  __aeabi_dmul                                                       
0000021d  __aeabi_dsub                                                       
00002f7d  __aeabi_f2d                                                        
00002e1b  __aeabi_idiv0                                                      
00002e1b  __aeabi_ldiv0                                                      
000036e5  __aeabi_lmul                                                       
00002205  __aeabi_memclr                                                     
00002205  __aeabi_memclr4                                                    
00002205  __aeabi_memclr8                                                    
000019f5  __aeabi_memcpy                                                     
000019f5  __aeabi_memcpy4                                                    
000019f5  __aeabi_memcpy8                                                    
00002207  __aeabi_memset                                                     
00002207  __aeabi_memset4                                                    
00002207  __aeabi_memset8                                                    
0000351d  __aeabi_ui2d                                                       
00002d5d  __aeabi_uidiv                                                      
00002d5d  __aeabi_uidivmod                                                   
00001b29  __aeabi_uldivmod                                                   
ffffffff  __binit__                                                          
ffffffff  __c_args__                                                         
00057fa8  __ccfg                                                             
20004110  __primary_heap_end__                                               
20000110  __primary_heap_start__                                             
20013c00  __stack                                                            
20000000  __start___llvm_prf_cnts                                            
20000000  __stop___llvm_prf_cnts                                             
000036cd  _args_main                                                         
00002819  _c_int00                                                           
20004590  _hposcCoeffs                                                       
20004624  _lock                                                              
00001bbf  _nop                                                               
000033e1  _pthread_cleanupFxn                                                
00003773  _pthread_cleanup_pop                                               
00001cd1  _pthread_removeThreadKeys                                          
000038f1  _register_lock                                                     
000038fd  _register_unlock                                                   
20004628  _unlock                                                            
ffffffff  binit                                                              
00002a61  copy_in                                                            
20004c5c  driverlib_release_0_59848                                          
200044b4  gpioCallbackFunctions                                              
200046a4  gpioPinConfigs                                                     
00004030  i2cCC26xxHWAttrs                                                   
200048c0  i2cCC26xxObjects                                                   
000040f0  inPinTypes                                                         
000025e9  main                                                               
00002aad  mainThread                                                         
200046ac  main_func_sp                                                       
00003239  malloc                                                             
000019f5  memcpy                                                             
0000220d  memset                                                             
000040fc  outPinStrengths                                                    
000040e0  outPinTypes                                                        
20004adc  pinHandleTable                                                     
20004630  pinLowerBound                                                      
2000462c  pinUpperBound                                                      
00003429  pthread_attr_init                                                  
00003873  pthread_attr_setdetachstate                                        
000037b3  pthread_attr_setschedparam                                         
0000395f  pthread_attr_setstacksize                                          
000012b1  pthread_create                                                     
00002871  pthread_exit                                                       
00003915  pthread_self                                                       
000032ed  pthread_setcancelstate                                             
00003f28  resourceDB                                                         
00002e59  sleep                                                              
1002fddb  strlen                                                             
[...]
1002eb13  ti_sysbios_heaps_HeapMem_restore__E                                
1002eb21  ti_sysbios_knl_Queue_empty__E                                      
1002eb2f  ti_sysbios_knl_Queue_remove__E                                     
1002eb3d  ti_sysbios_family_arm_cc26xx_TimestampProvider_getFreq__E          
1002eb3d  xdc_runtime_Timestamp_SupportProxy_getFreq__E                      
1002eb3d  xdc_runtime_Timestamp_SupportProxy_getFreq__E                      
1002eb3d  xdc_runtime_Timestamp_getFreq__E                                   
1002eb3d  xdc_runtime_Timestamp_getFreq__E                                   
1002eb49  ti_sysbios_family_arm_m3_Hwi_Params__init__S                       
1002eb49  ti_sysbios_hal_Hwi_HwiProxy_Params__init__S                        
1002eb55  ti_sysbios_family_arm_m3_Hwi_disableFxn__E                         
1002eb61  ti_sysbios_family_arm_m3_Hwi_enableFxn__E                          
1002eb6d  ti_sysbios_gates_GateHwi_enter__E                                  
1002eb79  ti_sysbios_BIOS_RtsGateProxy_Params__init__S                       
1002eb79  ti_sysbios_gates_GateMutex_Params__init__S                         
1002eb79  ti_sysbios_heaps_HeapMem_Module_GateProxy_Params__init__S          
1002eb85  ti_sysbios_heaps_HeapTrack_Params__init__S                         
1002eb91  ti_sysbios_heaps_HeapTrack_isBlocking__E                           
1002eb9d  ti_sysbios_knl_Clock_Params__init__S                               
1002eba9  ti_sysbios_knl_Clock_getTimerHandle__E                             
1002ebb5  ti_sysbios_knl_Event_Params__init__S                               
1002ebc1  ti_sysbios_knl_Mailbox_Params__init__S                             
1002ebcd  ti_sysbios_knl_Queue_dequeue__E                                    
1002ebd9  ti_sysbios_knl_Queue_enqueue__E                                    
1002ebe5  ti_sysbios_knl_Semaphore_Params__init__S                           
1002ebf1  ti_sysbios_knl_Swi_Params__init__S                                 
1002ebfd  ti_sysbios_knl_Swi_self__E                                         
1002ec09  ti_sysbios_knl_Task_Params__init__S                                
1002ec15  ti_sysbios_hal_Hwi_Instance_finalize__E                            
1002ec1f  ti_sysbios_knl_Event_Instance_init__E                              
1002ec29  ti_sysbios_family_arm_m3_Hwi_doSwiRestore__I                       
1002ec31  ti_sysbios_family_arm_m3_Hwi_startup__E                            
1002ec31  ti_sysbios_hal_Hwi_HwiProxy_startup__E                             
1002ec31  ti_sysbios_hal_Hwi_HwiProxy_startup__E                             
1002ec31  ti_sysbios_hal_Hwi_startup__E                                      
1002ec31  ti_sysbios_hal_Hwi_startup__E                                      
1002ec39  ti_sysbios_knl_Idle_loop__E                                        
1002ec41  ti_sysbios_family_arm_m3_Hwi_doTaskRestore__I                      
1002ec47  HwiP_restore                                                       
1002ec47  ti_sysbios_family_arm_m3_Hwi_restoreFxn__E                         
1002ec4d  ti_sysbios_gates_GateHwi_leave__E                                  
1002ec53  ti_sysbios_gates_GateMutex_Instance_finalize__E                    
1002ec59  ti_sysbios_heaps_HeapMem_isBlocking__E                             
1002ec5f  ti_sysbios_knl_Queue_Instance_init__E                              
1002ec65  ti_sysbios_knl_Queue_elemClear__E                                  
1002ec6b  ti_sysbios_knl_Swi_startup__E                                      
1002ec71  ti_sysbios_knl_Task_enable__E                                      
1002ec77  ti_sysbios_BIOS_RtsGateProxy_enter__E                              
1002ec7b  ti_sysbios_BIOS_RtsGateProxy_leave__E                              
1002ec7f  ti_sysbios_family_arm_cc26xx_Timer_getExpiredTicks__E              
1002ec83  ti_sysbios_family_arm_cc26xx_Timer_getPeriod__E                    
1002ec87  ti_sysbios_family_arm_cc26xx_Timer_setPeriod__E                    
1002ec8b  ti_sysbios_family_arm_m3_Hwi_delete                                
1002ec8f  ti_sysbios_family_arm_m3_TaskSupport_Module__startupDone__S        
1002ec8f  ti_sysbios_knl_Task_SupportProxy_Module__startupDone__S            
1002ec93  ti_sysbios_gates_GateHwi_query__E                                  
1002ec93  xdc_runtime_Main_Module_GateProxy_query__E                         
1002ec93  xdc_runtime_System_Module_GateProxy_query__E                       
1002ec93  xdc_runtime_System_Module_GateProxy_query__E                       
1002ec97  ti_sysbios_gates_GateMutex_delete                                  
1002ec9b  ti_sysbios_BIOS_RtsGateProxy_query__E                              
1002ec9b  ti_sysbios_BIOS_RtsGateProxy_query__E                              
1002ec9b  ti_sysbios_gates_GateMutex_query__E                                
1002ec9b  ti_sysbios_heaps_HeapMem_Module_GateProxy_query__E                 
1002ec9b  ti_sysbios_heaps_HeapMem_Module_GateProxy_query__E                 
1002ec9f  ti_sysbios_hal_Hwi_HwiProxy_create                                 
1002eca3  ti_sysbios_hal_Hwi_HwiProxy_delete                                 
1002eca7  ti_sysbios_hal_Hwi_delete                                          
1002ecab  ti_sysbios_heaps_HeapMem_Module_GateProxy_enter__E                 
1002ecaf  ti_sysbios_heaps_HeapMem_Module_GateProxy_leave__E                 
1002ecb3  ti_sysbios_knl_Clock_TimerProxy_getExpiredTicks__E                 
1002ecb7  ti_sysbios_knl_Clock_TimerProxy_getPeriod__E                       
1002ecbb  ti_sysbios_knl_Clock_delete                                        
1002ecbf  ti_sysbios_knl_Clock_removeI__E                                    
1002ecc3  ti_sysbios_knl_Clock_setTimeout__E                                 
1002ecc7  ti_sysbios_knl_Event_delete                                        
1002eccb  ti_sysbios_knl_Mailbox_delete                                      
1002eccf  ti_sysbios_knl_Queue_delete                                        
1002ecd3  ti_sysbios_knl_Queue_head__E                                       
1002ecd7  ti_sysbios_knl_Queue_next__E                                       
1002ecdb  ti_sysbios_knl_Semaphore_delete                                    
1002ecdf  ti_sysbios_knl_Swi_delete                                          
1002ece3  ti_sysbios_knl_Swi_postInit__I                                     
1002ece7  ti_sysbios_knl_Task_delete                                         
1002eceb  ti_sysbios_knl_Task_startup__E                                     
1002ecf1  xdc_runtime_System_doPrint__I                                      
1002f055  xdc_runtime_Startup_startMods__I                                   
1002f15d  xdc_runtime_Text_putSite__E                                        
1002f1f7  xdc_runtime_Error_policySpin__E                                    
1002f1f9  xdc_runtime_Text_putMod__E                                         
1002f289  xdc_runtime_Memory_alloc__E                                        
1002f2f9  xdc_runtime_Core_createObject__I                                   
1002f367  xdc_runtime_Core_deleteObject__I                                   
1002f3c5  xdc_runtime_Text_putLab__E                                         
1002f421  xdc_runtime_Assert_raise__I                                        
1002f475  xdc_runtime_Startup_exec__E                                        
1002f4c9  xdc_runtime_Core_assignParams__I                                   
1002f511  xdc_runtime_Core_constructObject__I                                
1002f559  xdc_runtime_System_atexit__E                                       
1002f5a1  xdc_runtime_Text_xprintf__I                                        
1002f5e5  xdc_runtime_System_processAtExit__E                                
1002f625  xdc_runtime_System_putchar__I                                      
1002f659  xdc_runtime_Core_assignLabel__I                                    
1002f689  xdc_runtime_Text_printVisFxn__I                                    
1002f6b9  xdc_runtime_System_vprintf__E                                      
1002f6e5  xdc_runtime_Text_cordText__E                                       
1002f711  xdc_runtime_System_abort__E                                        
1002f739  xdc_runtime_Error_raiseX__E                                        
1002f759  xdc_runtime_Registry_findById__E                                   
1002f779  xdc_runtime_Error_check__E                                         
1002f795  xdc_runtime_Memory_valloc__E                                       
1002f7b1  xdc_runtime_System_exit__E                                         
1002f7cd  xdc_runtime_Text_ropeText__E                                       
1002f7e9  xdc_runtime_System_printf__E                                       
1002f803  xdc_runtime_Core_destructObject__I                                 
1002f81b  xdc_runtime_System_abortSpin__E                                    
1002f81d  xdc_runtime_Memory_free__E                                         
1002f831  xdc_runtime_Memory_getStats__E                                     
1002f845  xdc_runtime_SysCallback_abort__E                                   
1002f845  xdc_runtime_System_SupportProxy_abort__E                           
1002f859  xdc_runtime_SysCallback_exit__E                                    
1002f859  xdc_runtime_System_SupportProxy_exit__E                            
1002f86d  xdc_runtime_SysCallback_flush__E                                   
1002f86d  xdc_runtime_System_SupportProxy_flush__E                           
1002f86d  xdc_runtime_System_flush__E                                        
1002f881  xdc_runtime_SysCallback_putch__E                                   
1002f881  xdc_runtime_System_SupportProxy_putch__E                           
1002f895  xdc_runtime_SysCallback_ready__E                                   
1002f895  xdc_runtime_System_SupportProxy_ready__E                           
1002f8a9  xdc_runtime_Memory_getMaxDefaultTypeAlign__E                       
1002f8b9  xdc_runtime_System_vsnprintf__E                                    
1002f8c9  xdc_runtime_Timestamp_SupportProxy_get32__E                        
1002f8c9  xdc_runtime_Timestamp_SupportProxy_get32__E                        
1002f8c9  xdc_runtime_Timestamp_get32__E                                     
1002f8c9  xdc_runtime_Timestamp_get32__E                                     
1002f8d9  xdc_runtime_Memory_calloc__E                                       
1002f8e5  xdc_runtime_Startup_rtsDone__E                                     
1002f8f1  xdc_runtime_Memory_HeapProxy_alloc__E                              
1002f8fb  xdc_runtime_Memory_HeapProxy_free__E                               
1002f905  xdc_runtime_Memory_HeapProxy_getStats__E                           
1002f90f  xdc_runtime_Gate_leaveSystem__E                                    
1002f915  xdc_runtime_System_Module_startup__E                               
1002f91b  xdc_runtime_Gate_enterSystem__E                                    
1002f91f  xdc_runtime_SysCallback_Module__startupDone__S                     
1002f91f  xdc_runtime_System_SupportProxy_Module__startupDone__S             
1002f923  xdc_runtime_System_Module_GateProxy_enter__E                       
1002f927  xdc_runtime_System_Module_GateProxy_leave__E                       
1002f92b  xdc_runtime_System_printf_va__F                                    
1002f92f  xdc_runtime_System_exitSpin__E                                     
1002f931  ti_sysbios_family_arm_m3_Hwi_dispatch__I                           
1002fa11  ti_sysbios_family_arm_m3_Hwi_interruptsAreDisabledButShouldNotBe   
1002fa2d  ti_sysbios_family_arm_m3_TaskSupport_buildTaskStack                
1002fab9  ti_sysbios_family_arm_m3_Hwi_initStacks__E                         
1002fb11  ti_sysbios_family_arm_m3_Hwi_pendSV__I                             
1002fb35  ti_sysbios_family_arm_m3_Hwi_return                                
1002fb39  ti_sysbios_family_arm_m3_Hwi_excHandlerAsm__I                      
1002fb59  ti_sysbios_family_xxx_Hwi_switchAndRunFunc                         
1002fb77  ti_sysbios_family_arm_m3_TaskSupport_swap__E                       
1002fb77  ti_sysbios_knl_Task_SupportProxy_swap__E                           
1002fb77  ti_sysbios_knl_Task_SupportProxy_swap__E                           
1002fb83  ti_sysbios_knl_Task_swapReturn                                     
1002fb8f  ti_sysbios_family_arm_m3_TaskSupport_glue                          
1002fba0  ti_sysbios_knl_Task_Object__PARAMS__C                              
1002fbdc  ti_sysbios_knl_Mailbox_Object__PARAMS__C                           
1002fc10  ti_sysbios_family_arm_m3_Hwi_Object__PARAMS__C                     
1002fc40  ti_sysbios_hal_Hwi_Object__PARAMS__C                               
1002fc6c  ti_sysbios_knl_Swi_Object__PARAMS__C                               
1002fc94  ti_sysbios_heaps_HeapMem_Object__PARAMS__C                         
1002fcb8  ti_sysbios_knl_Clock_Object__PARAMS__C                             
1002fcdc  ti_sysbios_knl_Semaphore_Object__PARAMS__C                         
1002fd00  ti_sysbios_gates_GateHwi_Object__PARAMS__C                         
1002fd18  ti_sysbios_gates_GateMutex_Object__PARAMS__C                       
1002fd30  ti_sysbios_knl_Event_Object__PARAMS__C                             
1002fd48  ti_sysbios_knl_Queue_Object__PARAMS__C                             
1002fd80  ti_sysbios_heaps_HeapTrack_Object__PARAMS__C                       
1002fd9c  ti_sysbios_heaps_HeapTrack_Instance_State_trackQueue__O            
1002fda0  ti_sysbios_heaps_HeapTrack_Module__diagsEnabled__C                 
1002fda4  ti_sysbios_heaps_HeapTrack_Module__diagsIncluded__C                
1002fda8  ti_sysbios_heaps_HeapTrack_Module__diagsMask__C                    
1002fddb  strlen                                                             
20000000  __start___llvm_prf_cnts                                            
20000000  __stop___llvm_prf_cnts                                             
20000000  ti_sysbios_family_arm_m3_Hwi_ramVectors                            
20000100  xdcRomConstPtr                                                     
20000104  xdcRomExternFuncPtr                                                
20000108  xdcRomStatePtr                                                     
20000110  __primary_heap_start__                                             
20004110  PowerCC26X2_module                                                 
20004110  __primary_heap_end__                                               
20004280  ROM_stateStruct                                                    
20004280  ti_sysbios_knl_Clock_Module__state__V                              
200042ac  ti_sysbios_family_arm_cc26xx_TimestampProvider_Module__state__V    
200042b0  xdc_runtime_Startup_Module__state__V                               
200042b8  xdc_runtime_Registry_Module__state__V                              
200042c0  ti_sysbios_BIOS_Module__state__V                                   
200042e4  ti_sysbios_knl_Swi_Module__state__V                                
20004300  ti_sysbios_knl_Task_Module__state__V                               
20004344  xdc_runtime_Memory_Module__state__V                                
20004348  xdc_runtime_System_Module__state__V                                
20004350  ti_sysbios_family_arm_m3_Hwi_Module__state__V                      
20004384  ti_sysbios_family_arm_cc26xx_Timer_Module__state__V                
20004414  ti_sysbios_gates_GateMutex_Object__table__V                        
20004468  ti_sysbios_knl_Task_Object__table__V                               
200044b4  gpioCallbackFunctions                                              
200044b8  ti_sysbios_family_arm_cc26xx_Timer_Object__table__V                
20004500  ti_sysbios_knl_Swi_Module_State_0_readyQ__A                        
20004530  ti_sysbios_knl_Swi_Object__table__V                                
20004560  ti_sysbios_knl_Task_Module_State_0_readyQ__A                       
20004590  _hposcCoeffs                                                       
200045b4  ti_sysbios_knl_Clock_Object__table__V                              
200045d4  xdc_runtime_Error_IgnoreBlock                                      
200045f4  ti_sysbios_family_arm_m3_Hwi_Object__table__V                      
2000460c  ti_sysbios_heaps_HeapMem_Object__table__V                          
20004624  _lock                                                              
20004628  _unlock                                                            
2000462c  pinUpperBound                                                      
20004630  pinLowerBound                                                      
20004634  ti_sysbios_family_arm_m3_Hwi_Module__root__V                       
2000463c  ti_sysbios_gates_GateHwi_Module__root__V                           
20004644  ti_sysbios_gates_GateMutex_Module__root__V                         
2000464c  ti_sysbios_hal_Hwi_Module__root__V                                 
20004654  ti_sysbios_heaps_HeapMem_Module__root__V                           
2000465c  ti_sysbios_knl_Clock_Module__root__V                               
20004664  ti_sysbios_knl_Event_Module__root__V                               
2000466c  ti_sysbios_knl_Mailbox_Module__root__V                             
20004674  ti_sysbios_knl_Queue_Module__root__V                               
2000467c  ti_sysbios_knl_Semaphore_Module__root__V                           
20004684  ti_sysbios_knl_Swi_Module__root__V                                 
2000468c  ti_sysbios_knl_Task_Module__root__V                                
20004694  xdc_runtime_System_Module_State_0_atexitHandlers__A                
200046a2  ti_sysbios_family_arm_m3_Hwi_Module_State_0_excActive__A           
200046a4  gpioPinConfigs                                                     
200046ac  main_func_sp                                                       
200046b0  ti_sysbios_family_arm_m3_Hwi_Module_State_0_excContext__A          
200046b4  ti_sysbios_family_arm_m3_Hwi_Module_State_0_excStack__A            
200046b8  ti_sysbios_knl_Task_Module_State_0_idleTask__A                     
200046c0  ti_sysbios_knl_Task_Instance_State_0_stack__A                      
200048c0  i2cCC26xxObjects                                                   
20004a04  ti_sysbios_family_arm_m3_Hwi_dispatchTable                         
20004adc  pinHandleTable                                                     
20004c54  PowerCC26XX_swiKey                                                 
20004c58  PowerCC26XX_taskKey                                                
20004c5c  driverlib_release_0_59848                                          
20013c00  __stack                                                            
20014000  __STACK_END                                                        
e000e000  ti_sysbios_family_arm_m3_Hwi_nvic                                  
ffffffff  __TI_pprof_out_hndl                                                
ffffffff  __TI_prof_data_size                                                
ffffffff  __TI_prof_data_start                                               
ffffffff  __binit__                                                          
ffffffff  __c_args__                                                         
ffffffff  binit                                                              
UNDEFED   ITM_flush                                                          
UNDEFED   ITM_restore                                                        
UNDEFED   SHT$$INIT_ARRAY$$Base                                              
UNDEFED   SHT$$INIT_ARRAY$$Limit                                             

[827 symbols]
