******************************************************************************
                  TI ARM Linker PC v20.2.4                     
******************************************************************************
>> Linked Tue Apr 13 13:55:28 2021

OUTPUT FILE NAME:   <empty_CC26X2R1_LAUNCHXL_tirtos_ccs.out>
ENTRY POINT SYMBOL: "ResetISR"  address: 00003615


MEMORY CONFIGURATION

         name            origin    length      used     unused   attr    fill
----------------------  --------  ---------  --------  --------  ----  --------
  FLASH                 00000000   00058000  000055e0  00052a20  R  X
  GPRAM                 11000000   00002000  00000000  00002000  RW X
  SRAM                  20000000   00014000  0000507d  0000ef83  RW X
  LOG_DATA              90000000   00040000  00000000  00040000  R   


SEGMENT ALLOCATION MAP

run origin  load origin   length   init length attrs members
----------  ----------- ---------- ----------- ----- -------
00000000    00000000    00005588   00005588    r-x
  00000000    00000000    0000003c   0000003c    r-- .resetVecs
  0000003c    0000003c    00004d14   00004d14    r-x .text
  00004d50    00004d50    00000650   00000650    r-- .const
  000053a0    000053a0    000001e8   000001e8    r-- .cinit
00057fa8    00057fa8    00000058   00000058    r--
  00057fa8    00057fa8    00000058   00000058    r-- .ccfg
20000100    20000100    0000000c   00000000    rw-
  20000100    20000100    00000004   00000000    rw- .data:xdcRomConstPtr
  20000104    20000104    00000004   00000000    rw- .data:xdcRomExternFuncPtr
  20000108    20000108    00000004   00000000    rw- .data:xdcRomStatePtr
20000110    20000110    00004000   00000000    r--
  20000110    20000110    00004000   00000000    r-- .priheap
20004110    20004110    00000b9c   00000000    rw-
  20004110    20004110    000005e5   00000000    rw- .bss
  200046f8    200046f8    000005b4   00000000    rw- .data
20013c00    20013c00    00000400   00000000    rw-
  20013c00    20013c00    00000400   00000000    rw- .stack


SECTION ALLOCATION MAP

 output                                  attributes/
section   page    origin      length       input sections
--------  ----  ----------  ----------   ----------------
.binit     0    00000000    00000000     

.cinit     0    000053a0    000001e8     
                  000053a0    00000190     (.cinit..data.load) [load image, compression = lzss]
                  00005530    0000000c     (__TI_handler_table)
                  0000553c    00000004     --HOLE-- [fill = 0]
                  00005540    00000008     (.cinit..bss.load) [load image, compression = zero_init]
                  00005548    00000008     (.cinit..data:xdcRomConstPtr.load) [load image, compression = lzss]
                  00005550    00000008     (.cinit..data:xdcRomExternFuncPtr.load) [load image, compression = lzss]
                  00005558    00000008     (.cinit..data:xdcRomStatePtr.load) [load image, compression = lzss]
                  00005560    00000028     (__TI_cinit_table)

.init_array 
*          0    00000000    00000000     UNINITIALIZED

.ccfg      0    00057fa8    00000058     
                  00057fa8    00000058     ti_devices_config.obj (.ccfg:retain)

.bss       0    20004110    000005e5     UNINITIALIZED
                  20004110    00000200     release_pem4f.oem4f (.bss:taskStackSection)
                  20004310    00000144     (.common:i2cCC26xxObjects)
                  20004454    000000d8     (.common:ti_sysbios_family_arm_m3_Hwi_dispatchTable)
                  2000452c    0000007c     (.common:pinHandleTable)
                  200045a8    00000050     drivers_cc26x2.a : PINCC26XX.oem4f (.bss:pinSemaphore)
                  200045f8    00000034                      : PINCC26XX.oem4f (.bss:pinSwi)
                  2000462c    00000028     (.common:ButtonObjects)
                  20004654    00000020                      : GPIOCC26XX.oem4f (.bss:gpioCallbackInfo)
                  20004674    00000020                      : PINCC26XX.oem4f (.bss:pinGpioConfigTable)
                  20004694    0000001c                      : PINCC26XX.oem4f (.bss:pinHwi)
                  200046b0    0000001c     (.common:semStruct)
                  200046cc    0000000c                      : GPIOCC26XX.oem4f (.bss:gpioPinState)
                  200046d8    00000008                      : GPIOCC26XX.oem4f (.bss)
                  200046e0    00000004                      : PINCC26XX.oem4f (.bss)
                  200046e4    00000004     rtsv7M4_T_le_v4SPD16_eabi.lib : new.cpp.obj (.bss)
                  200046e8    00000004     (.common:PowerCC26XX_swiKey)
                  200046ec    00000004     (.common:PowerCC26XX_taskKey)
                  200046f0    00000004     (.common:semHandle)
                  200046f4    00000001     (.common:driverlib_release_0_59848)

.data      0    200046f8    000005b4     UNINITIALIZED
                  200046f8    00000170     drivers_cc26x2.a : PowerCC26X2.oem4f (.data:PowerCC26X2_module)
                  20004868    0000010c     release_pem4f.oem4f (.data:ROM_stateStruct)
                  20004974    00000088     rom_sysbios.aem4f : rom_sysbios.obj (.data:$O1$$)
                  200049fc    00000054     release_pem4f.oem4f (.data:ti_sysbios_gates_GateMutex_Object__table__V)
                  20004a50    0000004c     release_pem4f.oem4f (.data:ti_sysbios_knl_Task_Object__table__V)
                  20004a9c    00000004     drivers_cc26x2.a : GPIOCC26XX.oem4f (.data:gpioPinTable)
                  20004aa0    00000048     release_pem4f.oem4f (.data:ti_sysbios_family_arm_cc26xx_Timer_Object__table__V)
                  20004ae8    00000030     release_pem4f.oem4f (.data:ti_sysbios_knl_Swi_Module_State_0_readyQ__A)
                  20004b18    00000030     release_pem4f.oem4f (.data:ti_sysbios_knl_Swi_Object__table__V)
                  20004b48    00000030     release_pem4f.oem4f (.data:ti_sysbios_knl_Task_Module_State_0_readyQ__A)
                  20004b78    00000024     driverlib.lib : osc.obj (.data:$O1$$)
                  20004b9c    00000020     release_pem4f.oem4f (.data:ti_sysbios_knl_Clock_Object__table__V)
                  20004bbc    00000020     release_pem4f.oem4f (.data:xdc_runtime_Error_IgnoreBlock)
                  20004bdc    00000018     release_pem4f.oem4f (.data:ti_sysbios_family_arm_m3_Hwi_Object__table__V)
                  20004bf4    00000018     release_pem4f.oem4f (.data:ti_sysbios_heaps_HeapMem_Object__table__V)
                  20004c0c    00000008     rtsv7M4_T_le_v4SPD16_eabi.lib : _lock.c.obj (.data:$O1$$)
                  20004c14    00000008     drivers_cc26x2.a : PINCC26XX.oem4f (.data)
                  20004c1c    00000008     ti_drivers_config.obj (.data:gpioCallbackFunctions)
                  20004c24    00000008     ti_drivers_config.obj (.data:gpioPinConfigs)
                  20004c2c    00000008     release_pem4f.oem4f (.data:ti_sysbios_family_arm_m3_Hwi_Module__root__V)
                  20004c34    00000008     release_pem4f.oem4f (.data:ti_sysbios_gates_GateHwi_Module__root__V)
                  20004c3c    00000008     release_pem4f.oem4f (.data:ti_sysbios_gates_GateMutex_Module__root__V)
                  20004c44    00000008     release_pem4f.oem4f (.data:ti_sysbios_hal_Hwi_Module__root__V)
                  20004c4c    00000008     release_pem4f.oem4f (.data:ti_sysbios_heaps_HeapMem_Module__root__V)
                  20004c54    00000008     release_pem4f.oem4f (.data:ti_sysbios_knl_Clock_Module__root__V)
                  20004c5c    00000008     release_pem4f.oem4f (.data:ti_sysbios_knl_Event_Module__root__V)
                  20004c64    00000008     release_pem4f.oem4f (.data:ti_sysbios_knl_Mailbox_Module__root__V)
                  20004c6c    00000008     release_pem4f.oem4f (.data:ti_sysbios_knl_Queue_Module__root__V)
                  20004c74    00000008     release_pem4f.oem4f (.data:ti_sysbios_knl_Semaphore_Module__root__V)
                  20004c7c    00000008     release_pem4f.oem4f (.data:ti_sysbios_knl_Swi_Module__root__V)
                  20004c84    00000008     release_pem4f.oem4f (.data:ti_sysbios_knl_Task_Module__root__V)
                  20004c8c    00000008     release_pem4f.oem4f (.data:xdc_runtime_System_Module_State_0_atexitHandlers__A)
                  20004c94    00000005     drivers_cc26x2.a : GPIOCC26XX.oem4f (.data)
                  20004c99    00000001     --HOLE--
                  20004c9a    00000002     release_pem4f.oem4f (.data:ti_sysbios_family_arm_m3_Hwi_Module_State_0_excActive__A)
                  20004c9c    00000004     rtsv7M4_T_le_v4SPD16_eabi.lib : stkdepth_vars.c.obj (.data)
                  20004ca0    00000004     release_pem4f.oem4f (.data:ti_sysbios_family_arm_m3_Hwi_Module_State_0_excContext__A)
                  20004ca4    00000004     release_pem4f.oem4f (.data:ti_sysbios_family_arm_m3_Hwi_Module_State_0_excStack__A)
                  20004ca8    00000004     release_pem4f.oem4f (.data:ti_sysbios_knl_Task_Module_State_0_idleTask__A)

.stack     0    20013c00    00000400     UNINITIALIZED
                  20013c00    00000400     --HOLE--

.priheap   0    20000110    00004000     UNINITIALIZED
                  20000110    00004000     --HOLE--

.log_data 
*          0    90000000    00000000     COPY SECTION

.data:xdcRomConstPtr 
*          0    20000100    00000004     UNINITIALIZED
                  20000100    00000004     release_pem4f.oem4f (.data:xdcRomConstPtr)

.data:xdcRomExternFuncPtr 
*          0    20000104    00000004     UNINITIALIZED
                  20000104    00000004     release_pem4f.oem4f (.data:xdcRomExternFuncPtr)

.data:xdcRomStatePtr 
*          0    20000108    00000004     UNINITIALIZED
                  20000108    00000004     release_pem4f.oem4f (.data:xdcRomStatePtr)

.bootVecs 
*          0    00000000    00000008     DSECT
                  00000000    00000008     boot.aem4f : boot.oem4f (.bootVecs)

.resetVecs 
*          0    00000000    0000003c     
                  00000000    0000003c     release_pem4f.oem4f (.resetVecs)

.vecs      0    20000000    000000d8     NOLOAD SECTION
                  20000000    000000d8     release_pem4f.oem4f (.vecs)

xdc.meta   0    00000000    0000010d     COPY SECTION
                  00000000    0000010d     release_pem4f.oem4f (xdc.meta)

xdc.noload 
*          0    00000000    00000000     COPY SECTION

__llvm_prf_cnts 
*          0    20000000    00000000     UNINITIALIZED

.text      0    0000003c    00004d14     
                  0000003c    00000284     empty.obj (.text:mainThread)
                  000002c0    000001e0     drivers_cc26x2.a : PINCC26XX.oem4f (.text:PIN_init)
                  000004a0    000001b6     rtsv7M4_T_le_v4SPD16_eabi.lib : fd_add_t2.asm.obj (.text)
                  00000656    00000002     ti_drivers_config.obj (.text:Board_initHook)
                  00000658    00000198     drivers_cc26x2.a : PowerCC26X2.oem4f (.text:Power_sleep)
                  000007f0    00000190                      : PowerCC26X2_calibrateRCOSC.oem4f (.text:calibrateRcoscHf1)
                  00000980    0000018c                      : PowerCC26X2_calibrateRCOSC.oem4f (.text:runCalibrateFsm)
                  00000b0c    00000188     release_pem4f.oem4f (.text:xdc_runtime_System_printfExtend__I)
                  00000c94    00000186     drivers_cc26x2.a : Button.oem4f (.text:Button_clockTimeoutHandler)
                  00000e1a    00000002                      : I2C.oem4f (.text:I2C_init)
                  00000e1c    00000174                      : PowerCC26X2.oem4f (.text:Power_init)
                  00000f90    00000158     rtsv7M4_T_le_v4SPD16_eabi.lib : e_sqrt.c.obj (.text:sqrt)
                  000010e8    00000150                                   : s_atanf.c.obj (.text:atanf)
                  00001238    00000136                                   : fd_div_t2.asm.obj (.text)
                  0000136e    00000122     drivers_cc26x2.a : I2C.oem4f (.text:I2C_transferTimeout)
                  00001490    00000120                      : PowerCC26X2.oem4f (.text:configureXOSCHF)
                  000015b0    00000114                      : PINCC26XX.oem4f (.text:PINCC26XX_setIoCfg)
                  000016c4    00000110                      : GPIOCC26XX.oem4f (.text:GPIO_setConfig)
                  000017d4    00000110                      : I2CCC26XX.oem4f (.text:I2C_open)
                  000018e4    000000fc     rtsv7M4_T_le_v4SPD16_eabi.lib : fd_mul_t2.asm.obj (.text)
                  000019e0    000000f0     driverlib.lib : sys_ctrl.obj (.text:NOROM_SysCtrlStandby)
                  00001ad0    000000ec     drivers_cc26x2.a : I2CCC26XX.oem4f (.text:I2CCC26XX_hwiFxn)
                  00001bbc    000000ec     rom_sysbios.aem4f : rom_sysbios.obj (.text:pthread_create)
                  00001ca8    000000e8     drivers_cc26x2.a : Button.oem4f (.text:Button_open)
                  00001d90    000000c8     dpl_cc26x2.a : PowerCC26X2_tirtos.oem4f (.text:PowerCC26XX_standbyPolicy)
                  00001e58    000000c4     drivers_cc26x2.a : GPIOCC26XX.oem4f (.text:GPIO_init)
                  00001f1c    000000c0                      : PowerCC26X2.oem4f (.text:Power_releaseDependency)
                  00001fdc    000000ba                      : I2CCC26XX.oem4f (.text:I2CCC26XX_swiFxn)
                  00002096    00000002     rtsv7M4_T_le_v4SPD16_eabi.lib : _lock.c.obj (.text:_nop)
                  00002098    000000b8     drivers_cc26x2.a : PowerCC26X2.oem4f (.text:Power_setDependency)
                  00002150    000000ac                      : PINCC26XX.oem4f (.text:PIN_open)
                  000021fc    000000ac     driverlib.lib : setup.obj (.text:TrimAfterColdResetWakeupFromShutDown)
                  000022a8    000000a0     auto_init.aem4f : auto_init.oem4f (.text)
                  00002348    000000a0     rom_sysbios.aem4f : rom_sysbios.obj (.text:ti_sysbios_knl_Task_setPri__E)
                  000023e8    0000009c     rtsv7M4_T_le_v4SPD16_eabi.lib : memcpy_t2.asm.obj (.text)
                  00002484    00000098     driverlib.lib : setup.obj (.text:NOROM_SetupTrimDevice)
                  0000251c    00000096     rtsv7M4_T_le_v4SPD16_eabi.lib : ull_div_t2.asm.obj (.text)
                  000025b2    00000092     I2Cdev.obj (.text:_ZN6I2Cdev10writeBytesEhhhPh)
                  00002644    0000008c     I2Cdev.obj (.text:_ZN6I2Cdev9writeBitsEhhhhh)
                  000026d0    00000088     drivers_cc26x2.a : I2CCC26XX.oem4f (.text:I2CSupport_primeTransfer)
                  00002758    00000088     driverlib.lib : osc.obj (.text:NOROM_OSCHF_AttemptToSwitchToXosc)
                  000027e0    00000088     rom_sysbios.aem4f : rom_sysbios.obj (.text:_pthread_removeThreadKeys)
                  00002868    00000088     drivers_cc26x2.a : PowerCC26X2_calibrateRCOSC.oem4f (.text:calibrateRcoscHf2)
                  000028f0    00000088                      : PowerCC26X2.oem4f (.text:disableLFClockQualifiers)
                  00002978    00000088                      : PowerCC26X2_calibrateRCOSC.oem4f (.text:updateSubSecInc)
                  00002a00    00000086     rtsv7M4_T_le_v4SPD16_eabi.lib : fd_cmp_t2.asm.obj (.text:__aeabi_cdcmple)
                  00002a86    00000086                                   : fd_cmp_t2.asm.obj (.text:__aeabi_cdrcmple)
                  00002b0c    00000084     ti_drivers_config.obj (.text:Board_sendExtFlashByte)
                  00002b90    00000084     rom_sysbios.aem4f : rom_sysbios.obj (.text:ti_sysbios_family_arm_m3_Hwi_excHandlerMin__I)
                  00002c14    00000080     driverlib.lib : sys_ctrl.obj (.text:NOROM_SysCtrlSetRechargeBeforePowerDown)
                  00002c94    00000080     rom_sysbios.aem4f : rom_sysbios.obj (.text:ti_sysbios_family_arm_cc26xx_Timer_start__E)
                  00002d14    0000007a     rtsv7M4_T_le_v4SPD16_eabi.lib : memset_t2.asm.obj (.text)
                  00002d8e    00000078     I2Cdev.obj (.text:_ZN6I2Cdev9readBytesEhhhPh)
                  00002e06    00000078     kalman.obj (.text:_ZN6Kalman12KalmanUpdateEf)
                  00002e7e    00000076     rom_sysbios.aem4f : rom_sysbios.obj (.text:ti_sysbios_heaps_HeapMem_allocUnprotected__E)
                  00002ef4    00000074     drivers_cc26x2.a : PowerCC26X2_calibrateRCOSC.oem4f (.text:PowerCC26X2_auxISR)
                  00002f68    00000070                      : PINCC26XX.oem4f (.text:PIN_add)
                  00002fd8    0000006e     rtsv7M4_T_le_v4SPD16_eabi.lib : fd_tos_t2.asm.obj (.text)
                  00003046    00000002     drivers_cc26x2.a : PowerCC26X2.oem4f (.text:emptyClockFunc)
                  00003048    0000006d     rom_sysbios.aem4f : rom_sysbios.obj (.text:xdc_runtime_System_formatNum__I)
                  000030b5    00000001     --HOLE-- [fill = 0]
                  000030b6    00000002     rtsv7M4_T_le_v4SPD16_eabi.lib : div0.asm.obj (.text)
                  000030b8    0000006c     driverlib.lib : chipinfo.obj (.text:NOROM_ChipInfo_GetChipType)
                  00003124    00000068                   : osc.obj (.text:NOROM_OSCHF_SwitchToRcOscTurnOffXosc)
                  0000318c    00000068     rtsv7M4_T_le_v4SPD16_eabi.lib : copy_decompress_lzss.c.obj (.text:decompress:lzss:__TI_decompress_lzss)
                  000031f4    00000064     drivers_cc26x2.a : Button.oem4f (.text:Button_gpioCallbackFxn)
                  00003258    00000064                      : I2CCC26XX.oem4f (.text:I2CCC26XX_initIO)
                  000032bc    00000064     MPU6050.obj (.text:_ZN7MPU605011getRotationEPsS0_S0_)
                  00003320    00000064     MPU6050.obj (.text:_ZN7MPU605015getAccelerationEPsS0_S0_)
                  00003384    00000064     main_tirtos.obj (.text:main)
                  000033e8    00000060     drivers_cc26x2.a : GPIOCC26XX.oem4f (.text:GPIO_write)
                  00003448    0000005e     I2Cdev.obj (.text:_ZN6I2Cdev8writeBitEhhhh)
                  000034a6    00000002     release_pem4f.oem4f (.text:ti_sysbios_BIOS_nullFunc__I)
                  000034a8    0000005c     drivers_cc26x2.a : PINCC26XX.oem4f (.text:PIN_remove)
                  00003504    0000005c     rom_sysbios.aem4f : rom_sysbios.obj (.text:ti_sysbios_heaps_HeapMem_initPrimary__I)
                  00003560    0000005c     release_pem4f.oem4f (.text:xdc_runtime_Startup_getState__I)
                  000035bc    00000058     drivers_cc26x2.a : PowerCC26X2_calibrateRCOSC.oem4f (.text:PowerCC26X2_initiateCalibration)
                  00003614    00000058     boot.aem4f : boot.oem4f (.text)
                  0000366c    00000058     rom_sysbios.aem4f : rom_sysbios.obj (.text:pthread_exit)
                  000036c4    00000058                       : rom_sysbios.obj (.text:ti_sysbios_heaps_HeapMem_alloc__E)
                  0000371c    00000054     driverlib.lib : prcm.obj (.text:NOROM_PRCMPowerDomainsAllOff)
                  00003770    00000054     dpl_cc26x2.a : SwiP_tirtos.oem4f (.text:SwiP_construct)
                  000037c4    00000050     drivers_cc26x2.a : GPIOCC26XX.oem4f (.text:GPIO_enableInt)
                  00003814    0000004c     ti_drivers_config.obj (.text:Board_wakeUpExtFlash)
                  00003860    0000004c     driverlib.lib : prcm.obj (.text:NOROM_PRCMPowerDomainsAllOn)
                  000038ac    0000004c     empty.obj (.text:_ZN6KalmanC1Ev)
                  000038f8    0000004c     rtsv7M4_T_le_v4SPD16_eabi.lib : cpy_tbl.c.obj (.text:copy_in)
                  00003944    00000048     drivers_cc26x2.a : I2CCC26XX.oem4f (.text:I2CCC26XX_initHw)
                  0000398c    00000048                      : PowerCC26X2_calibrateRCOSC.oem4f (.text:PowerCC26X2_RCOSC_clockFunc)
                  000039d4    00000048                      : PowerCC26X2.oem4f (.text:switchXOSCHF)
                  00003a1c    00000044                      : GPIOCC26XX.oem4f (.text:GPIO_disableInt)
                  00003a60    00000044     driverlib.lib : chipinfo.obj (.text:NOROM_ChipInfo_GetHwRevision)
                  00003aa4    00000044     drivers_cc26x2.a : PINCC26XX.oem4f (.text:PIN_swi)
                  00003ae8    00000044     rtsv7M4_T_le_v4SPD16_eabi.lib : fd_tou_t2.asm.obj (.text)
                  00003b2c    00000040     ti_drivers_config.obj (.text:Board_shutDownExtFlash)
                  00003b6c    00000040     dpl_cc26x2.a : ClockP_tirtos.oem4f (.text:ClockP_construct)
                  00003bac    00000040                  : ClockP_tirtos.oem4f (.text:ClockP_create)
                  00003bec    00000040     driverlib.lib : osc.obj (.text:NOROM_OSC_HPOSCRelativeFrequencyOffsetGet)
                  00003c2c    00000040     empty.obj (.text:bntConfigCallback)
                  00003c6c    00000040     rtsv7M4_T_le_v4SPD16_eabi.lib : u_divt2.asm.obj (.text)
                  00003cac    00000040     rom_sysbios.aem4f : rom_sysbios.obj (.text:ti_sysbios_family_arm_cc26xx_Timer_setThreshold__I)
                  00003cec    0000003e     dpl_cc26x2.a : HwiP_tirtos.oem4f (.text:HwiP_construct)
                  00003d2a    00000002     rom_sysbios.aem4f : rom_sysbios.obj (.text:xdc_runtime_SysCallback_defaultAbort)
                  00003d2c    0000003c     drivers_cc26x2.a : PINCC26XX.oem4f (.text:PIN_setInterrupt)
                  00003d68    0000003c                      : PINCC26XX.oem4f (.text:PIN_setOutputValue)
                  00003da4    0000003c     rom_sysbios.aem4f : rom_sysbios.obj (.text:ti_sysbios_family_arm_m3_Hwi_construct2__E)
                  00003de0    0000003a     I2Cdev.obj (.text:_ZN6I2CdevC1E11I2C_BitRateh)
                  00003e1a    00000002     rom_sysbios.aem4f : rom_sysbios.obj (.text:xdc_runtime_SysCallback_defaultExit)
                  00003e1c    00000038     drivers_cc26x2.a : PINCC26XX.oem4f (.text:PIN_setConfig)
                  00003e54    00000038                      : PowerCC26X2.oem4f (.text:notify)
                  00003e8c    00000038     rtsv7M4_T_le_v4SPD16_eabi.lib : fs_tod_t2.asm.obj (.text)
                  00003ec4    00000036     rom_sysbios.aem4f : rom_sysbios.obj (.text:ti_sysbios_family_arm_cc26xx_Timer_setNextTick__E)
                  00003efa    00000002                       : rom_sysbios.obj (.text:xdc_runtime_SysCallback_defaultFlush)
                  00003efc    00000034     driverlib.lib : aux_sysif.obj (.text:NOROM_AUXSYSIFOpModeChange)
                  00003f30    00000034                   : sys_ctrl.obj (.text:NOROM_SysCtrlIdle)
                  00003f64    00000030     drivers_cc26x2.a : GPIOCC26XX.oem4f (.text:GPIO_hwiIntFxn)
                  00003f94    00000030                      : GPIOCC26XX.oem4f (.text:GPIO_setCallback)
                  00003fc4    00000030                      : PINCC26XX.oem4f (.text:PINCC26XX_setMux)
                  00003ff4    00000030                      : PowerCC26X2.oem4f (.text:Power_releaseConstraint)
                  00004024    00000030                      : PowerCC26X2.oem4f (.text:Power_setConstraint)
                  00004054    00000030     release_pem4f.oem4f (.text:ti_sysbios_BIOS_atExitFunc__I)
                  00004084    00000030     release_pem4f.oem4f (.text:ti_sysbios_BIOS_startFunc__I)
                  000040b4    00000030     rom_sysbios.aem4f : rom_sysbios.obj (.text:ti_sysbios_family_arm_cc26xx_Timer_getCurrentTick__E)
                  000040e4    00000030                       : rom_sysbios.obj (.text:ti_sysbios_family_arm_cc26xx_Timer_initDevice__I)
                  00004114    00000030     release_pem4f.oem4f (.text:ti_sysbios_rts_MemAlloc_alloc)
                  00004144    0000002e     rtsv7M4_T_le_v4SPD16_eabi.lib : i_tofd_t2.asm.obj (.text)
                  00004172    0000002c     dpl_cc26x2.a : SemaphoreP_tirtos.oem4f (.text:SemaphoreP_constructBinary)
                  0000419e    00000002     rom_sysbios.aem4f : rom_sysbios.obj (.text:xdc_runtime_SysCallback_defaultPutch)
                  000041a0    0000002c     dpl_cc26x2.a : SemaphoreP_tirtos.oem4f (.text:SemaphoreP_createBinary)
                  000041cc    0000002c     rom_sysbios.aem4f : rom_sysbios.obj (.text:_pthread_delete$45)
                  000041f8    0000002c                       : rom_sysbios.obj (.text:pthread_setcancelstate)
                  00004224    0000002c                       : rom_sysbios.obj (.text:ti_sysbios_knl_Clock_getTicksUntilInterrupt__E)
                  00004250    0000002a     I2Cdev.obj (.text:_ZN6I2Cdev8readByteEhhPh)
                  0000427a    0000002a     MPU6050.obj (.text:_ZN7MPU605014setClockSourceEh)
                  000042a4    0000002a     MPU6050.obj (.text:_ZN7MPU605021setFullScaleGyroRangeEh)
                  000042ce    0000002a     MPU6050.obj (.text:_ZN7MPU605022setFullScaleAccelRangeEh)
                  000042f8    00000028     drivers_cc26x2.a : GPIOCC26XX.oem4f (.text:GPIO_read)
                  00004320    00000028                      : PowerCC26X2.oem4f (.text:Power_registerNotify)
                  00004348    00000028     I2Cdev.obj (.text:_ZN6I2Cdev9writeByteEhhh)
                  00004370    00000028     drivers_cc26x2.a : PowerCC26X2.oem4f (.text:oscillatorISR)
                  00004398    00000026                      : I2C.oem4f (.text:I2C_cancel)
                  000043be    00000026                      : List.oem4f (.text:List_put)
                  000043e4    00000026     MPU6050.obj (.text:_ZN7MPU605010initializeEv)
                  0000440a    00000026     MPU6050.obj (.text:_ZN7MPU6050C1Eh)
                  00004430    00000024     driverlib.lib : osc.obj (.text:NOROM_OSCHF_TurnOnXosc)
                  00004454    00000024     rom_sysbios.aem4f : rom_sysbios.obj (.text:_pthread_cleanupFxn)
                  00004478    00000024     drivers_cc26x2.a : PowerCC26X2_calibrateRCOSC.oem4f (.text:getTdcSemaphore)
                  0000449c    00000024     rom_sysbios.aem4f : rom_sysbios.obj (.text:pthread_attr_init)
                  000044c0    00000024     release_pem4f.oem4f (.text:ti_sysbios_BIOS_registerRTSLock__I)
                  000044e4    00000024     release_pem4f.oem4f (.text:ti_sysbios_BIOS_removeRTSLock__I)
                  00004508    00000024     rom_sysbios.aem4f : rom_sysbios.obj (.text:ti_sysbios_family_arm_cc26xx_Timer_getMaxTicks__E)
                  0000452c    00000022     rtsv7M4_T_le_v4SPD16_eabi.lib : new.cpp.obj (.text:_Znwj)
                  0000454e    00000002     --HOLE-- [fill = 0]
                  00004550    00000020     ti_drivers_config.obj (.text:Board_init)
                  00004570    00000020     drivers_cc26x2.a : PINCC26XX.oem4f (.text:PINCC26XX_setIoCfgMux)
                  00004590    00000020     MPU6050.obj (.text:_ZN7MPU605015setSleepEnabledEb)
                  000045b0    00000020     rtsv7M4_T_le_v4SPD16_eabi.lib : u_tofd_t2.asm.obj (.text)
                  000045d0    00000020     release_pem4f.oem4f (.text:ti_sysbios_BIOS_rtsLock__I)
                  000045f0    00000020     rom_sysbios.aem4f : rom_sysbios.obj (.text:ti_sysbios_family_arm_cc26xx_Timer_dynamicStub__E)
                  00004610    00000020                       : rom_sysbios.obj (.text:xdc_runtime_Error_policyMin__E)
                  00004630    0000001e     drivers_cc26x2.a : PINCC26XX.oem4f (.text:PIN_close)
                  0000464e    0000001e                      : PowerCC26X2.oem4f (.text:Power_getTransitionLatency)
                  0000466c    0000001e                      : Button.oem4f (.text:msToTicks)
                  0000468a    00000002     --HOLE-- [fill = 0]
                  0000468c    0000001c     driverlib.lib : chipinfo.obj (.text:NOROM_ChipInfo_GetChipFamily)
                  000046a8    0000001c     drivers_cc26x2.a : PINCC26XX.oem4f (.text:PIN_hwi)
                  000046c4    0000001c     dpl_cc26x2.a : PowerCC26X2_tirtos.oem4f (.text:PowerCC26XX_schedulerDisable)
                  000046e0    0000001c                  : PowerCC26X2_tirtos.oem4f (.text:PowerCC26XX_schedulerRestore)
                  000046fc    0000001c     empty.obj (.text:_Z4sqrtIiENSt3__29enable_ifIXsr3std3__211is_integralIT_EE5valueEdE4typeES2_)
                  00004718    0000001c     rom_sysbios.aem4f : rom_sysbios.obj (.text:ti_sysbios_knl_Swi_construct2__E)
                  00004734    0000001c     release_pem4f.oem4f (.text:xdc_runtime_Startup_exec__I)
                  00004750    0000001a     drivers_cc26x2.a : PowerCC26X2.oem4f (.text:PowerCC26XX_calibrate)
                  0000476a    0000001a     kalman.obj (.text:_ZN6Kalman9getResultEf)
                  00004784    0000001a     release_pem4f.oem4f (.text:free)
                  0000479e    00000002     --HOLE-- [fill = 0]
                  000047a0    00000018     driverlib.lib : chipinfo.obj (.text:NOROM_ChipInfo_GetPackageType)
                  000047b8    00000018     drivers_cc26x2.a : PowerCC26X2.oem4f (.text:Power_idleFunc)
                  000047d0    00000018     rtsv7M4_T_le_v4SPD16_eabi.lib : args_main.c.obj (.text:_args_main)
                  000047e8    00000018                                   : ll_mul_t2.asm.obj (.text)
                  00004800    00000018     drivers_cc26x2.a : PowerCC26X2.oem4f (.text:switchToTCXO)
                  00004818    00000018     release_pem4f.oem4f (.text:ti_sysbios_BIOS_rtsUnlock__I)
                  00004830    00000018     rom_sysbios.aem4f : rom_sysbios.obj (.text:ti_sysbios_knl_Swi_or__E)
                  00004848    00000018                       : rom_sysbios.obj (.text:ti_sysbios_rts_ti_ReentSupport_getReent__F)
                  00004860    00000018                       : rom_sysbios.obj (.text:xdc_runtime_Error_init__E)
                  00004878    00000016     driverlib.lib : chipinfo.obj (.text:NOROM_ThisLibraryIsFor_CC13x2_CC26x2_HwRev20AndLater_HaltIfViolated)
                  0000488e    00000016     empty.obj (.text:_ZN30_INTERNAL_9_empty_cpp_66d1c67536ti_sysbios_knl_Semaphore_Params_initEP31ti_sysbios_knl_Semaphore_Params)
                  000048a4    00000016     rom_sysbios.aem4f : rom_sysbios.obj (.text:_pthread_cleanup_pop)
                  000048ba    00000016     release_pem4f.oem4f (.text:ti_sysbios_BIOS_exitFunc__I)
                  000048d0    00000014     drivers_cc26x2.a : I2CCC26XX.oem4f (.text:I2CSupport_masterFinish)
                  000048e4    00000014                      : I2C.oem4f (.text:I2C_transfer)
                  000048f8    00000014                      : PowerCC26X2_calibrateRCOSC.oem4f (.text:PowerCC26X2_calibrate)
                  0000490c    00000014     rom_sysbios.aem4f : rom_sysbios.obj (.text:pthread_attr_setschedparam)
                  00004920    00000014                       : rom_sysbios.obj (.text:ti_sysbios_family_arm_cc26xx_Timer_getCount64__E)
                  00004934    00000014     release_pem4f.oem4f (.text:ti_sysbios_knl_Clock_doTick__I)
                  00004948    00000014     drivers_cc26x2.a : Button.oem4f (.text:timediff)
                  0000495c    00000012     dpl_cc26x2.a : SemaphoreP_tirtos.oem4f (.text:SemaphoreP_pend)
                  0000496e    00000012     rom_sysbios.aem4f : rom_sysbios.obj (.text:_pthread_runStub$45)
                  00004980    00000010     drivers_cc26x2.a : Button.oem4f (.text:Button_Params_init)
                  00004990    00000010                      : GPIOCC26XX.oem4f (.text:GPIO_getConfig)
                  000049a0    00000010     dpl_cc26x2.a : HwiP_tirtos.oem4f (.text:HwiP_Params_init)
                  000049b0    00000010     drivers_cc26x2.a : I2CCC26XX.oem4f (.text:I2CCC26XX_postNotify)
                  000049c0    00000010                      : I2C.oem4f (.text:I2C_Params_init)
                  000049d0    00000010                      : PINCC26XX.oem4f (.text:PINCC26XX_getPinCount)
                  000049e0    00000010     dpl_cc26x2.a : SwiP_tirtos.oem4f (.text:SwiP_Params_init)
                  000049f0    0000000e     rtsv7M4_T_le_v4SPD16_eabi.lib : copy_decompress_none.c.obj (.text:decompress:none:__TI_decompress_none)
                  000049fe    0000000e     rom_sysbios.aem4f : rom_sysbios.obj (.text:pthread_attr_setdetachstate)
                  00004a0c    0000000e                       : rom_sysbios.obj (.text:ti_sysbios_family_arm_cc26xx_TimestampProvider_get32__E)
                  00004a1a    00000002     --HOLE-- [fill = 0]
                  00004a1c    0000000c     dpl_cc26x2.a : ClockP_tirtos.oem4f (.text:ClockP_getSystemTickPeriod)
                  00004a28    0000000c     driverlib.lib : cpu.obj (.text:NOROM_CPUcpsid)
                  00004a34    0000000c                   : cpu.obj (.text:NOROM_CPUcpsie)
                  00004a40    0000000c     drivers_cc26x2.a : PINCC26XX.oem4f (.text:PIN_registerIntCb)
                  00004a4c    0000000c                      : PowerCC26X2.oem4f (.text:Power_getConstraintMask)
                  00004a58    0000000c                      : PowerCC26X2.oem4f (.text:Power_getDependencyCount)
                  00004a64    0000000c     dpl_cc26x2.a : SemaphoreP_tirtos.oem4f (.text:SemaphoreP_delete)
                  00004a70    0000000c     empty.obj (.text:_ZN30_INTERNAL_9_empty_cpp_66d1c67531ti_sysbios_knl_Semaphore_handleEP31ti_sysbios_knl_Semaphore_Struct)
                  00004a7c    0000000c     rtsv7M4_T_le_v4SPD16_eabi.lib : new.cpp.obj (.text:_ZSt15get_new_handlerv)
                  00004a88    0000000c                                   : _lock.c.obj (.text:_register_lock)
                  00004a94    0000000c                                   : _lock.c.obj (.text:_register_unlock)
                  00004aa0    0000000c                                   : copy_zero_init.c.obj (.text:decompress:ZI:__TI_zero_init)
                  00004aac    0000000c     rom_sysbios.aem4f : rom_sysbios.obj (.text:pthread_self)
                  00004ab8    0000000c                       : rom_sysbios.obj (.text:ti_sysbios_knl_Queue_insert__E)
                  00004ac4    0000000c                       : rom_sysbios.obj (.text:ti_sysbios_knl_Swi_getTrigger__E)
                  00004ad0    0000000a     dpl_cc26x2.a : ClockP_tirtos.oem4f (.text:ClockP_Params_init)
                  00004ada    0000000a     release_pem4f.oem4f (.text:ti_sysbios_rts_ti_ReentSupport_getTlsAddr__I)
                  00004ae4    00000008     drivers_cc26x2.a : I2CCC26XX.oem4f (.text:I2CCC26XX_blockingCallback)
                  00004aec    00000008     release_pem4f.oem4f (.text:xdc_runtime_Text_visitRope__I)
                  00004af4    00000006     drivers_cc26x2.a : I2CCC26XX.oem4f (.text:I2CSupport_powerRelConstraint)
                  00004afa    00000006                      : I2CCC26XX.oem4f (.text:I2CSupport_powerSetConstraint)
                  00004b00    00000006     driverlib.lib : cpu.obj (.text:NOROM_CPUdelay)
                  00004b06    00000006     drivers_cc26x2.a : PowerCC26X2.oem4f (.text:delayUs)
                  00004b0c    00000006     rom_sysbios.aem4f : rom_sysbios.obj (.text:pthread_attr_setstacksize)
                  00004b12    00000004     dpl_cc26x2.a : PowerCC26X2_tirtos.oem4f (.text:CPUwfi)
                  00004b16    00000004                  : ClockP_tirtos.oem4f (.text:ClockP_getCpuFreq)
                  00004b1a    00000004                  : ClockP_tirtos.oem4f (.text:ClockP_setTimeout)
                  00004b1e    00000004                  : ClockP_tirtos.oem4f (.text:ClockP_start)
                  00004b22    00000004                  : ClockP_tirtos.oem4f (.text:ClockP_stop)
                  00004b26    00000004                  : HwiP_tirtos.oem4f (.text:HwiP_disable)
                  00004b2a    00000004                  : HwiP_tirtos.oem4f (.text:HwiP_disableInterrupt)
                  00004b2e    00000004                  : HwiP_tirtos.oem4f (.text:HwiP_enableInterrupt)
                  00004b32    00000004                  : SemaphoreP_tirtos.oem4f (.text:SemaphoreP_post)
                  00004b36    00000004                  : SwiP_tirtos.oem4f (.text:SwiP_getTrigger)
                  00004b3a    00000004                  : SwiP_tirtos.oem4f (.text:SwiP_or)
                  00004b3e    00000004                  : SwiP_tirtos.oem4f (.text:SwiP_post)
                  00004b42    00000004     rom_sysbios.aem4f : rom_sysbios.obj (.text:__aeabi_errno_addr)
                  00004b46    00000004     drivers_cc26x2.a : PowerCC26X2.oem4f (.text:configureRFCoreClocks)
                  00004b4a    00000004                      : PowerCC26X2.oem4f (.text:nopResourceHandler)
                  00004b4e    00000004     rom_sysbios.aem4f : rom_sysbios.obj (.text:ti_sysbios_knl_Task_getArg1__E)
                  00004b52    00000004                       : rom_sysbios.obj (.text:ti_sysbios_knl_Task_getEnv__E)
                  00004b56    00000004     release_pem4f.oem4f (.text:xdc_runtime_Startup_reset__I)
                  00004b5a    00000004     rom_sysbios.aem4f : rom_sysbios.obj (.text:xdc_runtime_SysCallback_defaultReady)
                  00004b5e    00000002     --HOLE-- [fill = 0]
                  00004b60    00000008     (.tramp.ti_sysbios_family_arm_m3_Hwi_enableInterrupt__E.1)
                  00004b68    00000008     (.tramp.ti_sysbios_family_arm_m3_Hwi_disableInterrupt__E.1)
                  00004b70    00000008     (.tramp.ti_sysbios_family_arm_m3_Hwi_disableFxn__E.1)
                  00004b78    00000008     (.tramp.ti_sysbios_BIOS_getCpuFreq__E.1)
                  00004b80    00000008     (.tramp.ti_sysbios_knl_Task_self__E.1)
                  00004b88    00000008     (.tramp.ti_sysbios_knl_Semaphore_delete.1)
                  00004b90    00000008     (.tramp.ti_sysbios_knl_Clock_logTick__E.1)
                  00004b98    00000008     (.tramp.ti_sysbios_BIOS_getThreadType__E.1)
                  00004ba0    00000008     (.tramp.ti_sysbios_knl_Swi_post__E.1)
                  00004ba8    00000008     (.tramp.ti_sysbios_BIOS_RtsGateProxy_leave__E.1)
                  00004bb0    00000008     (.tramp.ti_sysbios_knl_Swi_construct.1)
                  00004bb8    00000008     (.tramp.ti_sysbios_knl_Swi_restore__E.1)
                  00004bc0    00000008     (.tramp.ti_sysbios_BIOS_RtsGateProxy_enter__E.1)
                  00004bc8    00000008     (.tramp.ti_sysbios_knl_Clock_TimerProxy_getCurrentTick__E.1)
                  00004bd0    00000008     (.tramp.ti_sysbios_knl_Task_delete.1)
                  00004bd8    00000008     (.tramp.ti_sysbios_knl_Semaphore_destruct.1)
                  00004be0    00000008     (.tramp.ti_sysbios_knl_Semaphore_create.1)
                  00004be8    00000008     (.tramp.ti_sysbios_knl_Task_startup__E.1)
                  00004bf0    00000008     (.tramp.ti_sysbios_knl_Swi_startup__E.1)
                  00004bf8    00000008     (.tramp.ti_sysbios_hal_Hwi_startup__E.1)
                  00004c00    00000008     (.tramp.ti_sysbios_family_arm_cc26xx_Timer_startup__E.1)
                  00004c08    00000008     (.tramp.xdc_runtime_System_atexit__E.1)
                  00004c10    00000008     (.tramp.ti_sysbios_BIOS_linkedWithIncorrectBootLibrary__E.1)
                  00004c18    00000008     (.tramp.xdc_runtime_Startup_rtsDone__E.1)
                  00004c20    00000008     (.tramp.ti_sysbios_knl_Swi_disable__E.1)
                  00004c28    00000008     (.tramp.ti_sysbios_family_arm_m3_Hwi_construct.1)
                  00004c30    00000008     (.tramp.ti_sysbios_family_arm_m3_Hwi_Params__init__S.1)
                  00004c38    00000008     (.tramp.ti_sysbios_knl_Clock_create.1)
                  00004c40    00000008     (.tramp.ti_sysbios_knl_Clock_construct.1)
                  00004c48    00000008     (.tramp.ti_sysbios_knl_Clock_Params__init__S.1)
                  00004c50    00000008     (.tramp.ti_sysbios_knl_Swi_Params__init__S.1)
                  00004c58    00000008     (.tramp.ti_sysbios_heaps_HeapMem_Module_GateProxy_leave__E.1)
                  00004c60    00000008     (.tramp.ti_sysbios_heaps_HeapMem_Module_GateProxy_enter__E.1)
                  00004c68    00000008     (.tramp.xdc_runtime_System_exit__E.1)
                  00004c70    00000008     (.tramp.ti_sysbios_heaps_HeapMem_restore__E.1)
                  00004c78    00000008     (.tramp.ti_sysbios_heaps_HeapMem_Object__get__S.1)
                  00004c80    00000008     (.tramp.ti_sysbios_BIOS_start__E.1)
                  00004c88    00000008     (.tramp.xdc_runtime_Error_raiseX__E.1)
                  00004c90    00000008     (.tramp.ti_sysbios_BIOS_setThreadType__E.1)
                  00004c98    00000008     (.tramp.ti_sysbios_family_arm_m3_Hwi_excFillContext__I.1)
                  00004ca0    00000008     (.tramp.ti_sysbios_knl_Semaphore_post__E.1)
                  00004ca8    00000008     (.tramp.xdc_runtime_Memory_free__E.1)
                  00004cb0    00000008     (.tramp.ti_sysbios_knl_Queue_next__E.1)
                  00004cb8    00000008     (.tramp.ti_sysbios_knl_Queue_head__E.1)
                  00004cc0    00000008     (.tramp.ti_sysbios_knl_Task_restore__E.1)
                  00004cc8    00000008     (.tramp.ti_sysbios_knl_Queue_enqueue__E.1)
                  00004cd0    00000008     (.tramp.ti_sysbios_knl_Queue_empty__E.1)
                  00004cd8    00000008     (.tramp.ti_sysbios_knl_Queue_remove__E.1)
                  00004ce0    00000008     (.tramp.ti_sysbios_knl_Task_disable__E.1)
                  00004ce8    00000008     (.tramp.ti_sysbios_knl_Clock_stop__E.1)
                  00004cf0    00000008     (.tramp.ti_sysbios_knl_Clock_start__E.1)
                  00004cf8    00000008     (.tramp.ti_sysbios_knl_Clock_setTimeout__E.1)
                  00004d00    00000008     (.tramp.ti_sysbios_knl_Task_create.1)
                  00004d08    00000008     (.tramp.ti_sysbios_knl_Semaphore_Params__init__S.1)
                  00004d10    00000008     (.tramp.ti_sysbios_knl_Queue_construct.1)
                  00004d18    00000008     (.tramp.xdc_runtime_Memory_alloc__E.1)
                  00004d20    00000008     (.tramp.ti_sysbios_knl_Task_Params__init__S.1)
                  00004d28    00000008     (.tramp.ti_sysbios_family_arm_m3_Hwi_restoreFxn__E.1)
                  00004d30    00000008     (.tramp.ti_sysbios_knl_Clock_getTicks__E.1)
                  00004d38    00000008     (.tramp.xdc_runtime_System_doPrint__I.1)
                  00004d40    00000008     (.tramp.ti_sysbios_knl_Semaphore_pend__E.1)
                  00004d48    00000008     (.tramp.ti_sysbios_knl_Semaphore_construct.1)

.const     0    00004d50    00000650     
                  00004d50    000003b8     release_pem4f.oem4f (.const:ROM_constStruct)
                  00005108    00000054     drivers_cc26x2.a : PowerCC26X2.oem4f (.const:resourceDB)
                  0000515c    00000048     release_pem4f.oem4f (.const:.string)
                  000051a4    00000048     release_pem4f.oem4f (.const:ROM_externFuncPtrs)
                  000051ec    00000034     rtsv7M4_T_le_v4SPD16_eabi.lib : s_atanf.c.obj (.const:$O1$$)
                  00005220    00000024     release_pem4f.oem4f (.const:xdc_runtime_Startup_sfxnTab__A)
                  00005244    00000018     ti_drivers_config.obj (.const:i2cCC26xxHWAttrs)
                  0000525c    00000018     drivers_cc26x2.a : GPIOCC26XX.oem4f (.const:interruptType)
                  00005274    00000014     ti_drivers_config.obj (.const:$P$T1$2)
                  00005288    00000014     ti_drivers_config.obj (.const:BoardGpioInitTable)
                  0000529c    00000014     ti_drivers_config.obj (.const:GPIOCC26XX_config)
                  000052b0    00000014     ti_drivers_config.obj (.const:PowerCC26X2_config)
                  000052c4    00000012     release_pem4f.oem4f (.const:xdc_runtime_Startup_sfxnRts__A)
                  000052d6    00000001     ti_drivers_config.obj (.const:ButtonHWAttrs)
                  000052d7    00000001     release_pem4f.oem4f (.const:xdc_runtime_Text_charTab__A)
                  000052d8    00000010     drivers_cc26x2.a : Button.oem4f (.const:Button_defaultParams)
                  000052e8    00000010                      : I2C.oem4f (.const:I2C_defaultParams)
                  000052f8    00000010                      : I2CCC26XX.oem4f (.const:I2C_defaultParams)
                  00005308    00000010                      : GPIOCC26XX.oem4f (.const:outPinTypes)
                  00005318    0000000c                      : GPIOCC26XX.oem4f (.const:inPinTypes)
                  00005324    0000000c                      : GPIOCC26XX.oem4f (.const:outPinStrengths)
                  00005330    0000000c     release_pem4f.oem4f (.const:xdc_runtime_Startup_firstFxns__A)
                  0000533c    00000008     driverlib.lib : aux_sysif.obj (.const:$O1$$)
                  00005344    00000008     ti_drivers_config.obj (.const:$P$T0$1)
                  0000534c    00000008     ti_drivers_config.obj (.const:Button_config)
                  00005354    00000008     ti_drivers_config.obj (.const:I2C_config)
                  0000535c    00000008     ti_drivers_config.obj (.const:PINCC26XX_hwAttrs)
                  00005364    00000008     release_pem4f.oem4f (.const:ti_sysbios_family_arm_m3_Hwi_excHookFuncs__A)
                  0000536c    00000008     release_pem4f.oem4f (.const:ti_sysbios_knl_Idle_funcList__A)
                  00005374    00000006     empty.obj (.const:$P$T4$1)
                  0000537a    00000006     empty.obj (.const:$P$T5$2)
                  00005380    00000006     empty.obj (.const:$P$T6$3)
                  00005386    00000006     ti_drivers_config.obj (.const)
                  0000538c    00000004     release_pem4f.oem4f (.const:ti_sysbios_family_arm_m3_Hwi_E_exception__C)
                  00005390    00000004     release_pem4f.oem4f (.const:ti_sysbios_heaps_HeapMem_primaryHeapBaseAddr__C)
                  00005394    00000004     release_pem4f.oem4f (.const:ti_sysbios_heaps_HeapMem_primaryHeapEndAddr__C)
                  00005398    00000004     release_pem4f.oem4f (.const:ti_sysbios_knl_Clock_tickPeriod__C)
                  0000539c    00000004     release_pem4f.oem4f (.const:ti_sysbios_knl_Task_Object__heap__C)

MODULE SUMMARY

       Module                             code    ro data   rw data
       ------                             ----    -------   -------
    .\
       empty.obj                          846     18        32     
       I2Cdev.obj                         640     0         0      
       MPU6050.obj                        434     0         0      
       kalman.obj                         146     0         0      
       main_tirtos.obj                    100     0         0      
    +--+----------------------------------+-------+---------+---------+
       Total:                             2166    18        32     
                                                                   
    .\syscfg\
       ti_drivers_config.obj              306     143       380    
       ti_devices_config.obj              0       88        0      
    +--+----------------------------------+-------+---------+---------+
       Total:                             306     231       380    
                                                                   
    C:\Users\Nikolay\workspace_v10\tirtos_builds_cc13x2_cc26x2_release_ccs_4_40_04_04\Debug\configPkg\package\cfg\
       release_pem4f.oem4f                876     1259      1830   
    +--+----------------------------------+-------+---------+---------+
       Total:                             876     1259      1830   
                                                                   
    C:/ti/simplelink_cc13x2_26x2_sdk_4_40_04_04/kernel/tirtos/packages/ti/dpl/lib/ccs/m4f/dpl_cc26x2.a
       PowerCC26X2_tirtos.oem4f           260     0         8      
       ClockP_tirtos.oem4f                166     0         0      
       SemaphoreP_tirtos.oem4f            122     0         0      
       SwiP_tirtos.oem4f                  112     0         0      
       HwiP_tirtos.oem4f                  90      0         0      
    +--+----------------------------------+-------+---------+---------+
       Total:                             750     0         8      
                                                                   
    C:/ti/simplelink_cc13x2_26x2_sdk_4_40_04_04/source/ti/devices/cc13x2_cc26x2/driverlib/bin/ccs/driverlib.lib
       sys_ctrl.obj                       420     0         0      
       osc.obj                            340     0         36     
       setup.obj                          324     0         0      
       chipinfo.obj                       250     0         0      
       prcm.obj                           160     0         0      
       aux_sysif.obj                      52      8         0      
       cpu.obj                            30      0         0      
       driverlib_release.obj              0       0         1      
    +--+----------------------------------+-------+---------+---------+
       Total:                             1576    8         37     
                                                                   
    C:/ti/simplelink_cc13x2_26x2_sdk_4_40_04_04/source/ti/drivers/lib/ccs/m4f/drivers_cc26x2.a
       PowerCC26X2.oem4f                  2028    84        368    
       PINCC26XX.oem4f                    1542    0         328    
       PowerCC26X2_calibrateRCOSC.oem4f   1400    0         0      
       I2CCC26XX.oem4f                    1058    16        0      
       GPIOCC26XX.oem4f                   864     64        61     
       Button.oem4f                       788     16        0      
       I2C.oem4f                          366     16        0      
       List.oem4f                         38      0         0      
    +--+----------------------------------+-------+---------+---------+
       Total:                             8084    196       757    
                                                                   
    C:\Users\Nikolay\workspace_v10\tirtos_builds_cc13x2_cc26x2_release_ccs_4_40_04_04\src\sysbios\rom_sysbios.aem4f
       rom_sysbios.obj                    2139    0         136    
    +--+----------------------------------+-------+---------+---------+
       Total:                             2139    0         136    
                                                                   
    C:\ti\ccs1000\ccs\tools\compiler\ti-cgt-arm_20.2.4.LTS\lib\rtsv7M4_T_le_v4SPD16_eabi.lib
       fd_add_t2.asm.obj                  438     0         0      
       s_atanf.c.obj                      336     52        0      
       e_sqrt.c.obj                       344     0         0      
       fd_div_t2.asm.obj                  310     0         0      
       fd_cmp_t2.asm.obj                  268     0         0      
       fd_mul_t2.asm.obj                  252     0         0      
       memcpy_t2.asm.obj                  156     0         0      
       ull_div_t2.asm.obj                 150     0         0      
       memset_t2.asm.obj                  122     0         0      
       fd_tos_t2.asm.obj                  110     0         0      
       copy_decompress_lzss.c.obj         104     0         0      
       cpy_tbl.c.obj                      76      0         0      
       fd_tou_t2.asm.obj                  68      0         0      
       u_divt2.asm.obj                    64      0         0      
       fs_tod_t2.asm.obj                  56      0         0      
       new.cpp.obj                        46      0         4      
       i_tofd_t2.asm.obj                  46      0         0      
       _lock.c.obj                        26      0         8      
       u_tofd_t2.asm.obj                  32      0         0      
       args_main.c.obj                    24      0         0      
       ll_mul_t2.asm.obj                  24      0         0      
       copy_decompress_none.c.obj         14      0         0      
       copy_zero_init.c.obj               12      0         0      
       stkdepth_vars.c.obj                0       0         4      
       div0.asm.obj                       2       0         0      
    +--+----------------------------------+-------+---------+---------+
       Total:                             3080    52        16     
                                                                   
    C:\ti\simplelink_cc13x2_26x2_sdk_4_40_04_04\kernel\tirtos\packages\ti\targets\arm\rtsarm\lib\auto_init.aem4f
       auto_init.oem4f                    160     0         0      
    +--+----------------------------------+-------+---------+---------+
       Total:                             160     0         0      
                                                                   
    C:\ti\simplelink_cc13x2_26x2_sdk_4_40_04_04\kernel\tirtos\packages\ti\targets\arm\rtsarm\lib\boot.aem4f
       boot.oem4f                         88      0         0      
    +--+----------------------------------+-------+---------+---------+
       Total:                             88      0         0      
                                                                   
       Stack:                             0       0         1024   
       Linker Generated:                  496     484       0      
    +--+----------------------------------+-------+---------+---------+
       Grand Total:                       19721   2248      4220   


LINKER GENERATED COPY TABLES

__TI_cinit_table @ 00005560 records: 5, size/record: 8, table size: 40
	.data: load addr=000053a0, load size=00000190 bytes, run addr=200046f8, run size=000005b4 bytes, compression=lzss
	.bss: load addr=00005540, load size=00000008 bytes, run addr=20004110, run size=000005e5 bytes, compression=zero_init
	.data:xdcRomConstPtr: load addr=00005548, load size=00000008 bytes, run addr=20000100, run size=00000004 bytes, compression=lzss
	.data:xdcRomExternFuncPtr: load addr=00005550, load size=00000008 bytes, run addr=20000104, run size=00000004 bytes, compression=lzss
	.data:xdcRomStatePtr: load addr=00005558, load size=00000008 bytes, run addr=20000108, run size=00000004 bytes, compression=lzss


LINKER GENERATED HANDLER TABLE

__TI_handler_table @ 00005530 records: 3, size/record: 4, table size: 12
	index: 0, handler: __TI_decompress_lzss
	index: 1, handler: __TI_decompress_none
	index: 2, handler: __TI_zero_init


FAR CALL TRAMPOLINES

callee name               trampoline name
   callee addr  tramp addr   call addr  call info
--------------  -----------  ---------  ----------------
ti_sysbios_family_arm_m3_Hwi_enableInterrupt__E  $Tramp$TT$L$PI$$ti_sysbios_family_arm_m3_Hwi_enableInterrupt__E
   1002d91d     00004b60     00004b2e   dpl_cc26x2.a : HwiP_tirtos.oem4f (.text:HwiP_enableInterrupt)
ti_sysbios_family_arm_m3_Hwi_disableInterrupt__E  $Tramp$TT$L$PI$$ti_sysbios_family_arm_m3_Hwi_disableInterrupt__E
   1002d8d9     00004b68     00004b2a   dpl_cc26x2.a : HwiP_tirtos.oem4f (.text:HwiP_disableInterrupt)
ti_sysbios_family_arm_m3_Hwi_disableFxn__E  $Tramp$TT$L$PI$$ti_sysbios_family_arm_m3_Hwi_disableFxn__E
   1002eb55     00004b70     00004b26   dpl_cc26x2.a : HwiP_tirtos.oem4f (.text:HwiP_disable)
ti_sysbios_BIOS_getCpuFreq__E  $Tramp$TT$L$PI$$ti_sysbios_BIOS_getCpuFreq__E
   1002e9fd     00004b78     00004b16   dpl_cc26x2.a : ClockP_tirtos.oem4f (.text:ClockP_getCpuFreq)
ti_sysbios_knl_Task_self__E  $Tramp$TT$L$PI$$ti_sysbios_knl_Task_self__E
   1002eaf5     00004b80     00004aae   rom_sysbios.aem4f : rom_sysbios.obj (.text:pthread_self)
                             00004adc   release_pem4f.oem4f (.text:ti_sysbios_rts_ti_ReentSupport_getTlsAddr__I)
ti_sysbios_knl_Semaphore_delete  $Tramp$TT$L$PI$$ti_sysbios_knl_Semaphore_delete
   1002ecdb     00004b88     00004a6a   dpl_cc26x2.a : SemaphoreP_tirtos.oem4f (.text:SemaphoreP_delete)
ti_sysbios_knl_Clock_logTick__E  $Tramp$TT$L$PI$$ti_sysbios_knl_Clock_logTick__E
   1002dbd7     00004b90     00004936   release_pem4f.oem4f (.text:ti_sysbios_knl_Clock_doTick__I)
ti_sysbios_BIOS_getThreadType__E  $Tramp$TT$L$PI$$ti_sysbios_BIOS_getThreadType__E
   1002ea95     00004b98     0000484a   rom_sysbios.aem4f : rom_sysbios.obj (.text:ti_sysbios_rts_ti_ReentSupport_getReent__F)
ti_sysbios_knl_Swi_post__E  $Tramp$TT$L$PI$$ti_sysbios_knl_Swi_post__E
   1002d891     00004ba0     00004844   rom_sysbios.aem4f : rom_sysbios.obj (.text:ti_sysbios_knl_Swi_or__E)
                             0000493e   release_pem4f.oem4f (.text:ti_sysbios_knl_Clock_doTick__I)
                             00004b3e   dpl_cc26x2.a : SwiP_tirtos.oem4f (.text:SwiP_post)
ti_sysbios_BIOS_RtsGateProxy_leave__E  $Tramp$TT$L$PI$$ti_sysbios_BIOS_RtsGateProxy_leave__E
   1002ec7b     00004ba8     00004826   release_pem4f.oem4f (.text:ti_sysbios_BIOS_rtsUnlock__I)
ti_sysbios_knl_Swi_construct  $Tramp$TT$L$PI$$ti_sysbios_knl_Swi_construct
   1002d719     00004bb0     0000471e   rom_sysbios.aem4f : rom_sysbios.obj (.text:ti_sysbios_knl_Swi_construct2__E)
ti_sysbios_knl_Swi_restore__E  $Tramp$TT$L$PI$$ti_sysbios_knl_Swi_restore__E
   1002db61     00004bb8     000046e6   dpl_cc26x2.a : PowerCC26X2_tirtos.oem4f (.text:PowerCC26XX_schedulerRestore)
ti_sysbios_BIOS_RtsGateProxy_enter__E  $Tramp$TT$L$PI$$ti_sysbios_BIOS_RtsGateProxy_enter__E
   1002ec77     00004bc0     000045d6   release_pem4f.oem4f (.text:ti_sysbios_BIOS_rtsLock__I)
ti_sysbios_knl_Clock_TimerProxy_getCurrentTick__E  $Tramp$TT$L$PI$$ti_sysbios_knl_Clock_TimerProxy_getCurrentTick__E
   1002eac5     00004bc8     00004236   rom_sysbios.aem4f : rom_sysbios.obj (.text:ti_sysbios_knl_Clock_getTicksUntilInterrupt__E)
ti_sysbios_knl_Task_delete  $Tramp$TT$L$PI$$ti_sysbios_knl_Task_delete
   1002ece7     00004bd0     000041e0   rom_sysbios.aem4f : rom_sysbios.obj (.text:_pthread_delete$45)
ti_sysbios_knl_Semaphore_destruct  $Tramp$TT$L$PI$$ti_sysbios_knl_Semaphore_destruct
   1002e6fd     00004bd8     000041d4   rom_sysbios.aem4f : rom_sysbios.obj (.text:_pthread_delete$45)
ti_sysbios_knl_Semaphore_create  $Tramp$TT$L$PI$$ti_sysbios_knl_Semaphore_create
   1002dc49     00004be0     000041c0   dpl_cc26x2.a : SemaphoreP_tirtos.oem4f (.text:SemaphoreP_createBinary)
ti_sysbios_knl_Task_startup__E  $Tramp$TT$L$PI$$ti_sysbios_knl_Task_startup__E
   1002eceb     00004be8     000040a8   release_pem4f.oem4f (.text:ti_sysbios_BIOS_startFunc__I)
ti_sysbios_knl_Swi_startup__E  $Tramp$TT$L$PI$$ti_sysbios_knl_Swi_startup__E
   1002ec6b     00004bf0     000040a4   release_pem4f.oem4f (.text:ti_sysbios_BIOS_startFunc__I)
ti_sysbios_hal_Hwi_startup__E  $Tramp$TT$L$PI$$ti_sysbios_hal_Hwi_startup__E
   1002ec31     00004bf8     000040a0   release_pem4f.oem4f (.text:ti_sysbios_BIOS_startFunc__I)
ti_sysbios_family_arm_cc26xx_Timer_startup__E  $Tramp$TT$L$PI$$ti_sysbios_family_arm_cc26xx_Timer_startup__E
   1002dcf1     00004c00     0000409c   release_pem4f.oem4f (.text:ti_sysbios_BIOS_startFunc__I)
xdc_runtime_System_atexit__E  $Tramp$TT$L$PI$$xdc_runtime_System_atexit__E
   1002f559     00004c08     00004094   release_pem4f.oem4f (.text:ti_sysbios_BIOS_startFunc__I)
ti_sysbios_BIOS_linkedWithIncorrectBootLibrary__E  $Tramp$TT$L$PI$$ti_sysbios_BIOS_linkedWithIncorrectBootLibrary__E
   1002d01b     00004c10     0000408e   release_pem4f.oem4f (.text:ti_sysbios_BIOS_startFunc__I)
xdc_runtime_Startup_rtsDone__E  $Tramp$TT$L$PI$$xdc_runtime_Startup_rtsDone__E
   1002f8e5     00004c18     00004086   release_pem4f.oem4f (.text:ti_sysbios_BIOS_startFunc__I)
ti_sysbios_knl_Swi_disable__E  $Tramp$TT$L$PI$$ti_sysbios_knl_Swi_disable__E
   1002ea25     00004c20     00004056   release_pem4f.oem4f (.text:ti_sysbios_BIOS_atExitFunc__I)
                             000046ce   dpl_cc26x2.a : PowerCC26X2_tirtos.oem4f (.text:PowerCC26XX_schedulerDisable)
ti_sysbios_family_arm_m3_Hwi_construct  $Tramp$TT$L$PI$$ti_sysbios_family_arm_m3_Hwi_construct
   1002d421     00004c28     00003dbe   rom_sysbios.aem4f : rom_sysbios.obj (.text:ti_sysbios_family_arm_m3_Hwi_construct2__E)
ti_sysbios_family_arm_m3_Hwi_Params__init__S  $Tramp$TT$L$PI$$ti_sysbios_family_arm_m3_Hwi_Params__init__S
   1002eb49     00004c30     00003d08   dpl_cc26x2.a : HwiP_tirtos.oem4f (.text:HwiP_construct)
ti_sysbios_knl_Clock_create  $Tramp$TT$L$PI$$ti_sysbios_knl_Clock_create
   1002db25     00004c38     00003be0   dpl_cc26x2.a : ClockP_tirtos.oem4f (.text:ClockP_create)
ti_sysbios_knl_Clock_construct  $Tramp$TT$L$PI$$ti_sysbios_knl_Clock_construct
   1002dd8d     00004c40     00003ba2   dpl_cc26x2.a : ClockP_tirtos.oem4f (.text:ClockP_construct)
ti_sysbios_knl_Clock_Params__init__S  $Tramp$TT$L$PI$$ti_sysbios_knl_Clock_Params__init__S
   1002eb9d     00004c48     00003b88   dpl_cc26x2.a : ClockP_tirtos.oem4f (.text:ClockP_construct)
                             00003bc6                : ClockP_tirtos.oem4f (.text:ClockP_create)
ti_sysbios_knl_Swi_Params__init__S  $Tramp$TT$L$PI$$ti_sysbios_knl_Swi_Params__init__S
   1002ebf1     00004c50     0000379a   dpl_cc26x2.a : SwiP_tirtos.oem4f (.text:SwiP_construct)
ti_sysbios_heaps_HeapMem_Module_GateProxy_leave__E  $Tramp$TT$L$PI$$ti_sysbios_heaps_HeapMem_Module_GateProxy_leave__E
   1002ecaf     00004c58     000036ea   rom_sysbios.aem4f : rom_sysbios.obj (.text:ti_sysbios_heaps_HeapMem_alloc__E)
ti_sysbios_heaps_HeapMem_Module_GateProxy_enter__E  $Tramp$TT$L$PI$$ti_sysbios_heaps_HeapMem_Module_GateProxy_enter__E
   1002ecab     00004c60     000036d4   rom_sysbios.aem4f : rom_sysbios.obj (.text:ti_sysbios_heaps_HeapMem_alloc__E)
xdc_runtime_System_exit__E  $Tramp$TT$L$PI$$xdc_runtime_System_exit__E
   1002f7b1     00004c68     00003654   boot.aem4f : boot.oem4f (.text)
                             000048ca   release_pem4f.oem4f (.text:ti_sysbios_BIOS_exitFunc__I)
ti_sysbios_heaps_HeapMem_restore__E  $Tramp$TT$L$PI$$ti_sysbios_heaps_HeapMem_restore__E
   1002eb13     00004c70     00003548   rom_sysbios.aem4f : rom_sysbios.obj (.text:ti_sysbios_heaps_HeapMem_initPrimary__I)
ti_sysbios_heaps_HeapMem_Object__get__S  $Tramp$TT$L$PI$$ti_sysbios_heaps_HeapMem_Object__get__S
   1002e275     00004c78     00003518   rom_sysbios.aem4f : rom_sysbios.obj (.text:ti_sysbios_heaps_HeapMem_initPrimary__I)
ti_sysbios_BIOS_start__E  $Tramp$TT$L$PI$$ti_sysbios_BIOS_start__E
   1002eaa5     00004c80     000033da   main_tirtos.obj (.text:main)
xdc_runtime_Error_raiseX__E  $Tramp$TT$L$PI$$xdc_runtime_Error_raiseX__E
   1002f739     00004c88     00002bf2   rom_sysbios.aem4f : rom_sysbios.obj (.text:ti_sysbios_family_arm_m3_Hwi_excHandlerMin__I)
                             00003704                     : rom_sysbios.obj (.text:ti_sysbios_heaps_HeapMem_alloc__E)
ti_sysbios_BIOS_setThreadType__E  $Tramp$TT$L$PI$$ti_sysbios_BIOS_setThreadType__E
   1002ea11     00004c90     00002bb2   rom_sysbios.aem4f : rom_sysbios.obj (.text:ti_sysbios_family_arm_m3_Hwi_excHandlerMin__I)
                             00004060   release_pem4f.oem4f (.text:ti_sysbios_BIOS_atExitFunc__I)
                             000048c4   release_pem4f.oem4f (.text:ti_sysbios_BIOS_exitFunc__I)
ti_sysbios_family_arm_m3_Hwi_excFillContext__I  $Tramp$TT$L$PI$$ti_sysbios_family_arm_m3_Hwi_excFillContext__I
   1002bda9     00004c98     00002bac   rom_sysbios.aem4f : rom_sysbios.obj (.text:ti_sysbios_family_arm_m3_Hwi_excHandlerMin__I)
ti_sysbios_knl_Semaphore_post__E  $Tramp$TT$L$PI$$ti_sysbios_knl_Semaphore_post__E
   1002cd21     00004ca0     0000284e   rom_sysbios.aem4f : rom_sysbios.obj (.text:_pthread_removeThreadKeys)
                             0000369c                     : rom_sysbios.obj (.text:pthread_exit)
                             00003c42   empty.obj (.text:bntConfigCallback)
                             00004b32   dpl_cc26x2.a : SemaphoreP_tirtos.oem4f (.text:SemaphoreP_post)
xdc_runtime_Memory_free__E  $Tramp$TT$L$PI$$xdc_runtime_Memory_free__E
   1002f81d     00004ca8     00002844   rom_sysbios.aem4f : rom_sysbios.obj (.text:_pthread_removeThreadKeys)
                             000041ec                     : rom_sysbios.obj (.text:_pthread_delete$45)
                             00004798   release_pem4f.oem4f (.text:free)
ti_sysbios_knl_Queue_next__E  $Tramp$TT$L$PI$$ti_sysbios_knl_Queue_next__E
   1002ecd7     00004cb0     0000281e   rom_sysbios.aem4f : rom_sysbios.obj (.text:_pthread_removeThreadKeys)
ti_sysbios_knl_Queue_head__E  $Tramp$TT$L$PI$$ti_sysbios_knl_Queue_head__E
   1002ecd3     00004cb8     0000280a   rom_sysbios.aem4f : rom_sysbios.obj (.text:_pthread_removeThreadKeys)
ti_sysbios_knl_Task_restore__E  $Tramp$TT$L$PI$$ti_sysbios_knl_Task_restore__E
   1002df45     00004cc0     000023d6   rom_sysbios.aem4f : rom_sysbios.obj (.text:ti_sysbios_knl_Task_setPri__E)
                             000027f8                     : rom_sysbios.obj (.text:_pthread_removeThreadKeys)
                             00002858                     : rom_sysbios.obj (.text:_pthread_removeThreadKeys)
                             000036ae                     : rom_sysbios.obj (.text:pthread_exit)
                             00004464                     : rom_sysbios.obj (.text:_pthread_cleanupFxn)
                             000046ee   dpl_cc26x2.a : PowerCC26X2_tirtos.oem4f (.text:PowerCC26XX_schedulerRestore)
ti_sysbios_knl_Queue_enqueue__E  $Tramp$TT$L$PI$$ti_sysbios_knl_Queue_enqueue__E
   1002ebd9     00004cc8     000023a8   rom_sysbios.aem4f : rom_sysbios.obj (.text:ti_sysbios_knl_Task_setPri__E)
ti_sysbios_knl_Queue_empty__E  $Tramp$TT$L$PI$$ti_sysbios_knl_Queue_empty__E
   1002eb21     00004cd0     00002390   rom_sysbios.aem4f : rom_sysbios.obj (.text:ti_sysbios_knl_Task_setPri__E)
                             000027f0                     : rom_sysbios.obj (.text:_pthread_removeThreadKeys)
ti_sysbios_knl_Queue_remove__E  $Tramp$TT$L$PI$$ti_sysbios_knl_Queue_remove__E
   1002eb2f     00004cd8     0000238a   rom_sysbios.aem4f : rom_sysbios.obj (.text:ti_sysbios_knl_Task_setPri__E)
                             00002826                     : rom_sysbios.obj (.text:_pthread_removeThreadKeys)
                             0000282c                     : rom_sysbios.obj (.text:_pthread_removeThreadKeys)
ti_sysbios_knl_Task_disable__E  $Tramp$TT$L$PI$$ti_sysbios_knl_Task_disable__E
   1002ea4d     00004ce0     00002350   rom_sysbios.aem4f : rom_sysbios.obj (.text:ti_sysbios_knl_Task_setPri__E)
                             000027e6                     : rom_sysbios.obj (.text:_pthread_removeThreadKeys)
                             000036a2                     : rom_sysbios.obj (.text:pthread_exit)
                             0000405a   release_pem4f.oem4f (.text:ti_sysbios_BIOS_atExitFunc__I)
                             00004456   rom_sysbios.aem4f : rom_sysbios.obj (.text:_pthread_cleanupFxn)
                             000046c6   dpl_cc26x2.a : PowerCC26X2_tirtos.oem4f (.text:PowerCC26XX_schedulerDisable)
ti_sysbios_knl_Clock_stop__E  $Tramp$TT$L$PI$$ti_sysbios_knl_Clock_stop__E
   1002e2c5     00004ce8     00001df6   dpl_cc26x2.a : PowerCC26X2_tirtos.oem4f (.text:PowerCC26XX_standbyPolicy)
                             00004b22                : ClockP_tirtos.oem4f (.text:ClockP_stop)
ti_sysbios_knl_Clock_start__E  $Tramp$TT$L$PI$$ti_sysbios_knl_Clock_start__E
   1002e9e7     00004cf0     00001de2   dpl_cc26x2.a : PowerCC26X2_tirtos.oem4f (.text:PowerCC26XX_standbyPolicy)
                             00004b1e                : ClockP_tirtos.oem4f (.text:ClockP_start)
ti_sysbios_knl_Clock_setTimeout__E  $Tramp$TT$L$PI$$ti_sysbios_knl_Clock_setTimeout__E
   1002ecc3     00004cf8     00001ddc   dpl_cc26x2.a : PowerCC26X2_tirtos.oem4f (.text:PowerCC26XX_standbyPolicy)
                             00004b1a                : ClockP_tirtos.oem4f (.text:ClockP_setTimeout)
ti_sysbios_knl_Task_create  $Tramp$TT$L$PI$$ti_sysbios_knl_Task_create
   1002d529     00004d00     00001c6e   rom_sysbios.aem4f : rom_sysbios.obj (.text:pthread_create)
ti_sysbios_knl_Semaphore_Params__init__S  $Tramp$TT$L$PI$$ti_sysbios_knl_Semaphore_Params__init__S
   1002ebe5     00004d08     00001c52   rom_sysbios.aem4f : rom_sysbios.obj (.text:pthread_create)
                             00004184   dpl_cc26x2.a : SemaphoreP_tirtos.oem4f (.text:SemaphoreP_constructBinary)
                             000041b0                : SemaphoreP_tirtos.oem4f (.text:SemaphoreP_createBinary)
                             0000489e   empty.obj (.text:_ZN30_INTERNAL_9_empty_cpp_66d1c67536ti_sysbios_knl_Semaphore_Params_initEP31ti_sysbios_knl_Semaphore_Params)
ti_sysbios_knl_Queue_construct  $Tramp$TT$L$PI$$ti_sysbios_knl_Queue_construct
   1002dee5     00004d10     00001c46   rom_sysbios.aem4f : rom_sysbios.obj (.text:pthread_create)
xdc_runtime_Memory_alloc__E  $Tramp$TT$L$PI$$xdc_runtime_Memory_alloc__E
   1002f289     00004d18     00001bee   rom_sysbios.aem4f : rom_sysbios.obj (.text:pthread_create)
                             00004130   release_pem4f.oem4f (.text:ti_sysbios_rts_MemAlloc_alloc)
ti_sysbios_knl_Task_Params__init__S  $Tramp$TT$L$PI$$ti_sysbios_knl_Task_Params__init__S
   1002ec09     00004d20     00001bda   rom_sysbios.aem4f : rom_sysbios.obj (.text:pthread_create)
ti_sysbios_family_arm_m3_Hwi_restoreFxn__E  $Tramp$TT$L$PI$$ti_sysbios_family_arm_m3_Hwi_restoreFxn__E
   1002ec47     00004d28     00001386   drivers_cc26x2.a : I2C.oem4f (.text:I2C_transferTimeout)
                             0000140a                    : I2C.oem4f (.text:I2C_transferTimeout)
                             00001418                    : I2C.oem4f (.text:I2C_transferTimeout)
                             00001486                    : I2C.oem4f (.text:I2C_transferTimeout)
                             00001646                    : PINCC26XX.oem4f (.text:PINCC26XX_setIoCfg)
                             0000168c                    : PINCC26XX.oem4f (.text:PINCC26XX_setIoCfg)
                             00001736                    : GPIOCC26XX.oem4f (.text:GPIO_setConfig)
                             00001766                    : GPIOCC26XX.oem4f (.text:GPIO_setConfig)
                             000017fe                    : I2CCC26XX.oem4f (.text:I2C_open)
                             0000180e                    : I2CCC26XX.oem4f (.text:I2C_open)
                             0000182c                    : I2CCC26XX.oem4f (.text:I2C_open)
                             00001e72                    : GPIOCC26XX.oem4f (.text:GPIO_init)
                             00001e78                    : GPIOCC26XX.oem4f (.text:GPIO_init)
                             00001fbc                    : PowerCC26X2.oem4f (.text:Power_releaseDependency)
                             00002132                    : PowerCC26X2.oem4f (.text:Power_setDependency)
                             0000343a                    : GPIOCC26XX.oem4f (.text:GPIO_write)
                             000035e2                    : PowerCC26X2_calibrateRCOSC.oem4f (.text:PowerCC26X2_initiateCalibration)
                             000037fe                    : GPIOCC26XX.oem4f (.text:GPIO_enableInt)
                             000039f2                    : PowerCC26X2.oem4f (.text:switchXOSCHF)
                             00003a4c                    : GPIOCC26XX.oem4f (.text:GPIO_disableInt)
                             00004018                    : PowerCC26X2.oem4f (.text:Power_releaseConstraint)
                             00004048                    : PowerCC26X2.oem4f (.text:Power_setConstraint)
                             000043b8                    : I2C.oem4f (.text:I2C_cancel)
                             000043de                    : List.oem4f (.text:List_put)
ti_sysbios_knl_Clock_getTicks__E  $Tramp$TT$L$PI$$ti_sysbios_knl_Clock_getTicks__E
   1002dc11     00004d30     00000d12   drivers_cc26x2.a : Button.oem4f (.text:Button_clockTimeoutHandler)
                             0000494c                    : Button.oem4f (.text:timediff)
xdc_runtime_System_doPrint__I  $Tramp$TT$L$PI$$xdc_runtime_System_doPrint__I
   1002ecf1     00004d38     00000b56   release_pem4f.oem4f (.text:xdc_runtime_System_printfExtend__I)
ti_sysbios_knl_Semaphore_pend__E  $Tramp$TT$L$PI$$ti_sysbios_knl_Semaphore_pend__E
   1002bfb1     00004d40     0000012a   empty.obj (.text:mainThread)
                             00002804   rom_sysbios.aem4f : rom_sysbios.obj (.text:_pthread_removeThreadKeys)
                             0000495e   dpl_cc26x2.a : SemaphoreP_tirtos.oem4f (.text:SemaphoreP_pend)
ti_sysbios_knl_Semaphore_construct  $Tramp$TT$L$PI$$ti_sysbios_knl_Semaphore_construct
   1002ddc1     00004d48     0000005e   empty.obj (.text:mainThread)
                             00001c64   rom_sysbios.aem4f : rom_sysbios.obj (.text:pthread_create)
                             00004194   dpl_cc26x2.a : SemaphoreP_tirtos.oem4f (.text:SemaphoreP_constructBinary)

[62 trampolines]
[124 trampoline calls]


GLOBAL SYMBOLS: SORTED ALPHABETICALLY BY Name 

address   name                                                                       
-------   ----                                                                       
00005387  BTN_1_CONST                                                                
00005288  BoardGpioInitTable                                                         
00004551  Board_init                                                                 
00000657  Board_initHook                                                             
00002b0d  Board_sendExtFlashByte                                                     
00003b2d  Board_shutDownExtFlash                                                     
00003815  Board_wakeUpExtFlash                                                       
2000462c  ButtonObjects                                                              
00004981  Button_Params_init                                                         
0000534c  Button_config                                                              
0000538b  Button_count                                                               
000052d8  Button_defaultParams                                                       
000031f5  Button_gpioCallbackFxn                                                     
00001e59  Button_init                                                                
00001ca9  Button_open                                                                
0000538a  CONFIG_BUTTON_0_CONST                                                      
00005386  CONFIG_GPIO_LED_0_CONST                                                    
00004ad1  ClockP_Params_init                                                         
00003b6d  ClockP_construct                                                           
00003bad  ClockP_create                                                              
00004b17  ClockP_getCpuFreq                                                          
00004a1d  ClockP_getSystemTickPeriod                                                 
1002dc11  ClockP_getSystemTicks                                                      
00004b1b  ClockP_setTimeout                                                          
00004b1f  ClockP_start                                                               
00004b23  ClockP_stop                                                                
0000529c  GPIOCC26XX_config                                                          
00003a1d  GPIO_disableInt                                                            
000037c5  GPIO_enableInt                                                             
00004991  GPIO_getConfig                                                             
00003f65  GPIO_hwiIntFxn                                                             
00001e59  GPIO_init                                                                  
000042f9  GPIO_read                                                                  
00003f95  GPIO_setCallback                                                           
000016c5  GPIO_setConfig                                                             
000033e9  GPIO_write                                                                 
00004000  HEAPSIZE                                                                   
000049a1  HwiP_Params_init                                                           
00003ced  HwiP_construct                                                             
00004b27  HwiP_disable                                                               
00004b2b  HwiP_disableInterrupt                                                      
00004b2f  HwiP_enableInterrupt                                                       
1002ec47  HwiP_restore                                                               
000048d1  I2CSupport_masterFinish                                                    
00004af5  I2CSupport_powerRelConstraint                                              
00004afb  I2CSupport_powerSetConstraint                                              
000026d1  I2CSupport_primeTransfer                                                   
000049c1  I2C_Params_init                                                            
00004399  I2C_cancel                                                                 
00005354  I2C_config                                                                 
00005389  I2C_count                                                                  
000052e8  I2C_defaultParams                                                          
00000e1b  I2C_init                                                                   
000017d5  I2C_open                                                                   
000048e5  I2C_transfer                                                               
0000136f  I2C_transferTimeout                                                        
UNDEFED   ITM_flush                                                                  
UNDEFED   ITM_restore                                                                
000043bf  List_put                                                                   
00003efd  NOROM_AUXSYSIFOpModeChange                                                 
00004a29  NOROM_CPUcpsid                                                             
00004a35  NOROM_CPUcpsie                                                             
00004b01  NOROM_CPUdelay                                                             
0000468d  NOROM_ChipInfo_GetChipFamily                                               
000030b9  NOROM_ChipInfo_GetChipType                                                 
00003a61  NOROM_ChipInfo_GetHwRevision                                               
000047a1  NOROM_ChipInfo_GetPackageType                                              
00002759  NOROM_OSCHF_AttemptToSwitchToXosc                                          
00003125  NOROM_OSCHF_SwitchToRcOscTurnOffXosc                                       
00004431  NOROM_OSCHF_TurnOnXosc                                                     
00003bed  NOROM_OSC_HPOSCRelativeFrequencyOffsetGet                                  
0000371d  NOROM_PRCMPowerDomainsAllOff                                               
00003861  NOROM_PRCMPowerDomainsAllOn                                                
00002485  NOROM_SetupTrimDevice                                                      
00003f31  NOROM_SysCtrlIdle                                                          
00002c15  NOROM_SysCtrlSetRechargeBeforePowerDown                                    
000019e1  NOROM_SysCtrlStandby                                                       
00004879  NOROM_ThisLibraryIsFor_CC13x2_CC26x2_HwRev20AndLater_HaltIfViolated        
[...]
1002ec09  ti_sysbios_knl_Task_Params__init__S                                        
1002ec15  ti_sysbios_hal_Hwi_Instance_finalize__E                                    
1002ec1f  ti_sysbios_knl_Event_Instance_init__E                                      
1002ec29  ti_sysbios_family_arm_m3_Hwi_doSwiRestore__I                               
1002ec31  ti_sysbios_family_arm_m3_Hwi_startup__E                                    
1002ec31  ti_sysbios_hal_Hwi_HwiProxy_startup__E                                     
1002ec31  ti_sysbios_hal_Hwi_HwiProxy_startup__E                                     
1002ec31  ti_sysbios_hal_Hwi_startup__E                                              
1002ec31  ti_sysbios_hal_Hwi_startup__E                                              
1002ec39  ti_sysbios_knl_Idle_loop__E                                                
1002ec41  ti_sysbios_family_arm_m3_Hwi_doTaskRestore__I                              
1002ec47  HwiP_restore                                                               
1002ec47  ti_sysbios_family_arm_m3_Hwi_restoreFxn__E                                 
1002ec4d  ti_sysbios_gates_GateHwi_leave__E                                          
1002ec53  ti_sysbios_gates_GateMutex_Instance_finalize__E                            
1002ec59  ti_sysbios_heaps_HeapMem_isBlocking__E                                     
1002ec5f  ti_sysbios_knl_Queue_Instance_init__E                                      
1002ec65  ti_sysbios_knl_Queue_elemClear__E                                          
1002ec6b  ti_sysbios_knl_Swi_startup__E                                              
1002ec71  ti_sysbios_knl_Task_enable__E                                              
1002ec77  ti_sysbios_BIOS_RtsGateProxy_enter__E                                      
1002ec7b  ti_sysbios_BIOS_RtsGateProxy_leave__E                                      
1002ec7f  ti_sysbios_family_arm_cc26xx_Timer_getExpiredTicks__E                      
1002ec83  ti_sysbios_family_arm_cc26xx_Timer_getPeriod__E                            
1002ec87  ti_sysbios_family_arm_cc26xx_Timer_setPeriod__E                            
1002ec8b  ti_sysbios_family_arm_m3_Hwi_delete                                        
1002ec8f  ti_sysbios_family_arm_m3_TaskSupport_Module__startupDone__S                
1002ec8f  ti_sysbios_knl_Task_SupportProxy_Module__startupDone__S                    
1002ec93  ti_sysbios_gates_GateHwi_query__E                                          
1002ec93  xdc_runtime_Main_Module_GateProxy_query__E                                 
1002ec93  xdc_runtime_System_Module_GateProxy_query__E                               
1002ec93  xdc_runtime_System_Module_GateProxy_query__E                               
1002ec97  ti_sysbios_gates_GateMutex_delete                                          
1002ec9b  ti_sysbios_BIOS_RtsGateProxy_query__E                                      
1002ec9b  ti_sysbios_BIOS_RtsGateProxy_query__E                                      
1002ec9b  ti_sysbios_gates_GateMutex_query__E                                        
1002ec9b  ti_sysbios_heaps_HeapMem_Module_GateProxy_query__E                         
1002ec9b  ti_sysbios_heaps_HeapMem_Module_GateProxy_query__E                         
1002ec9f  ti_sysbios_hal_Hwi_HwiProxy_create                                         
1002eca3  ti_sysbios_hal_Hwi_HwiProxy_delete                                         
1002eca7  ti_sysbios_hal_Hwi_delete                                                  
1002ecab  ti_sysbios_heaps_HeapMem_Module_GateProxy_enter__E                         
1002ecaf  ti_sysbios_heaps_HeapMem_Module_GateProxy_leave__E                         
1002ecb3  ti_sysbios_knl_Clock_TimerProxy_getExpiredTicks__E                         
1002ecb7  ti_sysbios_knl_Clock_TimerProxy_getPeriod__E                               
1002ecbb  ti_sysbios_knl_Clock_delete                                                
1002ecbf  ti_sysbios_knl_Clock_removeI__E                                            
1002ecc3  ti_sysbios_knl_Clock_setTimeout__E                                         
1002ecc7  ti_sysbios_knl_Event_delete                                                
1002eccb  ti_sysbios_knl_Mailbox_delete                                              
1002eccf  ti_sysbios_knl_Queue_delete                                                
1002ecd3  ti_sysbios_knl_Queue_head__E                                               
1002ecd7  ti_sysbios_knl_Queue_next__E                                               
1002ecdb  ti_sysbios_knl_Semaphore_delete                                            
1002ecdf  ti_sysbios_knl_Swi_delete                                                  
1002ece3  ti_sysbios_knl_Swi_postInit__I                                             
1002ece7  ti_sysbios_knl_Task_delete                                                 
1002eceb  ti_sysbios_knl_Task_startup__E                                             
1002ecf1  xdc_runtime_System_doPrint__I                                              
1002f055  xdc_runtime_Startup_startMods__I                                           
1002f15d  xdc_runtime_Text_putSite__E                                                
1002f1f7  xdc_runtime_Error_policySpin__E                                            
1002f1f9  xdc_runtime_Text_putMod__E                                                 
1002f289  xdc_runtime_Memory_alloc__E                                                
1002f2f9  xdc_runtime_Core_createObject__I                                           
1002f367  xdc_runtime_Core_deleteObject__I                                           
1002f3c5  xdc_runtime_Text_putLab__E                                                 
1002f421  xdc_runtime_Assert_raise__I                                                
1002f475  xdc_runtime_Startup_exec__E                                                
1002f4c9  xdc_runtime_Core_assignParams__I                                           
1002f511  xdc_runtime_Core_constructObject__I                                        
1002f559  xdc_runtime_System_atexit__E                                               
1002f5a1  xdc_runtime_Text_xprintf__I                                                
1002f5e5  xdc_runtime_System_processAtExit__E                                        
1002f625  xdc_runtime_System_putchar__I                                              
1002f659  xdc_runtime_Core_assignLabel__I                                            
1002f689  xdc_runtime_Text_printVisFxn__I                                            
1002f6b9  xdc_runtime_System_vprintf__E                                              
1002f6e5  xdc_runtime_Text_cordText__E                                               
1002f711  xdc_runtime_System_abort__E                                                
1002f739  xdc_runtime_Error_raiseX__E                                                
1002f759  xdc_runtime_Registry_findById__E                                           
1002f779  xdc_runtime_Error_check__E                                                 
1002f795  xdc_runtime_Memory_valloc__E                                               
1002f7b1  xdc_runtime_System_exit__E                                                 
1002f7cd  xdc_runtime_Text_ropeText__E                                               
1002f7e9  xdc_runtime_System_printf__E                                               
1002f803  xdc_runtime_Core_destructObject__I                                         
1002f81b  xdc_runtime_System_abortSpin__E                                            
1002f81d  xdc_runtime_Memory_free__E                                                 
1002f831  xdc_runtime_Memory_getStats__E                                             
1002f845  xdc_runtime_SysCallback_abort__E                                           
1002f845  xdc_runtime_System_SupportProxy_abort__E                                   
1002f859  xdc_runtime_SysCallback_exit__E                                            
1002f859  xdc_runtime_System_SupportProxy_exit__E                                    
1002f86d  xdc_runtime_SysCallback_flush__E                                           
1002f86d  xdc_runtime_System_SupportProxy_flush__E                                   
1002f86d  xdc_runtime_System_flush__E                                                
1002f881  xdc_runtime_SysCallback_putch__E                                           
1002f881  xdc_runtime_System_SupportProxy_putch__E                                   
1002f895  xdc_runtime_SysCallback_ready__E                                           
1002f895  xdc_runtime_System_SupportProxy_ready__E                                   
1002f8a9  xdc_runtime_Memory_getMaxDefaultTypeAlign__E                               
1002f8b9  xdc_runtime_System_vsnprintf__E                                            
1002f8c9  xdc_runtime_Timestamp_SupportProxy_get32__E                                
1002f8c9  xdc_runtime_Timestamp_SupportProxy_get32__E                                
1002f8c9  xdc_runtime_Timestamp_get32__E                                             
1002f8c9  xdc_runtime_Timestamp_get32__E                                             
1002f8d9  xdc_runtime_Memory_calloc__E                                               
1002f8e5  xdc_runtime_Startup_rtsDone__E                                             
1002f8f1  xdc_runtime_Memory_HeapProxy_alloc__E                                      
1002f8fb  xdc_runtime_Memory_HeapProxy_free__E                                       
1002f905  xdc_runtime_Memory_HeapProxy_getStats__E                                   
1002f90f  xdc_runtime_Gate_leaveSystem__E                                            
1002f915  xdc_runtime_System_Module_startup__E                                       
1002f91b  xdc_runtime_Gate_enterSystem__E                                            
1002f91f  xdc_runtime_SysCallback_Module__startupDone__S                             
1002f91f  xdc_runtime_System_SupportProxy_Module__startupDone__S                     
1002f923  xdc_runtime_System_Module_GateProxy_enter__E                               
1002f927  xdc_runtime_System_Module_GateProxy_leave__E                               
1002f92b  xdc_runtime_System_printf_va__F                                            
1002f92f  xdc_runtime_System_exitSpin__E                                             
1002f931  ti_sysbios_family_arm_m3_Hwi_dispatch__I                                   
1002fa11  ti_sysbios_family_arm_m3_Hwi_interruptsAreDisabledButShouldNotBe           
1002fa2d  ti_sysbios_family_arm_m3_TaskSupport_buildTaskStack                        
1002fab9  ti_sysbios_family_arm_m3_Hwi_initStacks__E                                 
1002fb11  ti_sysbios_family_arm_m3_Hwi_pendSV__I                                     
1002fb35  ti_sysbios_family_arm_m3_Hwi_return                                        
1002fb39  ti_sysbios_family_arm_m3_Hwi_excHandlerAsm__I                              
1002fb59  ti_sysbios_family_xxx_Hwi_switchAndRunFunc                                 
1002fb77  ti_sysbios_family_arm_m3_TaskSupport_swap__E                               
1002fb77  ti_sysbios_knl_Task_SupportProxy_swap__E                                   
1002fb77  ti_sysbios_knl_Task_SupportProxy_swap__E                                   
1002fb83  ti_sysbios_knl_Task_swapReturn                                             
1002fb8f  ti_sysbios_family_arm_m3_TaskSupport_glue                                  
1002fba0  ti_sysbios_knl_Task_Object__PARAMS__C                                      
1002fbdc  ti_sysbios_knl_Mailbox_Object__PARAMS__C                                   
1002fc10  ti_sysbios_family_arm_m3_Hwi_Object__PARAMS__C                             
1002fc40  ti_sysbios_hal_Hwi_Object__PARAMS__C                                       
1002fc6c  ti_sysbios_knl_Swi_Object__PARAMS__C                                       
1002fc94  ti_sysbios_heaps_HeapMem_Object__PARAMS__C                                 
1002fcb8  ti_sysbios_knl_Clock_Object__PARAMS__C                                     
1002fcdc  ti_sysbios_knl_Semaphore_Object__PARAMS__C                                 
1002fd00  ti_sysbios_gates_GateHwi_Object__PARAMS__C                                 
1002fd18  ti_sysbios_gates_GateMutex_Object__PARAMS__C                               
1002fd30  ti_sysbios_knl_Event_Object__PARAMS__C                                     
1002fd48  ti_sysbios_knl_Queue_Object__PARAMS__C                                     
1002fd80  ti_sysbios_heaps_HeapTrack_Object__PARAMS__C                               
1002fd9c  ti_sysbios_heaps_HeapTrack_Instance_State_trackQueue__O                    
1002fda0  ti_sysbios_heaps_HeapTrack_Module__diagsEnabled__C                         
1002fda4  ti_sysbios_heaps_HeapTrack_Module__diagsIncluded__C                        
1002fda8  ti_sysbios_heaps_HeapTrack_Module__diagsMask__C                            
1002fddb  strlen                                                                     
20000000  __start___llvm_prf_cnts                                                    
20000000  __stop___llvm_prf_cnts                                                     
20000000  ti_sysbios_family_arm_m3_Hwi_ramVectors                                    
20000100  xdcRomConstPtr                                                             
20000104  xdcRomExternFuncPtr                                                        
20000108  xdcRomStatePtr                                                             
20000110  __primary_heap_start__                                                     
20004110  __primary_heap_end__                                                       
20004110  ti_sysbios_knl_Task_Instance_State_0_stack__A                              
20004310  i2cCC26xxObjects                                                           
20004454  ti_sysbios_family_arm_m3_Hwi_dispatchTable                                 
2000452c  pinHandleTable                                                             
2000462c  ButtonObjects                                                              
200046b0  semStruct                                                                  
200046e8  PowerCC26XX_swiKey                                                         
200046ec  PowerCC26XX_taskKey                                                        
200046f0  semHandle                                                                  
200046f4  driverlib_release_0_59848                                                  
200046f8  PowerCC26X2_module                                                         
20004868  ROM_stateStruct                                                            
20004868  ti_sysbios_knl_Clock_Module__state__V                                      
20004894  ti_sysbios_family_arm_cc26xx_TimestampProvider_Module__state__V            
20004898  xdc_runtime_Startup_Module__state__V                                       
200048a0  xdc_runtime_Registry_Module__state__V                                      
200048a8  ti_sysbios_BIOS_Module__state__V                                           
200048cc  ti_sysbios_knl_Swi_Module__state__V                                        
200048e8  ti_sysbios_knl_Task_Module__state__V                                       
2000492c  xdc_runtime_Memory_Module__state__V                                        
20004930  xdc_runtime_System_Module__state__V                                        
20004938  ti_sysbios_family_arm_m3_Hwi_Module__state__V                              
2000496c  ti_sysbios_family_arm_cc26xx_Timer_Module__state__V                        
200049fc  ti_sysbios_gates_GateMutex_Object__table__V                                
20004a50  ti_sysbios_knl_Task_Object__table__V                                       
20004aa0  ti_sysbios_family_arm_cc26xx_Timer_Object__table__V                        
20004ae8  ti_sysbios_knl_Swi_Module_State_0_readyQ__A                                
20004b18  ti_sysbios_knl_Swi_Object__table__V                                        
20004b48  ti_sysbios_knl_Task_Module_State_0_readyQ__A                               
20004b78  _hposcCoeffs                                                               
20004b9c  ti_sysbios_knl_Clock_Object__table__V                                      
20004bbc  xdc_runtime_Error_IgnoreBlock                                              
20004bdc  ti_sysbios_family_arm_m3_Hwi_Object__table__V                              
20004bf4  ti_sysbios_heaps_HeapMem_Object__table__V                                  
20004c0c  _lock                                                                      
20004c10  _unlock                                                                    
20004c14  pinUpperBound                                                              
20004c18  pinLowerBound                                                              
20004c1c  gpioCallbackFunctions                                                      
20004c24  gpioPinConfigs                                                             
20004c2c  ti_sysbios_family_arm_m3_Hwi_Module__root__V                               
20004c34  ti_sysbios_gates_GateHwi_Module__root__V                                   
20004c3c  ti_sysbios_gates_GateMutex_Module__root__V                                 
20004c44  ti_sysbios_hal_Hwi_Module__root__V                                         
20004c4c  ti_sysbios_heaps_HeapMem_Module__root__V                                   
20004c54  ti_sysbios_knl_Clock_Module__root__V                                       
20004c5c  ti_sysbios_knl_Event_Module__root__V                                       
20004c64  ti_sysbios_knl_Mailbox_Module__root__V                                     
20004c6c  ti_sysbios_knl_Queue_Module__root__V                                       
20004c74  ti_sysbios_knl_Semaphore_Module__root__V                                   
20004c7c  ti_sysbios_knl_Swi_Module__root__V                                         
20004c84  ti_sysbios_knl_Task_Module__root__V                                        
20004c8c  xdc_runtime_System_Module_State_0_atexitHandlers__A                        
20004c9a  ti_sysbios_family_arm_m3_Hwi_Module_State_0_excActive__A                   
20004c9c  main_func_sp                                                               
20004ca0  ti_sysbios_family_arm_m3_Hwi_Module_State_0_excContext__A                  
20004ca4  ti_sysbios_family_arm_m3_Hwi_Module_State_0_excStack__A                    
20004ca8  ti_sysbios_knl_Task_Module_State_0_idleTask__A                             
20013c00  __stack                                                                    
20014000  __STACK_END                                                                
e000e000  ti_sysbios_family_arm_m3_Hwi_nvic                                          
ffffffff  __TI_pprof_out_hndl                                                        
ffffffff  __TI_prof_data_size                                                        
ffffffff  __TI_prof_data_start                                                       
ffffffff  __binit__                                                                  
ffffffff  __c_args__                                                                 
ffffffff  binit                                                                      
UNDEFED   ITM_flush                                                                  
UNDEFED   ITM_restore                                                                
UNDEFED   SHT$$INIT_ARRAY$$Base                                                      
UNDEFED   SHT$$INIT_ARRAY$$Limit                                                     

[883 symbols]
